{"file":"Fabrikage.AutoExecution\\automation\\auto-account-manager.ts","type":"modified","hash":"f84fcaca1d8ec6325fcb4d4d490ac7adaa80240ca9420df37c517f09f377fca9","timestamp":"2025-12-02T21:34:25.054Z"}
{"file":"Fabrikage.AutoExecution\\automation\\auto-automation.ts","type":"modified","hash":"19099d3c1c6bab991752566522909fb10fbbe6ede7b1cc74676655b3f9bbf906","timestamp":"2025-12-02T21:34:25.056Z"}
{"file":"Fabrikage.AutoExecution\\automation\\auto-provisioning.ts","type":"modified","hash":"fd6694360938565fa814910b43610cc46b34ceb5668a7fe8a41766cc292466f4","timestamp":"2025-12-02T21:34:25.057Z"}
{"file":"Fabrikage.AutoExecution\\automation\\project-initializer.ts","type":"modified","hash":"1f70adad60dd20bd37aecf1c19f0306870fe83c6876d9db2cbf8389e0401a3dd","timestamp":"2025-12-02T21:34:25.057Z"}
{"file":"Fabrikage.AutoExecution\\automation\\push-up-updates.ts","type":"modified","hash":"f23dc156434d5ee6abc04bc75c87b623c61197ab2d24b133435f8189891f8b9f","timestamp":"2025-12-02T21:34:25.057Z"}
{"file":"Fabrikage.AutoExecution\\automation\\self-verification.ts","type":"modified","hash":"355e8056623f39f4ca4527d86b4e3ffde4400afedf40630343e066f217251067","timestamp":"2025-12-02T21:34:25.057Z"}
{"file":"Fabrikage.AutoExecution\\bootstrap\\a-start.ts","type":"modified","hash":"27b19d0ddc77a20d11915d2828c13828ffd2912bd6e40fdc39fefa90d3806e9b","timestamp":"2025-12-02T21:34:25.058Z"}
{"file":"Fabrikage.AutoExecution\\bootstrap\\package.json","type":"modified","hash":"e556d24cf33369289831dc3e48a36aefb199eab21409b5e87ca28120d51fb900","timestamp":"2025-12-02T21:34:25.058Z"}
{"file":"Fabrikage.AutoExecution\\build\\auto-build-processor.ts","type":"modified","hash":"6245bc99955a954dd9bc2c98924d628442aab0a5aa58611f58c9d722edce4f29","timestamp":"2025-12-02T21:34:25.058Z"}
{"file":"Fabrikage.AutoExecution\\build\\build-manager.ts","type":"modified","hash":"2107cf87b72c71ca39831f04c4e898ca0b467b167343e066b7894901b80f1711","timestamp":"2025-12-02T21:34:25.059Z"}
{"file":"Fabrikage.AutoExecution\\build\\build-verifier.ts","type":"modified","hash":"bd21b672d452317d20d7b540ca0a06f572e603c331fc23e95cf86cfa32d40d0a","timestamp":"2025-12-02T21:34:25.060Z"}
{"file":"Fabrikage.AutoExecution\\docs\\auto-doc-updater.ts","type":"modified","hash":"d8a465abf49c714f40df16de62f559aba13ce10163cf519a8dde985be41db845","timestamp":"2025-12-02T21:34:25.060Z"}
{"file":"Fabrikage.AutoExecution\\generators\\adapters\\adapter-generator.ts","type":"modified","hash":"f13d9876cbdbb1c3985a0d4de2c7481fbcc94f5582de51f2fcabc7d9b431f12b","timestamp":"2025-12-02T21:34:25.060Z"}
{"file":"Fabrikage.AutoExecution\\generators\\api\\api-generator.ts","type":"modified","hash":"35cea8bee503740a060e2aa9571caa61e0ae9540c54ba0151f1ef0dfc00a5131","timestamp":"2025-12-02T21:34:25.060Z"}
{"file":"Fabrikage.AutoExecution\\generators\\package.json","type":"modified","hash":"9cccb37952878311fb9fda4a667770f672bb6376659629cef3ba016063f0fbd3","timestamp":"2025-12-02T21:34:25.060Z"}
{"file":"Fabrikage.AutoExecution\\generators\\path-announcement-generator.ts","type":"modified","hash":"fc54aaf0b1815ee938ca08fe9fd98f293e4028fce5c1f6a218df8ee59b0580cc","timestamp":"2025-12-02T21:34:25.061Z"}
{"file":"Fabrikage.AutoExecution\\generators\\ui\\ui-generator.ts","type":"modified","hash":"72641570ad712d4c0be3427ddd92bf0e07c98edfc277aa26e58f61a86f896927","timestamp":"2025-12-02T21:34:25.061Z"}
{"file":"Fabrikage.AutoExecution\\manifest.yaml","type":"modified","hash":"00638234c60abc9ae10728075a3d432e8bc656ae5a68fc9f0436f94af23660bd","timestamp":"2025-12-02T21:34:25.061Z"}
{"file":"Fabrikage.AutoExecution\\network\\api-gateway.ts","type":"modified","hash":"924180deb7bc81b9aa4fc88ccf80f0faf56e272a1d8be1667751f0d1e884b892","timestamp":"2025-12-02T21:34:25.062Z"}
{"file":"Fabrikage.AutoExecution\\network\\port-registry.ts","type":"modified","hash":"773e558daec2bc8ed78833597d75b44e21ba8a5c812db083d14093221e05e727","timestamp":"2025-12-02T21:34:25.062Z"}
{"file":"Fabrikage.AutoExecution\\pipelines\\auto-fix-pipeline.yaml","type":"modified","hash":"a1aadd273ef2e3cb626d3c52acfe443366ee98b38d529f22c7fe6aa1fdc041d1","timestamp":"2025-12-02T21:34:25.062Z"}
{"file":"Fabrikage.AutoExecution\\pipelines\\auto-fix.d.ts","type":"modified","hash":"ffd72842aaa48915d33097fbb84ccc182846b7240970ab6c34b1aea345174872","timestamp":"2025-12-02T21:34:25.062Z"}
{"file":"Fabrikage.AutoExecution\\pipelines\\auto-fix.js","type":"modified","hash":"5bdc82e97fc9e3c5843424b4eb7e9e59ebc2940d38e5e71b1975d187a1aae124","timestamp":"2025-12-02T21:34:25.062Z"}
{"file":"Fabrikage.AutoExecution\\pipelines\\fliessband-integration.yaml","type":"modified","hash":"1d185b25dd835c6e0eb31e92d2a906b78249df612306c5b3108dd860177a86b7","timestamp":"2025-12-02T21:34:25.063Z"}
{"file":"Fabrikage.AutoExecution\\routine\\routine-integration-runner.ts","type":"modified","hash":"b85a3e6a1fe656100e14e63311d9ffe8ac8b7b80f0790f72b856e67c686e3a54","timestamp":"2025-12-02T21:34:25.063Z"}
{"file":"Fabrikage.AutoExecution\\routine\\routine-integration.ts","type":"modified","hash":"1a76fcc65609f0b610d9e3c719e14949a715f53682e8bd7e490ad8ff40bd1e6d","timestamp":"2025-12-02T21:34:25.063Z"}
{"file":"Fabrikage.AutoExecution\\routine\\routine-scheduler.ts","type":"modified","hash":"37aa2fb6a7fb843cbe7a498d861edc5ec990e017fe9051fdaa3993a956dc85d8","timestamp":"2025-12-02T21:34:25.063Z"}
{"file":"Fabrikage.AutoExecution\\routine\\routine-update-engine.ts","type":"modified","hash":"7293318e571cce5c596545ea6c25eada46be9ee9c813a3c8f451ea956022edc5","timestamp":"2025-12-02T21:34:25.063Z"}
{"file":"Fabrikage.CoreProtocols\\ethics\\ethics-gates.ts","type":"modified","hash":"c9dee646972609f8ad59290a1e43af2a0251d60d4c2bb6a8de5aafc235548ff7","timestamp":"2025-12-02T21:34:25.064Z"}
{"file":"Fabrikage.CoreProtocols\\manifest.yaml","type":"modified","hash":"23d9dfa4983833abf1518856b0a54beb5d3a0c246375524eaa9d62624cb2193f","timestamp":"2025-12-02T21:34:25.064Z"}
{"file":"Fabrikage.CoreProtocols\\policies\\clean-floor.yaml","type":"modified","hash":"c113bfdb3419f1fdf3559666ea9a5ead55f61d13d588b5ddcd72e097141bd412","timestamp":"2025-12-02T21:34:25.064Z"}
{"file":"Fabrikage.CoreProtocols\\policies\\encoding.yaml","type":"modified","hash":"7f2b845095500323f02120ccc2b78cb0bdc4bbde3be50937d8fcbede93519625","timestamp":"2025-12-02T21:34:25.064Z"}
{"file":"Fabrikage.CoreProtocols\\tools\\encoding-lint.js","type":"modified","hash":"326be80026dfcdd1980c5b07b50d0ac7b09a23799f91d7f9d6b73e5a275acae0","timestamp":"2025-12-02T21:34:25.064Z"}
{"file":"Fabrikage.CoreProtocols\\tools\\status-lint.js","type":"modified","hash":"4bb734d2e44c1075c89fad2e3d014e8db27d7f5d01d0e80a309573618188ac11","timestamp":"2025-12-02T21:34:25.065Z"}
{"file":"Fabrikage.IntelligenceMatrix\\manifest.yaml","type":"modified","hash":"50336f4c2c542c2cc46a3decedec52bf363ae0724053684d941969b01d4691ff","timestamp":"2025-12-02T21:34:25.065Z"}
{"file":"Fabrikage.IntelligenceMatrix\\multi-model-analyzer.ts","type":"modified","hash":"bd1cab4ccdba2f34890a5813714201d64add0f487c3d5d5227047d85944f2405","timestamp":"2025-12-02T21:34:25.065Z"}
{"file":"Fabrikage.IntelligenceMatrix\\predictive\\predictive-avoidance.ts","type":"modified","hash":"0a083f53c000db6a71c3d70dfcd8db31b3e390c1385c25e321e71e856d4e4c64","timestamp":"2025-12-02T21:34:25.065Z"}
{"file":"Fabrikage.IntelligenceMatrix\\prompt-db\\prompt-database.json","type":"modified","hash":"f2fc40860faa095ea737de6dcf1d021dacd12d02a0996798af6a569dd5834ede","timestamp":"2025-12-02T21:34:25.067Z"}
{"file":"Fabrikage.IntelligenceMatrix\\self-healing\\feature-flags.ts","type":"modified","hash":"318c341283abbff6c5043437d443915a50cd27aae2e5873f861ec03f34e1091c","timestamp":"2025-12-02T21:34:25.067Z"}
{"file":"Fabrikage.IntelligenceMatrix\\self-healing\\kill-switches.ts","type":"modified","hash":"cd79f3e3223db263b635d67dd8207683c1c8b41ca64d4731968cf464d1664774","timestamp":"2025-12-02T21:34:25.068Z"}
{"file":"Fabrikage.ProvenanceLedger\\manifest.yaml","type":"modified","hash":"8b29dded603b1e02533433b29ddd4bf2cd43161dcb4181ee9e5a1dc8cd9288fb","timestamp":"2025-12-02T21:34:25.068Z"}
{"file":"Fabrikage.ProvenanceLedger\\registry\\artifact-registry-extended.json","type":"modified","hash":"cccf302022b1a646cdc266d743a57aa515a43ec8c08fdb1e5c8c7cc9e35df068","timestamp":"2025-12-02T21:34:25.068Z"}
{"file":"Fabrikage.ProvenanceLedger\\registry\\artifact-registry.json","type":"modified","hash":"0cacd8dd90a3f067cc905ae1de3df4621b6b48ea7e6945bc125d172ca4a711af","timestamp":"2025-12-02T21:34:25.068Z"}
{"file":"Fabrikage.ProvenanceLedger\\registry\\path-announcer.ts","type":"modified","hash":"310e17eff6bea81f6dc579f3e8b695078f9aff3cbd06d14fb302c71776aff34e","timestamp":"2025-12-02T21:34:25.068Z"}
{"file":"Fabrikage.ProvenanceLedger\\registry\\registry-manager.ts","type":"modified","hash":"6e49cd48e3aed2fdfc420c5eaf9d4cfbc80bc8414940515866e6a99b82985960","timestamp":"2025-12-02T21:34:25.069Z"}
{"file":"Fabrikage.ObservabilityAtlas\\console\\ai-fixer.ts","type":"modified","hash":"1d20df8d1200788bb4189245a465078f7084bef3e6af38d6fbaea1cb8f97f583","timestamp":"2025-12-02T21:34:25.069Z"}
{"file":"Fabrikage.ObservabilityAtlas\\console\\audit-layer.ts","type":"modified","hash":"89fed11a99c80087064f1bdb3d0d46f36b72c7358b53bff28456930b851547d4","timestamp":"2025-12-02T21:34:25.069Z"}
{"file":"Fabrikage.ObservabilityAtlas\\console\\bypass-integration.ts","type":"modified","hash":"72adb66dbe2671583511ae26675339eb531d58d803b2bb1faefe2de51312f342","timestamp":"2025-12-02T21:34:25.070Z"}
{"file":"Fabrikage.ObservabilityAtlas\\console\\console-bypass-manifest.yaml","type":"modified","hash":"36cf732ff7dc1e489f77c9d4411df0c3e9073f586e97b140c57542272994e847","timestamp":"2025-12-02T21:34:25.070Z"}
{"file":"Fabrikage.ObservabilityAtlas\\console\\console-heart-bypass.ts","type":"modified","hash":"78e4549a353d724640b69a73c39f3b77a7c2f6db0e468d98a544004cc5f707b2","timestamp":"2025-12-02T21:34:25.070Z"}
{"file":"Fabrikage.ObservabilityAtlas\\console\\error-bus.ts","type":"modified","hash":"cdca0ce3db700e1fcf233682f0e24e89be60d599f6bea87dca301b8ef85095aa","timestamp":"2025-12-02T21:34:25.070Z"}
{"file":"Fabrikage.ObservabilityAtlas\\console\\package.json","type":"modified","hash":"9af5bad8b32554a095ab026733a8cce2f376b394fbc822b811aa839547ee96e1","timestamp":"2025-12-02T21:34:25.071Z"}
{"file":"Fabrikage.ObservabilityAtlas\\console\\unified-console-layer.ts","type":"modified","hash":"b96b5b4ceb467be76caf8f5fd8ca30d3e57f400ada0d8013cdf848aa67d65f8b","timestamp":"2025-12-02T21:34:25.071Z"}
{"file":"Fabrikage.ObservabilityAtlas\\error_bus\\federated-error-bus.ts","type":"modified","hash":"e1ab3f7cdc9c35f3af7ba02dfb1541d7fe238669eddba519af35ef57017fa255","timestamp":"2025-12-02T21:34:25.071Z"}
{"file":"Fabrikage.ObservabilityAtlas\\manifest.yaml","type":"modified","hash":"18bab50e32d0a15fbcbdfa8925a841ce6fcf1d30a181a95b79a4638eb87e2116","timestamp":"2025-12-02T21:34:25.071Z"}
{"file":"Fabrikage.ObservabilityAtlas\\telemetry\\telemetry-cockpit.ts","type":"modified","hash":"4ff4d7863516f12057db0183a8452d5d691f8e70a343b9b954f3ee067faaefdc","timestamp":"2025-12-02T21:34:25.071Z"}
{"file":"configs\\auto_fixer_rules.yaml","type":"modified","hash":"57c6f14c5e53866c1299a600819aa03811db896657725a97b8c4481bd740a422","timestamp":"2025-12-02T21:34:25.072Z"}
{"file":"configs\\consoles.yaml","type":"modified","hash":"cbc12e97e6e8004727e62308ed14a8059a7ea6bfe77b35513ae7c42b96ac09a2","timestamp":"2025-12-02T21:34:25.072Z"}
{"file":"configs\\factory.manifest.yaml","type":"modified","hash":"65efff8d0478c34cce6098d8e7ca61032676d564f53e3dfc6ea4586902f951b0","timestamp":"2025-12-02T21:34:25.072Z"}
{"file":"configs\\hosts.yaml","type":"modified","hash":"d9b89df3a0847a6283c29aa57d9f7e490a181b4b6ba23497b405b21e96305b7f","timestamp":"2025-12-02T21:34:25.072Z"}
{"file":"Fabrikage.AutoExecution\\automation\\auto-account-manager.ts","type":"modified","hash":"f84fcaca1d8ec6325fcb4d4d490ac7adaa80240ca9420df37c517f09f377fca9","timestamp":"2025-12-02T21:34:25.054Z"}
{"file":"Fabrikage.AutoExecution\\automation\\auto-automation.ts","type":"modified","hash":"19099d3c1c6bab991752566522909fb10fbbe6ede7b1cc74676655b3f9bbf906","timestamp":"2025-12-02T21:34:25.056Z"}
{"file":"Fabrikage.AutoExecution\\automation\\auto-provisioning.ts","type":"modified","hash":"fd6694360938565fa814910b43610cc46b34ceb5668a7fe8a41766cc292466f4","timestamp":"2025-12-02T21:34:25.057Z"}
{"file":"Fabrikage.AutoExecution\\automation\\project-initializer.ts","type":"modified","hash":"1f70adad60dd20bd37aecf1c19f0306870fe83c6876d9db2cbf8389e0401a3dd","timestamp":"2025-12-02T21:34:25.057Z"}
{"file":"Fabrikage.AutoExecution\\automation\\push-up-updates.ts","type":"modified","hash":"f23dc156434d5ee6abc04bc75c87b623c61197ab2d24b133435f8189891f8b9f","timestamp":"2025-12-02T21:34:25.057Z"}
{"file":"Fabrikage.AutoExecution\\automation\\self-verification.ts","type":"modified","hash":"355e8056623f39f4ca4527d86b4e3ffde4400afedf40630343e066f217251067","timestamp":"2025-12-02T21:34:25.057Z"}
{"file":"Fabrikage.AutoExecution\\bootstrap\\a-start.ts","type":"modified","hash":"27b19d0ddc77a20d11915d2828c13828ffd2912bd6e40fdc39fefa90d3806e9b","timestamp":"2025-12-02T21:34:25.058Z"}
{"file":"Fabrikage.AutoExecution\\bootstrap\\package.json","type":"modified","hash":"e556d24cf33369289831dc3e48a36aefb199eab21409b5e87ca28120d51fb900","timestamp":"2025-12-02T21:34:25.058Z"}
{"file":"Fabrikage.AutoExecution\\build\\auto-build-processor.ts","type":"modified","hash":"6245bc99955a954dd9bc2c98924d628442aab0a5aa58611f58c9d722edce4f29","timestamp":"2025-12-02T21:34:25.058Z"}
{"file":"Fabrikage.AutoExecution\\build\\build-manager.ts","type":"modified","hash":"2107cf87b72c71ca39831f04c4e898ca0b467b167343e066b7894901b80f1711","timestamp":"2025-12-02T21:34:25.059Z"}
{"file":"Fabrikage.AutoExecution\\build\\build-verifier.ts","type":"modified","hash":"bd21b672d452317d20d7b540ca0a06f572e603c331fc23e95cf86cfa32d40d0a","timestamp":"2025-12-02T21:34:25.060Z"}
{"file":"Fabrikage.AutoExecution\\docs\\auto-doc-updater.ts","type":"modified","hash":"d8a465abf49c714f40df16de62f559aba13ce10163cf519a8dde985be41db845","timestamp":"2025-12-02T21:34:25.060Z"}
{"file":"Fabrikage.AutoExecution\\generators\\adapters\\adapter-generator.ts","type":"modified","hash":"f13d9876cbdbb1c3985a0d4de2c7481fbcc94f5582de51f2fcabc7d9b431f12b","timestamp":"2025-12-02T21:34:25.060Z"}
{"file":"Fabrikage.AutoExecution\\generators\\api\\api-generator.ts","type":"modified","hash":"35cea8bee503740a060e2aa9571caa61e0ae9540c54ba0151f1ef0dfc00a5131","timestamp":"2025-12-02T21:34:25.060Z"}
{"file":"Fabrikage.AutoExecution\\generators\\package.json","type":"modified","hash":"9cccb37952878311fb9fda4a667770f672bb6376659629cef3ba016063f0fbd3","timestamp":"2025-12-02T21:34:25.060Z"}
{"file":"Fabrikage.AutoExecution\\generators\\path-announcement-generator.ts","type":"modified","hash":"fc54aaf0b1815ee938ca08fe9fd98f293e4028fce5c1f6a218df8ee59b0580cc","timestamp":"2025-12-02T21:34:25.061Z"}
{"file":"Fabrikage.AutoExecution\\generators\\ui\\ui-generator.ts","type":"modified","hash":"72641570ad712d4c0be3427ddd92bf0e07c98edfc277aa26e58f61a86f896927","timestamp":"2025-12-02T21:34:25.061Z"}
{"file":"Fabrikage.AutoExecution\\manifest.yaml","type":"modified","hash":"00638234c60abc9ae10728075a3d432e8bc656ae5a68fc9f0436f94af23660bd","timestamp":"2025-12-02T21:34:25.061Z"}
{"file":"Fabrikage.AutoExecution\\network\\api-gateway.ts","type":"modified","hash":"924180deb7bc81b9aa4fc88ccf80f0faf56e272a1d8be1667751f0d1e884b892","timestamp":"2025-12-02T21:34:25.062Z"}
{"file":"Fabrikage.AutoExecution\\network\\port-registry.ts","type":"modified","hash":"773e558daec2bc8ed78833597d75b44e21ba8a5c812db083d14093221e05e727","timestamp":"2025-12-02T21:34:25.062Z"}
{"file":"Fabrikage.AutoExecution\\pipelines\\auto-fix-pipeline.yaml","type":"modified","hash":"a1aadd273ef2e3cb626d3c52acfe443366ee98b38d529f22c7fe6aa1fdc041d1","timestamp":"2025-12-02T21:34:25.062Z"}
{"file":"Fabrikage.AutoExecution\\pipelines\\auto-fix.d.ts","type":"modified","hash":"ffd72842aaa48915d33097fbb84ccc182846b7240970ab6c34b1aea345174872","timestamp":"2025-12-02T21:34:25.062Z"}
{"file":"Fabrikage.AutoExecution\\pipelines\\auto-fix.js","type":"modified","hash":"5bdc82e97fc9e3c5843424b4eb7e9e59ebc2940d38e5e71b1975d187a1aae124","timestamp":"2025-12-02T21:34:25.062Z"}
{"file":"Fabrikage.AutoExecution\\pipelines\\fliessband-integration.yaml","type":"modified","hash":"1d185b25dd835c6e0eb31e92d2a906b78249df612306c5b3108dd860177a86b7","timestamp":"2025-12-02T21:34:25.063Z"}
{"file":"Fabrikage.AutoExecution\\routine\\routine-integration-runner.ts","type":"modified","hash":"b85a3e6a1fe656100e14e63311d9ffe8ac8b7b80f0790f72b856e67c686e3a54","timestamp":"2025-12-02T21:34:25.063Z"}
{"file":"Fabrikage.AutoExecution\\routine\\routine-integration.ts","type":"modified","hash":"1a76fcc65609f0b610d9e3c719e14949a715f53682e8bd7e490ad8ff40bd1e6d","timestamp":"2025-12-02T21:34:25.063Z"}
{"file":"Fabrikage.AutoExecution\\routine\\routine-scheduler.ts","type":"modified","hash":"37aa2fb6a7fb843cbe7a498d861edc5ec990e017fe9051fdaa3993a956dc85d8","timestamp":"2025-12-02T21:34:25.063Z"}
{"file":"Fabrikage.AutoExecution\\routine\\routine-update-engine.ts","type":"modified","hash":"7293318e571cce5c596545ea6c25eada46be9ee9c813a3c8f451ea956022edc5","timestamp":"2025-12-02T21:34:25.063Z"}
{"file":"Fabrikage.CoreProtocols\\ethics\\ethics-gates.ts","type":"modified","hash":"c9dee646972609f8ad59290a1e43af2a0251d60d4c2bb6a8de5aafc235548ff7","timestamp":"2025-12-02T21:34:25.064Z"}
{"file":"Fabrikage.CoreProtocols\\manifest.yaml","type":"modified","hash":"23d9dfa4983833abf1518856b0a54beb5d3a0c246375524eaa9d62624cb2193f","timestamp":"2025-12-02T21:34:25.064Z"}
{"file":"Fabrikage.CoreProtocols\\policies\\clean-floor.yaml","type":"modified","hash":"c113bfdb3419f1fdf3559666ea9a5ead55f61d13d588b5ddcd72e097141bd412","timestamp":"2025-12-02T21:34:25.064Z"}
{"file":"Fabrikage.CoreProtocols\\policies\\encoding.yaml","type":"modified","hash":"7f2b845095500323f02120ccc2b78cb0bdc4bbde3be50937d8fcbede93519625","timestamp":"2025-12-02T21:34:25.064Z"}
{"file":"Fabrikage.CoreProtocols\\tools\\encoding-lint.js","type":"modified","hash":"326be80026dfcdd1980c5b07b50d0ac7b09a23799f91d7f9d6b73e5a275acae0","timestamp":"2025-12-02T21:34:25.064Z"}
{"file":"Fabrikage.CoreProtocols\\tools\\status-lint.js","type":"modified","hash":"4bb734d2e44c1075c89fad2e3d014e8db27d7f5d01d0e80a309573618188ac11","timestamp":"2025-12-02T21:34:25.065Z"}
{"file":"Fabrikage.IntelligenceMatrix\\manifest.yaml","type":"modified","hash":"50336f4c2c542c2cc46a3decedec52bf363ae0724053684d941969b01d4691ff","timestamp":"2025-12-02T21:34:25.065Z"}
{"file":"Fabrikage.IntelligenceMatrix\\multi-model-analyzer.ts","type":"modified","hash":"bd1cab4ccdba2f34890a5813714201d64add0f487c3d5d5227047d85944f2405","timestamp":"2025-12-02T21:34:25.065Z"}
{"file":"Fabrikage.IntelligenceMatrix\\predictive\\predictive-avoidance.ts","type":"modified","hash":"0a083f53c000db6a71c3d70dfcd8db31b3e390c1385c25e321e71e856d4e4c64","timestamp":"2025-12-02T21:34:25.065Z"}
{"file":"Fabrikage.IntelligenceMatrix\\prompt-db\\prompt-database.json","type":"modified","hash":"f2fc40860faa095ea737de6dcf1d021dacd12d02a0996798af6a569dd5834ede","timestamp":"2025-12-02T21:34:25.067Z"}
{"file":"Fabrikage.IntelligenceMatrix\\self-healing\\feature-flags.ts","type":"modified","hash":"318c341283abbff6c5043437d443915a50cd27aae2e5873f861ec03f34e1091c","timestamp":"2025-12-02T21:34:25.067Z"}
{"file":"Fabrikage.IntelligenceMatrix\\self-healing\\kill-switches.ts","type":"modified","hash":"cd79f3e3223db263b635d67dd8207683c1c8b41ca64d4731968cf464d1664774","timestamp":"2025-12-02T21:34:25.068Z"}
{"file":"Fabrikage.ProvenanceLedger\\manifest.yaml","type":"modified","hash":"8b29dded603b1e02533433b29ddd4bf2cd43161dcb4181ee9e5a1dc8cd9288fb","timestamp":"2025-12-02T21:34:25.068Z"}
{"file":"Fabrikage.ProvenanceLedger\\registry\\artifact-registry-extended.json","type":"modified","hash":"cccf302022b1a646cdc266d743a57aa515a43ec8c08fdb1e5c8c7cc9e35df068","timestamp":"2025-12-02T21:34:25.068Z"}
{"file":"Fabrikage.ProvenanceLedger\\registry\\artifact-registry.json","type":"modified","hash":"0cacd8dd90a3f067cc905ae1de3df4621b6b48ea7e6945bc125d172ca4a711af","timestamp":"2025-12-02T21:34:25.068Z"}
{"file":"Fabrikage.ProvenanceLedger\\registry\\path-announcer.ts","type":"modified","hash":"310e17eff6bea81f6dc579f3e8b695078f9aff3cbd06d14fb302c71776aff34e","timestamp":"2025-12-02T21:34:25.068Z"}
{"file":"Fabrikage.ProvenanceLedger\\registry\\registry-manager.ts","type":"modified","hash":"6e49cd48e3aed2fdfc420c5eaf9d4cfbc80bc8414940515866e6a99b82985960","timestamp":"2025-12-02T21:34:25.069Z"}
{"file":"Fabrikage.ObservabilityAtlas\\console\\ai-fixer.ts","type":"modified","hash":"1d20df8d1200788bb4189245a465078f7084bef3e6af38d6fbaea1cb8f97f583","timestamp":"2025-12-02T21:34:25.069Z"}
{"file":"Fabrikage.ObservabilityAtlas\\console\\audit-layer.ts","type":"modified","hash":"89fed11a99c80087064f1bdb3d0d46f36b72c7358b53bff28456930b851547d4","timestamp":"2025-12-02T21:34:25.069Z"}
{"file":"Fabrikage.ObservabilityAtlas\\console\\bypass-integration.ts","type":"modified","hash":"72adb66dbe2671583511ae26675339eb531d58d803b2bb1faefe2de51312f342","timestamp":"2025-12-02T21:34:25.070Z"}
{"file":"Fabrikage.ObservabilityAtlas\\console\\console-bypass-manifest.yaml","type":"modified","hash":"36cf732ff7dc1e489f77c9d4411df0c3e9073f586e97b140c57542272994e847","timestamp":"2025-12-02T21:34:25.070Z"}
{"file":"Fabrikage.ObservabilityAtlas\\console\\console-heart-bypass.ts","type":"modified","hash":"78e4549a353d724640b69a73c39f3b77a7c2f6db0e468d98a544004cc5f707b2","timestamp":"2025-12-02T21:34:25.070Z"}
{"file":"Fabrikage.ObservabilityAtlas\\console\\error-bus.ts","type":"modified","hash":"cdca0ce3db700e1fcf233682f0e24e89be60d599f6bea87dca301b8ef85095aa","timestamp":"2025-12-02T21:34:25.070Z"}
{"file":"Fabrikage.ObservabilityAtlas\\console\\package.json","type":"modified","hash":"9af5bad8b32554a095ab026733a8cce2f376b394fbc822b811aa839547ee96e1","timestamp":"2025-12-02T21:34:25.071Z"}
{"file":"Fabrikage.ObservabilityAtlas\\console\\unified-console-layer.ts","type":"modified","hash":"b96b5b4ceb467be76caf8f5fd8ca30d3e57f400ada0d8013cdf848aa67d65f8b","timestamp":"2025-12-02T21:34:25.071Z"}
{"file":"Fabrikage.ObservabilityAtlas\\error_bus\\federated-error-bus.ts","type":"modified","hash":"e1ab3f7cdc9c35f3af7ba02dfb1541d7fe238669eddba519af35ef57017fa255","timestamp":"2025-12-02T21:34:25.071Z"}
{"file":"Fabrikage.ObservabilityAtlas\\manifest.yaml","type":"modified","hash":"18bab50e32d0a15fbcbdfa8925a841ce6fcf1d30a181a95b79a4638eb87e2116","timestamp":"2025-12-02T21:34:25.071Z"}
{"file":"Fabrikage.ObservabilityAtlas\\telemetry\\telemetry-cockpit.ts","type":"modified","hash":"4ff4d7863516f12057db0183a8452d5d691f8e70a343b9b954f3ee067faaefdc","timestamp":"2025-12-02T21:34:25.071Z"}
{"file":"configs\\auto_fixer_rules.yaml","type":"modified","hash":"57c6f14c5e53866c1299a600819aa03811db896657725a97b8c4481bd740a422","timestamp":"2025-12-02T21:34:25.072Z"}
{"file":"configs\\consoles.yaml","type":"modified","hash":"cbc12e97e6e8004727e62308ed14a8059a7ea6bfe77b35513ae7c42b96ac09a2","timestamp":"2025-12-02T21:34:25.072Z"}
{"file":"configs\\factory.manifest.yaml","type":"modified","hash":"65efff8d0478c34cce6098d8e7ca61032676d564f53e3dfc6ea4586902f951b0","timestamp":"2025-12-02T21:34:25.072Z"}
{"file":"configs\\hosts.yaml","type":"modified","hash":"d9b89df3a0847a6283c29aa57d9f7e490a181b4b6ba23497b405b21e96305b7f","timestamp":"2025-12-02T21:34:25.072Z"}
