. 2025-12-16 17:00:01.646 --------------------------------------------------------------------------
. 2025-12-16 17:00:01.650 WinSCP Versie 6.5.5 (Build 16453 2025-11-19) (OS 10.0.26100 – Windows 11 Pro)
. 2025-12-16 17:00:01.650 Configuration: HKCU\Software\Martin Prikryl\WinSCP 2\
. 2025-12-16 17:00:01.652 Log level: Normal
. 2025-12-16 17:00:01.652 Local account: DESKTOP-U2AII26\Gebruiker
. 2025-12-16 17:00:01.652 Working directory: D:\busineshuboffline CHATGTP\TOGETHERSYSTEMS- GITHUB\Nieuwe map (3)
. 2025-12-16 17:00:01.652 Process ID: 22012
. 2025-12-16 17:00:01.845 Ancestor processes: WinSCP, pwsh, Code, Code, ...
. 2025-12-16 17:00:01.847 Command-line: "D:\Program Files (x86)\WinSCP\WinSCP.exe" /console=6.5.5 /consoleinstance=_25756_95 "/command" "open sftp://u972026836:***@45.87.81.214:65002" "cd /home/u972026836/domains/deepskyblue-raven-7" "pwd" "ls" "close" "exit" "/log=check_domain.log"
. 2025-12-16 17:00:01.848 Time zone: Current: GMT+1, Standard: GMT+1 (West-Europa (standaardtijd)), DST: GMT+2 (West-Europa (zomertijd)), DST Start: 30/03/2025, DST End: 26/10/2025
. 2025-12-16 17:00:01.848 Login time: Tuesday, 16 December 2025 17:00:01
. 2025-12-16 17:00:01.848 --------------------------------------------------------------------------
. 2025-12-16 17:00:01.848 Script: Retrospectively logging previous script records:
> 2025-12-16 17:00:01.848 Script: open sftp://u972026836:***@45.87.81.214:65002
. 2025-12-16 17:00:01.848 --------------------------------------------------------------------------
. 2025-12-16 17:00:01.848 Session name: u972026836@45.87.81.214 (Ad-Hoc site)
. 2025-12-16 17:00:01.848 Host name: 45.87.81.214 (Port: 65002)
. 2025-12-16 17:00:01.848 User name: u972026836 (Password: Yes, Key file: No, Passphrase: No)
. 2025-12-16 17:00:01.848 Tunnel: No
. 2025-12-16 17:00:01.848 Transfer Protocol: SFTP
. 2025-12-16 17:00:01.848 Ping type: Off, Ping interval: 30 sec; Timeout: 15 sec
. 2025-12-16 17:00:01.848 Disable Nagle: No
. 2025-12-16 17:00:01.848 Proxy: None
. 2025-12-16 17:00:01.848 Send buffer: 262144
. 2025-12-16 17:00:01.848 Compression: No
. 2025-12-16 17:00:01.848 Bypass authentication: No
. 2025-12-16 17:00:01.850 Try agent: Yes; Agent forwarding: No; KI: Yes; GSSAPI: Yes
. 2025-12-16 17:00:01.850 GSSAPI: KEX: No; Forwarding: No; Libs: gssapi32,sspi,custom; Custom: 
. 2025-12-16 17:00:01.850 Ciphers: aes,chacha20,aesgcm,3des,WARN,des,blowfish,arcfour; Ssh2DES: No
. 2025-12-16 17:00:01.850 KEX: ntru-curve25519,mlkem-curve25519,mlkem-nist,ecdh,dh-gex-sha1,dh-group18-sha512,dh-group17-sha512,dh-group16-sha512,dh-group15-sha512,dh-group14-sha1,rsa,WARN,dh-group1-sha1
. 2025-12-16 17:00:01.850 SSH Bugs: Auto,Auto,Auto,Auto,Auto,Auto,Auto,Auto,Auto,Auto
. 2025-12-16 17:00:01.850 Simple channel: Yes
. 2025-12-16 17:00:01.850 Return code variable: Autodetect; Lookup user groups: Auto
. 2025-12-16 17:00:01.850 Shell: default
. 2025-12-16 17:00:01.850 EOL: LF, UTF: Auto
. 2025-12-16 17:00:01.850 Clear aliases: Yes, Unset nat.vars: Yes, Resolve symlinks: Yes; Follow directory symlinks: No
. 2025-12-16 17:00:01.850 LS: ls -la, Ign LS warn: Yes, Scp1 Comp: No; Exit code 1 is error: No
. 2025-12-16 17:00:01.850 SFTP Bugs: Auto,Auto
. 2025-12-16 17:00:01.850 SFTP Server: default
. 2025-12-16 17:00:01.850 Local directory: default, Remote directory: home, Update: Yes, Cache: Yes
. 2025-12-16 17:00:01.850 Cache directory changes: Yes, Permanent: Yes
. 2025-12-16 17:00:01.850 Recycle bin: Delete to: No, Overwritten to: No, Bin path: 
. 2025-12-16 17:00:01.850 DST mode: Unix
. 2025-12-16 17:00:01.850 --------------------------------------------------------------------------
< 2025-12-16 17:00:01.850 Script: Bezig met zoeken naar doelcomputer...
. 2025-12-16 17:00:01.857 Looking up host "45.87.81.214" for SSH connection
. 2025-12-16 17:00:01.859 Connecting to 45.87.81.214 port 65002
. 2025-12-16 17:00:01.868 Connected to 45.87.81.214 (from 192.168.1.181:64300)
< 2025-12-16 17:00:01.868 Script: Bezig met verbinding maken met doelcomputer...
. 2025-12-16 17:00:01.870 We claim version: SSH-2.0-WinSCP_release_6.5.5
. 2025-12-16 17:00:01.871 Connected to 45.87.81.214 (from 192.168.1.181:64300)
. 2025-12-16 17:00:01.906 Remote version: SSH-2.0-OpenSSH_8.7
. 2025-12-16 17:00:01.906 Using SSH protocol version 2
. 2025-12-16 17:00:01.908 Have a known host key of type ssh-ed25519
. 2025-12-16 17:00:01.925 Enabling strict key exchange semantics
. 2025-12-16 17:00:01.929 Doing ECDH key exchange with curve Curve25519, using hash SHA-256
. 2025-12-16 17:00:02.075 Server also has ecdsa-sha2-nistp256/rsa-sha2-512/rsa-sha2-256/ssh-rsa host keys, but we don't know any of them
. 2025-12-16 17:00:02.075 Host key fingerprint is:
. 2025-12-16 17:00:02.075 ssh-ed25519 255 SHA256:4mfb2c67Lhi/idZu+pyYocKONELisV4IInwlFdR8t98
< 2025-12-16 17:00:02.077 Script: Bezig met authenticatie...
. 2025-12-16 17:00:02.089 Host key matches cached key
. 2025-12-16 17:00:02.090 Initialised AES-256 SDCTR (AES-NI accelerated) [aes256-ctr] outbound encryption
. 2025-12-16 17:00:02.090 Initialised HMAC-SHA-256 outbound MAC algorithm
. 2025-12-16 17:00:02.090 Initialised AES-256 SDCTR (AES-NI accelerated) [aes256-ctr] inbound encryption
. 2025-12-16 17:00:02.090 Initialised HMAC-SHA-256 inbound MAC algorithm
! 2025-12-16 17:00:02.101 Using username "u972026836".
< 2025-12-16 17:00:02.101 Script: Met gebruikersnaam "u972026836".
. 2025-12-16 17:00:02.334 Server offered these authentication methods: publickey,password
. 2025-12-16 17:00:02.334 Prompt (password, "SSH password", <no instructions>, "&Wachtwoord: ")
. 2025-12-16 17:00:02.334 Using stored password.
< 2025-12-16 17:00:02.334 Script: Authenticatie met vooraf ingevoerd wachtwoord.
. 2025-12-16 17:00:02.453 Sent password
. 2025-12-16 17:00:02.484 Access granted
. 2025-12-16 17:00:02.484 Opening main session channel
. 2025-12-16 17:00:03.185 Opened main channel
. 2025-12-16 17:00:03.194 Started a shell/command
< 2025-12-16 17:00:03.194 Script: Authenticatie voltooid.
. 2025-12-16 17:00:03.204 --------------------------------------------------------------------------
. 2025-12-16 17:00:03.204 Using SFTP protocol.
. 2025-12-16 17:00:03.204 Doing startup conversation with host.
< 2025-12-16 17:00:03.204 Script: Bezig met starten van sessie...
. 2025-12-16 17:00:03.209 Well known server, allowing SFTP version 6.
> 2025-12-16 17:00:03.209 Type: SSH_FXP_INIT, Size: 5, Number: -1
< 2025-12-16 17:00:03.217 Type: SSH_FXP_VERSION, Size: 238, Number: -1
. 2025-12-16 17:00:03.217 SFTP version 3 negotiated.
. 2025-12-16 17:00:03.217 Supports extension posix-rename@openssh.com="1"
. 2025-12-16 17:00:03.217 Supports statvfs@openssh.com extension version 2
. 2025-12-16 17:00:03.217 Unknown server extension fstatvfs@openssh.com="2"
. 2025-12-16 17:00:03.217 Supports hardlink@openssh.com extension version 1
. 2025-12-16 17:00:03.217 Unknown server extension fsync@openssh.com="1"
. 2025-12-16 17:00:03.217 Unknown server extension lsetstat@openssh.com="1"
. 2025-12-16 17:00:03.217 Supports limits@openssh.com extension version 1
. 2025-12-16 17:00:03.217 Unknown server extension expand-path@openssh.com="1"
. 2025-12-16 17:00:03.217 We believe the server has signed timestamps bug
. 2025-12-16 17:00:03.217 We will use UTF-8 strings until server sends an invalid UTF-8 string as with SFTP version 3 and older UTF-8 strings are not mandatory
> 2025-12-16 17:00:03.217 Type: SSH_FXP_EXTENDED, Size: 27, Number: 200
< 2025-12-16 17:00:03.226 Type: SSH_FXP_EXTENDED_REPLY, Size: 37, Number: 200
. 2025-12-16 17:00:03.226 Limiting packet size to server's limit of 262144 + 4 bytes
. 2025-12-16 17:00:03.226 Getting current directory name.
. 2025-12-16 17:00:03.226 Getting real path for '.'
> 2025-12-16 17:00:03.226 Type: SSH_FXP_REALPATH, Size: 10, Number: 272
< 2025-12-16 17:00:03.237 Type: SSH_FXP_NAME, Size: 53, Number: 272
. 2025-12-16 17:00:03.237 Real path is '/home/u972026836'
. 2025-12-16 17:00:03.239 Startup conversation with host finished.
< 2025-12-16 17:00:03.239 Script: Sessie gestart.
< 2025-12-16 17:00:03.243 Script: Actieve sessie: [1] u972026836@45.87.81.214
> 2025-12-16 17:00:03.437 Script: cd /home/u972026836/domains/deepskyblue-raven-7
. 2025-12-16 17:00:03.437 Changing directory to "/home/u972026836/domains/deepskyblue-raven-7".
. 2025-12-16 17:00:03.437 Getting real path for '/home/u972026836/domains/deepskyblue-raven-7'
> 2025-12-16 17:00:03.437 Type: SSH_FXP_REALPATH, Size: 53, Number: 528
< 2025-12-16 17:00:03.448 Type: SSH_FXP_NAME, Size: 109, Number: 528
. 2025-12-16 17:00:03.454 Real path is '/home/u972026836/domains/deepskyblue-raven-7'
. 2025-12-16 17:00:03.454 Trying to open directory "/home/u972026836/domains/deepskyblue-raven-7".
> 2025-12-16 17:00:03.456 Type: SSH_FXP_LSTAT, Size: 53, Number: 775
< 2025-12-16 17:00:03.465 Type: SSH_FXP_STATUS, Size: 29, Number: 775
< 2025-12-16 17:00:03.466 Status code: 2, Message: 775, Server: No such file, Language:  
* 2025-12-16 17:00:03.471 (ECommand) Fout tijdens wisselen van map naar '/home/u972026836/domains/deepskyblue-raven-7'.
* 2025-12-16 17:00:03.471 Bestand of map bestaat niet.
* 2025-12-16 17:00:03.471 Foutcode: 2
* 2025-12-16 17:00:03.471 Foutmelding van server: No such file
< 2025-12-16 17:00:03.471 Script: Fout tijdens wisselen van map naar '/home/u972026836/domains/deepskyblue-raven-7'.
< 2025-12-16 17:00:03.471 Bestand of map bestaat niet.
< 2025-12-16 17:00:03.471 Foutcode: 2
< 2025-12-16 17:00:03.471 Foutmelding van server: No such file
< 2025-12-16 17:00:03.475 Script: /home/u972026836
. 2025-12-16 17:00:03.489 Script: Failed
. 2025-12-16 17:00:03.489 Script: Exit code: 1
. 2025-12-16 17:00:03.489 Closing connection.
. 2025-12-16 17:00:03.489 Sending special code: 1
. 2025-12-16 17:00:03.506 Session sent command exit status 0
. 2025-12-16 17:00:03.506 Main session channel closed
. 2025-12-16 17:00:03.506 All channels closed
