. 2025-12-16 17:00:11.254 --------------------------------------------------------------------------
. 2025-12-16 17:00:11.258 WinSCP Versie 6.5.5 (Build 16453 2025-11-19) (OS 10.0.26100 – Windows 11 Pro)
. 2025-12-16 17:00:11.258 Configuration: HKCU\Software\Martin Prikryl\WinSCP 2\
. 2025-12-16 17:00:11.258 Log level: Normal
. 2025-12-16 17:00:11.258 Local account: DESKTOP-U2AII26\Gebruiker
. 2025-12-16 17:00:11.258 Working directory: D:\busineshuboffline CHATGTP\TOGETHERSYSTEMS- GITHUB\Nieuwe map (3)
. 2025-12-16 17:00:11.258 Process ID: 47196
. 2025-12-16 17:00:11.448 Ancestor processes: WinSCP, pwsh, Code, Code, ...
. 2025-12-16 17:00:11.450 Command-line: "D:\Program Files (x86)\WinSCP\WinSCP.exe" /console=6.5.5 /consoleinstance=_34856_443 "/command" "open sftp://u972026836:***@45.87.81.214:65002" "cd /home/u972026836/domains/digitalnotar.in" "pwd" "ls" "close" "exit" "/log=check_digitalnotar.log"
. 2025-12-16 17:00:11.451 Time zone: Current: GMT+1, Standard: GMT+1 (West-Europa (standaardtijd)), DST: GMT+2 (West-Europa (zomertijd)), DST Start: 30/03/2025, DST End: 26/10/2025
. 2025-12-16 17:00:11.451 Login time: Tuesday, 16 December 2025 17:00:11
. 2025-12-16 17:00:11.451 --------------------------------------------------------------------------
. 2025-12-16 17:00:11.451 Script: Retrospectively logging previous script records:
> 2025-12-16 17:00:11.451 Script: open sftp://u972026836:***@45.87.81.214:65002
. 2025-12-16 17:00:11.451 --------------------------------------------------------------------------
. 2025-12-16 17:00:11.451 Session name: u972026836@45.87.81.214 (Ad-Hoc site)
. 2025-12-16 17:00:11.451 Host name: 45.87.81.214 (Port: 65002)
. 2025-12-16 17:00:11.451 User name: u972026836 (Password: Yes, Key file: No, Passphrase: No)
. 2025-12-16 17:00:11.451 Tunnel: No
. 2025-12-16 17:00:11.451 Transfer Protocol: SFTP
. 2025-12-16 17:00:11.451 Ping type: Off, Ping interval: 30 sec; Timeout: 15 sec
. 2025-12-16 17:00:11.451 Disable Nagle: No
. 2025-12-16 17:00:11.451 Proxy: None
. 2025-12-16 17:00:11.451 Send buffer: 262144
. 2025-12-16 17:00:11.451 Compression: No
. 2025-12-16 17:00:11.451 Bypass authentication: No
. 2025-12-16 17:00:11.451 Try agent: Yes; Agent forwarding: No; KI: Yes; GSSAPI: Yes
. 2025-12-16 17:00:11.451 GSSAPI: KEX: No; Forwarding: No; Libs: gssapi32,sspi,custom; Custom: 
. 2025-12-16 17:00:11.451 Ciphers: aes,chacha20,aesgcm,3des,WARN,des,blowfish,arcfour; Ssh2DES: No
. 2025-12-16 17:00:11.451 KEX: ntru-curve25519,mlkem-curve25519,mlkem-nist,ecdh,dh-gex-sha1,dh-group18-sha512,dh-group17-sha512,dh-group16-sha512,dh-group15-sha512,dh-group14-sha1,rsa,WARN,dh-group1-sha1
. 2025-12-16 17:00:11.451 SSH Bugs: Auto,Auto,Auto,Auto,Auto,Auto,Auto,Auto,Auto,Auto
. 2025-12-16 17:00:11.451 Simple channel: Yes
. 2025-12-16 17:00:11.451 Return code variable: Autodetect; Lookup user groups: Auto
. 2025-12-16 17:00:11.451 Shell: default
. 2025-12-16 17:00:11.451 EOL: LF, UTF: Auto
. 2025-12-16 17:00:11.451 Clear aliases: Yes, Unset nat.vars: Yes, Resolve symlinks: Yes; Follow directory symlinks: No
. 2025-12-16 17:00:11.451 LS: ls -la, Ign LS warn: Yes, Scp1 Comp: No; Exit code 1 is error: No
. 2025-12-16 17:00:11.451 SFTP Bugs: Auto,Auto
. 2025-12-16 17:00:11.451 SFTP Server: default
. 2025-12-16 17:00:11.451 Local directory: default, Remote directory: home, Update: Yes, Cache: Yes
. 2025-12-16 17:00:11.451 Cache directory changes: Yes, Permanent: Yes
. 2025-12-16 17:00:11.451 Recycle bin: Delete to: No, Overwritten to: No, Bin path: 
. 2025-12-16 17:00:11.451 DST mode: Unix
. 2025-12-16 17:00:11.451 --------------------------------------------------------------------------
< 2025-12-16 17:00:11.451 Script: Bezig met zoeken naar doelcomputer...
. 2025-12-16 17:00:11.465 Looking up host "45.87.81.214" for SSH connection
. 2025-12-16 17:00:11.467 Connecting to 45.87.81.214 port 65002
. 2025-12-16 17:00:11.474 Connected to 45.87.81.214 (from 192.168.1.181:64331)
< 2025-12-16 17:00:11.474 Script: Bezig met verbinding maken met doelcomputer...
. 2025-12-16 17:00:11.509 We claim version: SSH-2.0-WinSCP_release_6.5.5
. 2025-12-16 17:00:11.509 Connected to 45.87.81.214 (from 192.168.1.181:64331)
. 2025-12-16 17:00:11.513 Remote version: SSH-2.0-OpenSSH_8.7
. 2025-12-16 17:00:11.513 Using SSH protocol version 2
. 2025-12-16 17:00:11.514 Have a known host key of type ssh-ed25519
. 2025-12-16 17:00:11.526 Enabling strict key exchange semantics
. 2025-12-16 17:00:11.530 Doing ECDH key exchange with curve Curve25519, using hash SHA-256
. 2025-12-16 17:00:11.728 Server also has ecdsa-sha2-nistp256/rsa-sha2-512/rsa-sha2-256/ssh-rsa host keys, but we don't know any of them
. 2025-12-16 17:00:11.728 Host key fingerprint is:
. 2025-12-16 17:00:11.728 ssh-ed25519 255 SHA256:4mfb2c67Lhi/idZu+pyYocKONELisV4IInwlFdR8t98
< 2025-12-16 17:00:11.730 Script: Bezig met authenticatie...
. 2025-12-16 17:00:11.738 Host key matches cached key
. 2025-12-16 17:00:11.740 Initialised AES-256 SDCTR (AES-NI accelerated) [aes256-ctr] outbound encryption
. 2025-12-16 17:00:11.740 Initialised HMAC-SHA-256 outbound MAC algorithm
. 2025-12-16 17:00:11.740 Initialised AES-256 SDCTR (AES-NI accelerated) [aes256-ctr] inbound encryption
. 2025-12-16 17:00:11.740 Initialised HMAC-SHA-256 inbound MAC algorithm
! 2025-12-16 17:00:11.769 Using username "u972026836".
< 2025-12-16 17:00:11.769 Script: Met gebruikersnaam "u972026836".
. 2025-12-16 17:00:11.787 Server offered these authentication methods: publickey,password
. 2025-12-16 17:00:11.787 Prompt (password, "SSH password", <no instructions>, "&Wachtwoord: ")
. 2025-12-16 17:00:11.787 Using stored password.
< 2025-12-16 17:00:11.787 Script: Authenticatie met vooraf ingevoerd wachtwoord.
. 2025-12-16 17:00:11.801 Sent password
. 2025-12-16 17:00:11.832 Access granted
. 2025-12-16 17:00:11.834 Opening main session channel
. 2025-12-16 17:00:11.916 Opened main channel
. 2025-12-16 17:00:11.927 Started a shell/command
< 2025-12-16 17:00:11.927 Script: Authenticatie voltooid.
. 2025-12-16 17:00:11.935 --------------------------------------------------------------------------
. 2025-12-16 17:00:11.935 Using SFTP protocol.
. 2025-12-16 17:00:11.935 Doing startup conversation with host.
< 2025-12-16 17:00:11.937 Script: Bezig met starten van sessie...
. 2025-12-16 17:00:11.957 Well known server, allowing SFTP version 6.
> 2025-12-16 17:00:11.957 Type: SSH_FXP_INIT, Size: 5, Number: -1
< 2025-12-16 17:00:11.964 Type: SSH_FXP_VERSION, Size: 238, Number: -1
. 2025-12-16 17:00:11.964 SFTP version 3 negotiated.
. 2025-12-16 17:00:11.964 Supports extension posix-rename@openssh.com="1"
. 2025-12-16 17:00:11.964 Supports statvfs@openssh.com extension version 2
. 2025-12-16 17:00:11.964 Unknown server extension fstatvfs@openssh.com="2"
. 2025-12-16 17:00:11.964 Supports hardlink@openssh.com extension version 1
. 2025-12-16 17:00:11.964 Unknown server extension fsync@openssh.com="1"
. 2025-12-16 17:00:11.964 Unknown server extension lsetstat@openssh.com="1"
. 2025-12-16 17:00:11.964 Supports limits@openssh.com extension version 1
. 2025-12-16 17:00:11.964 Unknown server extension expand-path@openssh.com="1"
. 2025-12-16 17:00:11.964 We believe the server has signed timestamps bug
. 2025-12-16 17:00:11.964 We will use UTF-8 strings until server sends an invalid UTF-8 string as with SFTP version 3 and older UTF-8 strings are not mandatory
> 2025-12-16 17:00:11.964 Type: SSH_FXP_EXTENDED, Size: 27, Number: 200
< 2025-12-16 17:00:11.975 Type: SSH_FXP_EXTENDED_REPLY, Size: 37, Number: 200
. 2025-12-16 17:00:11.975 Limiting packet size to server's limit of 262144 + 4 bytes
. 2025-12-16 17:00:11.975 Getting current directory name.
. 2025-12-16 17:00:11.975 Getting real path for '.'
> 2025-12-16 17:00:11.975 Type: SSH_FXP_REALPATH, Size: 10, Number: 272
< 2025-12-16 17:00:11.990 Type: SSH_FXP_NAME, Size: 53, Number: 272
. 2025-12-16 17:00:11.990 Real path is '/home/u972026836'
. 2025-12-16 17:00:11.990 Startup conversation with host finished.
< 2025-12-16 17:00:11.990 Script: Sessie gestart.
< 2025-12-16 17:00:11.999 Script: Actieve sessie: [1] u972026836@45.87.81.214
> 2025-12-16 17:00:12.049 Script: cd /home/u972026836/domains/digitalnotar.in
. 2025-12-16 17:00:12.049 Changing directory to "/home/u972026836/domains/digitalnotar.in".
. 2025-12-16 17:00:12.049 Getting real path for '/home/u972026836/domains/digitalnotar.in'
> 2025-12-16 17:00:12.049 Type: SSH_FXP_REALPATH, Size: 49, Number: 528
< 2025-12-16 17:00:12.058 Type: SSH_FXP_NAME, Size: 101, Number: 528
. 2025-12-16 17:00:12.060 Real path is '/home/u972026836/domains/digitalnotar.in'
. 2025-12-16 17:00:12.060 Trying to open directory "/home/u972026836/domains/digitalnotar.in".
> 2025-12-16 17:00:12.060 Type: SSH_FXP_LSTAT, Size: 49, Number: 775
< 2025-12-16 17:00:12.077 Type: SSH_FXP_ATTRS, Size: 37, Number: 775
. 2025-12-16 17:00:12.077 Getting current directory name.
< 2025-12-16 17:00:12.077 Script: /home/u972026836/domains/digitalnotar.in
> 2025-12-16 17:00:12.122 Script: pwd
< 2025-12-16 17:00:12.122 Script: /home/u972026836/domains/digitalnotar.in
> 2025-12-16 17:00:12.135 Script: ls
. 2025-12-16 17:00:12.135 Listing directory "/home/u972026836/domains/digitalnotar.in".
> 2025-12-16 17:00:12.135 Type: SSH_FXP_OPENDIR, Size: 49, Number: 1035
< 2025-12-16 17:00:12.143 Type: SSH_FXP_HANDLE, Size: 13, Number: 1035
> 2025-12-16 17:00:12.144 Type: SSH_FXP_READDIR, Size: 13, Number: 1292
< 2025-12-16 17:00:12.153 Type: SSH_FXP_NAME, Size: 590, Number: 1292
> 2025-12-16 17:00:12.153 Type: SSH_FXP_READDIR, Size: 13, Number: 1548
< 2025-12-16 17:00:12.160 Type: SSH_FXP_STATUS, Size: 28, Number: 1548
< 2025-12-16 17:00:12.161 Status code: 1
> 2025-12-16 17:00:12.161 Type: SSH_FXP_CLOSE, Size: 13, Number: 1796
. 2025-12-16 17:00:12.161 .;d;0;2025-12-15T20:52:43.000Z;4;"u972026836" [972026836];"o1007643223" [2007643223];rwxr-xr-x;0
. 2025-12-16 17:00:12.161 DO_NOT_UPLOAD_HERE;-;0;2025-08-02T11:28:49.000Z;4;"u972026836" [972026836];"o1007643223" [2007643223];rwxr-xr-x;0
. 2025-12-16 17:00:12.161 public_html;d;0;2025-12-16T00:08:27.000Z;4;"u972026836" [972026836];"o1007643223" [2007643223];rwxr-xr-x;0
. 2025-12-16 17:00:12.161 ..;d;0;2025-08-02T11:42:58.000Z;4;"u972026836" [972026836];"o1007643223" [2007643223];rwxr-xr-x;0
. 2025-12-16 17:00:12.161 .trash;d;0;2025-12-15T20:52:43.000Z;4;"u972026836" [972026836];"o1007643223" [2007643223];rwxr-xr-x;2
< 2025-12-16 17:00:12.162 Script: drwxr-xr-x   4 u972026836 o1007643223      4096 Dec 15 21:52:43 2025 .
< 2025-12-16 17:00:12.174 Script: -rwxr-xr-x   1 u972026836 o1007643223         0 Aug  2 13:28:49 2025 DO_NOT_UPLOAD_HERE
< 2025-12-16 17:00:12.174 Script: drwxr-xr-x   2 u972026836 o1007643223     36864 Dec 16  1:08:27 2025 public_html
< 2025-12-16 17:00:12.183 Script: drwxr-xr-x   4 u972026836 o1007643223      4096 Aug  2 13:42:58 2025 ..
< 2025-12-16 17:00:12.190 Script: drwxr-xr-x   2 u972026836 o1007643223      4096 Dec 15 21:52:43 2025 .trash
> 2025-12-16 17:00:12.249 Script: close
. 2025-12-16 17:00:12.249 Closing connection.
. 2025-12-16 17:00:12.249 Sending special code: 1
. 2025-12-16 17:00:12.275 Session sent command exit status 0
. 2025-12-16 17:00:12.275 Main session channel closed
. 2025-12-16 17:00:12.276 All channels closed
