. 2025-12-16 16:41:53.546 --------------------------------------------------------------------------
. 2025-12-16 16:41:53.555 WinSCP Versie 6.5.5 (Build 16453 2025-11-19) (OS 10.0.26100 – Windows 11 Pro)
. 2025-12-16 16:41:53.555 Configuration: HKCU\Software\Martin Prikryl\WinSCP 2\
. 2025-12-16 16:41:53.555 Log level: Normal
. 2025-12-16 16:41:53.555 Local account: DESKTOP-U2AII26\Gebruiker
. 2025-12-16 16:41:53.555 Working directory: D:\busineshuboffline CHATGTP\TOGETHERSYSTEMS- GITHUB\Nieuwe map (3)
. 2025-12-16 16:41:53.555 Process ID: 3120
. 2025-12-16 16:41:53.747 Ancestor processes: WinSCP, pwsh, Code, Code, ...
. 2025-12-16 16:41:53.748 Command-line: "D:\Program Files (x86)\WinSCP\WinSCP.exe" /console=6.5.5 /consoleinstance=_7244_841 "/script=winscp_deploy_session_fixed.txt" "/log=deployment_fixed.log" 
. 2025-12-16 16:41:53.751 Time zone: Current: GMT+1, Standard: GMT+1 (West-Europa (standaardtijd)), DST: GMT+2 (West-Europa (zomertijd)), DST Start: 30/03/2025, DST End: 26/10/2025
. 2025-12-16 16:41:53.751 Login time: Tuesday, 16 December 2025 16:41:53
. 2025-12-16 16:41:53.751 --------------------------------------------------------------------------
. 2025-12-16 16:41:53.751 Script: Retrospectively logging previous script records:
> 2025-12-16 16:41:53.751 Script: option batch abort
< 2025-12-16 16:41:53.751 Script: batch           abort     
> 2025-12-16 16:41:53.751 Script: option confirm off
< 2025-12-16 16:41:53.751 Script: confirm         off       
> 2025-12-16 16:41:53.751 Script: open sftp://u972026836:***@45.87.81.214:65002
. 2025-12-16 16:41:53.751 --------------------------------------------------------------------------
. 2025-12-16 16:41:53.751 Session name: u972026836@45.87.81.214 (Ad-Hoc site)
. 2025-12-16 16:41:53.751 Host name: 45.87.81.214 (Port: 65002)
. 2025-12-16 16:41:53.751 User name: u972026836 (Password: Yes, Key file: No, Passphrase: No)
. 2025-12-16 16:41:53.751 Tunnel: No
. 2025-12-16 16:41:53.751 Transfer Protocol: SFTP
. 2025-12-16 16:41:53.751 Ping type: Off, Ping interval: 30 sec; Timeout: 15 sec
. 2025-12-16 16:41:53.751 Disable Nagle: No
. 2025-12-16 16:41:53.751 Proxy: None
. 2025-12-16 16:41:53.751 Send buffer: 262144
. 2025-12-16 16:41:53.751 Compression: No
. 2025-12-16 16:41:53.751 Bypass authentication: No
. 2025-12-16 16:41:53.751 Try agent: Yes; Agent forwarding: No; KI: Yes; GSSAPI: Yes
. 2025-12-16 16:41:53.751 GSSAPI: KEX: No; Forwarding: No; Libs: gssapi32,sspi,custom; Custom: 
. 2025-12-16 16:41:53.751 Ciphers: aes,chacha20,aesgcm,3des,WARN,des,blowfish,arcfour; Ssh2DES: No
. 2025-12-16 16:41:53.751 KEX: ntru-curve25519,mlkem-curve25519,mlkem-nist,ecdh,dh-gex-sha1,dh-group18-sha512,dh-group17-sha512,dh-group16-sha512,dh-group15-sha512,dh-group14-sha1,rsa,WARN,dh-group1-sha1
. 2025-12-16 16:41:53.751 SSH Bugs: Auto,Auto,Auto,Auto,Auto,Auto,Auto,Auto,Auto,Auto
. 2025-12-16 16:41:53.751 Simple channel: Yes
. 2025-12-16 16:41:53.751 Return code variable: Autodetect; Lookup user groups: Auto
. 2025-12-16 16:41:53.751 Shell: default
. 2025-12-16 16:41:53.751 EOL: LF, UTF: Auto
. 2025-12-16 16:41:53.751 Clear aliases: Yes, Unset nat.vars: Yes, Resolve symlinks: Yes; Follow directory symlinks: No
. 2025-12-16 16:41:53.751 LS: ls -la, Ign LS warn: Yes, Scp1 Comp: No; Exit code 1 is error: No
. 2025-12-16 16:41:53.751 SFTP Bugs: Auto,Auto
. 2025-12-16 16:41:53.751 SFTP Server: default
. 2025-12-16 16:41:53.751 Local directory: default, Remote directory: home, Update: Yes, Cache: Yes
. 2025-12-16 16:41:53.751 Cache directory changes: Yes, Permanent: Yes
. 2025-12-16 16:41:53.751 Recycle bin: Delete to: No, Overwritten to: No, Bin path: 
. 2025-12-16 16:41:53.751 DST mode: Unix
. 2025-12-16 16:41:53.751 --------------------------------------------------------------------------
< 2025-12-16 16:41:53.751 Script: Bezig met zoeken naar doelcomputer...
. 2025-12-16 16:41:53.755 Looking up host "45.87.81.214" for SSH connection
. 2025-12-16 16:41:53.756 Connecting to 45.87.81.214 port 65002
. 2025-12-16 16:41:53.765 Connected to 45.87.81.214 (from 192.168.1.181:64493)
< 2025-12-16 16:41:53.767 Script: Bezig met verbinding maken met doelcomputer...
. 2025-12-16 16:41:53.771 We claim version: SSH-2.0-WinSCP_release_6.5.5
. 2025-12-16 16:41:53.771 Connected to 45.87.81.214 (from 192.168.1.181:64493)
. 2025-12-16 16:41:53.813 Remote version: SSH-2.0-OpenSSH_8.7
. 2025-12-16 16:41:53.813 Using SSH protocol version 2
. 2025-12-16 16:41:53.814 Have a known host key of type ssh-ed25519
. 2025-12-16 16:41:53.828 Enabling strict key exchange semantics
. 2025-12-16 16:41:53.831 Doing ECDH key exchange with curve Curve25519, using hash SHA-256
. 2025-12-16 16:41:54.008 Server also has ecdsa-sha2-nistp256/rsa-sha2-512/rsa-sha2-256/ssh-rsa host keys, but we don't know any of them
. 2025-12-16 16:41:54.010 Host key fingerprint is:
. 2025-12-16 16:41:54.010 ssh-ed25519 255 SHA256:4mfb2c67Lhi/idZu+pyYocKONELisV4IInwlFdR8t98
< 2025-12-16 16:41:54.011 Script: Bezig met authenticatie...
. 2025-12-16 16:41:54.064 Host key matches cached key
. 2025-12-16 16:41:54.064 Initialised AES-256 SDCTR (AES-NI accelerated) [aes256-ctr] outbound encryption
. 2025-12-16 16:41:54.065 Initialised HMAC-SHA-256 outbound MAC algorithm
. 2025-12-16 16:41:54.065 Initialised AES-256 SDCTR (AES-NI accelerated) [aes256-ctr] inbound encryption
. 2025-12-16 16:41:54.065 Initialised HMAC-SHA-256 inbound MAC algorithm
! 2025-12-16 16:41:54.075 Using username "u972026836".
< 2025-12-16 16:41:54.075 Script: Met gebruikersnaam "u972026836".
. 2025-12-16 16:41:54.112 Server offered these authentication methods: publickey,password
. 2025-12-16 16:41:54.112 Prompt (password, "SSH password", <no instructions>, "&Wachtwoord: ")
. 2025-12-16 16:41:54.112 Using stored password.
< 2025-12-16 16:41:54.112 Script: Authenticatie met vooraf ingevoerd wachtwoord.
. 2025-12-16 16:41:54.199 Sent password
. 2025-12-16 16:41:54.229 Access granted
. 2025-12-16 16:41:54.229 Opening main session channel
. 2025-12-16 16:41:54.363 Opened main channel
. 2025-12-16 16:41:54.374 Started a shell/command
< 2025-12-16 16:41:54.374 Script: Authenticatie voltooid.
. 2025-12-16 16:41:54.398 --------------------------------------------------------------------------
. 2025-12-16 16:41:54.398 Using SFTP protocol.
. 2025-12-16 16:41:54.399 Doing startup conversation with host.
< 2025-12-16 16:41:54.399 Script: Bezig met starten van sessie...
. 2025-12-16 16:41:54.404 Well known server, allowing SFTP version 6.
> 2025-12-16 16:41:54.404 Type: SSH_FXP_INIT, Size: 5, Number: -1
< 2025-12-16 16:41:54.412 Type: SSH_FXP_VERSION, Size: 238, Number: -1
. 2025-12-16 16:41:54.412 SFTP version 3 negotiated.
. 2025-12-16 16:41:54.412 Supports extension posix-rename@openssh.com="1"
. 2025-12-16 16:41:54.412 Supports statvfs@openssh.com extension version 2
. 2025-12-16 16:41:54.412 Unknown server extension fstatvfs@openssh.com="2"
. 2025-12-16 16:41:54.412 Supports hardlink@openssh.com extension version 1
. 2025-12-16 16:41:54.412 Unknown server extension fsync@openssh.com="1"
. 2025-12-16 16:41:54.412 Unknown server extension lsetstat@openssh.com="1"
. 2025-12-16 16:41:54.412 Supports limits@openssh.com extension version 1
. 2025-12-16 16:41:54.412 Unknown server extension expand-path@openssh.com="1"
. 2025-12-16 16:41:54.412 We believe the server has signed timestamps bug
. 2025-12-16 16:41:54.412 We will use UTF-8 strings until server sends an invalid UTF-8 string as with SFTP version 3 and older UTF-8 strings are not mandatory
> 2025-12-16 16:41:54.413 Type: SSH_FXP_EXTENDED, Size: 27, Number: 200
< 2025-12-16 16:41:54.420 Type: SSH_FXP_EXTENDED_REPLY, Size: 37, Number: 200
. 2025-12-16 16:41:54.420 Limiting packet size to server's limit of 262144 + 4 bytes
. 2025-12-16 16:41:54.420 Getting current directory name.
. 2025-12-16 16:41:54.421 Getting real path for '.'
> 2025-12-16 16:41:54.421 Type: SSH_FXP_REALPATH, Size: 10, Number: 272
< 2025-12-16 16:41:54.427 Type: SSH_FXP_NAME, Size: 53, Number: 272
. 2025-12-16 16:41:54.427 Real path is '/home/u972026836'
. 2025-12-16 16:41:54.428 Startup conversation with host finished.
< 2025-12-16 16:41:54.428 Script: Sessie gestart.
< 2025-12-16 16:41:54.486 Script: Actieve sessie: [1] u972026836@45.87.81.214
> 2025-12-16 16:41:54.530 Script: option transfer binary
< 2025-12-16 16:41:54.530 Script: transfer        binary    
> 2025-12-16 16:41:54.531 Script: call mkdir /public_html
< 2025-12-16 16:41:54.532 [Shell] Script: Bezig met zoeken naar doelcomputer...
. 2025-12-16 16:41:54.589 [Shell] Looking up host "45.87.81.214" for SSH connection
. 2025-12-16 16:41:54.589 [Shell] Connecting to 45.87.81.214 port 65002
. 2025-12-16 16:41:54.597 [Shell] Connected to 45.87.81.214 (from 192.168.1.181:64497)
< 2025-12-16 16:41:54.597 [Shell] Script: Bezig met verbinding maken met doelcomputer...
. 2025-12-16 16:41:54.635 [Shell] We claim version: SSH-2.0-WinSCP_release_6.5.5
. 2025-12-16 16:41:54.635 [Shell] Connected to 45.87.81.214 (from 192.168.1.181:64497)
. 2025-12-16 16:41:54.635 [Shell] Remote version: SSH-2.0-OpenSSH_8.7
. 2025-12-16 16:41:54.635 [Shell] Using SSH protocol version 2
. 2025-12-16 16:41:54.637 [Shell] Have a known host key of type ssh-ed25519
. 2025-12-16 16:41:54.645 [Shell] Enabling strict key exchange semantics
. 2025-12-16 16:41:54.645 [Shell] Doing ECDH key exchange with curve Curve25519, using hash SHA-256
. 2025-12-16 16:41:54.887 [Shell] Server also has ecdsa-sha2-nistp256/rsa-sha2-512/rsa-sha2-256/ssh-rsa host keys, but we don't know any of them
. 2025-12-16 16:41:54.888 [Shell] Host key fingerprint is:
. 2025-12-16 16:41:54.888 [Shell] ssh-ed25519 255 SHA256:4mfb2c67Lhi/idZu+pyYocKONELisV4IInwlFdR8t98
< 2025-12-16 16:41:54.889 [Shell] Script: Bezig met authenticatie...
. 2025-12-16 16:41:54.955 [Shell] Host key matches cached key
. 2025-12-16 16:41:54.957 [Shell] Initialised AES-256 SDCTR (AES-NI accelerated) [aes256-ctr] outbound encryption
. 2025-12-16 16:41:54.957 [Shell] Initialised HMAC-SHA-256 outbound MAC algorithm
. 2025-12-16 16:41:54.957 [Shell] Initialised AES-256 SDCTR (AES-NI accelerated) [aes256-ctr] inbound encryption
. 2025-12-16 16:41:54.957 [Shell] Initialised HMAC-SHA-256 inbound MAC algorithm
! 2025-12-16 16:41:54.966 [Shell] Using username "u972026836".
< 2025-12-16 16:41:54.967 [Shell] Script: Met gebruikersnaam "u972026836".
. 2025-12-16 16:41:54.980 [Shell] Server offered these authentication methods: publickey,password
. 2025-12-16 16:41:54.980 [Shell] Prompt (password, "SSH password", <no instructions>, "&Wachtwoord: ")
. 2025-12-16 16:41:54.980 [Shell] Using stored password.
< 2025-12-16 16:41:54.980 [Shell] Script: Authenticatie met vooraf ingevoerd wachtwoord.
. 2025-12-16 16:41:55.048 [Shell] Sent password
. 2025-12-16 16:41:55.077 [Shell] Access granted
. 2025-12-16 16:41:55.078 [Shell] Opening main session channel
. 2025-12-16 16:41:55.179 [Shell] Opened main channel
. 2025-12-16 16:41:55.195 [Shell] Started a shell/command
< 2025-12-16 16:41:55.195 [Shell] Script: Authenticatie voltooid.
. 2025-12-16 16:41:55.199 [Shell] --------------------------------------------------------------------------
. 2025-12-16 16:41:55.200 [Shell] Using SCP protocol.
. 2025-12-16 16:41:55.200 [Shell] Doing startup conversation with host.
< 2025-12-16 16:41:55.200 [Shell] Script: Bezig met starten van sessie...
. 2025-12-16 16:41:55.202 [Shell] Skipping host startup message (if any).
> 2025-12-16 16:41:55.202 [Shell] echo "WinSCP: this is end-of-file:0"
< 2025-12-16 16:41:55.312 [Shell] [0;35m
< 2025-12-16 16:41:55.312 [Shell]    HHHH               HHHH
< 2025-12-16 16:41:55.312 [Shell]    HHHHHHHH           HHHHHHHH
< 2025-12-16 16:41:55.312 [Shell]    HHHHHHHH           HHHHHHHH
< 2025-12-16 16:41:55.312 [Shell]    HHHHHHHH           HHHHHHHH
< 2025-12-16 16:41:55.312 [Shell]    HHHHHHHHHHHHHHHHHHHH  HHHHH
< 2025-12-16 16:41:55.312 [Shell]    HHHHHHHHHHHHHHHHHHHHHHHHH
< 2025-12-16 16:41:55.313 [Shell]      HHHHHHHHHHHHHHHHHHHHHHHHH
< 2025-12-16 16:41:55.313 [Shell]    HHHH  HHHHHHHHHHHHHHHHHHHHH
< 2025-12-16 16:41:55.313 [Shell]    HHHHHHHH           HHHHHHHH
< 2025-12-16 16:41:55.313 [Shell]    HHHHHHHH           HHHHHHHH
< 2025-12-16 16:41:55.313 [Shell]    HHHHHHHH           HHHHHHHH
< 2025-12-16 16:41:55.313 [Shell]        HHHH               HHHH
< 2025-12-16 16:41:55.313 [Shell] [0mWelcome back! The time now is 15:42 UTC
< 2025-12-16 16:41:55.313 [Shell] Server load: 15.31, 14.38, 14.54
< 2025-12-16 16:41:55.313 [Shell] Link to hPanel: 
< 2025-12-16 16:41:55.313 [Shell] https://hpanel.hostinger.com/ 
< 2025-12-16 16:41:55.662 [Shell] WinSCP: this is end-of-file:0
. 2025-12-16 16:41:55.663 [Shell] Detecting variable containing return code of last command.
. 2025-12-16 16:41:55.663 [Shell] Trying "$status".
> 2025-12-16 16:41:55.663 [Shell] echo "$status" ; echo "WinSCP: this is end-of-file:0"
< 2025-12-16 16:41:55.676 [Shell] WinSCP: this is end-of-file:0
. 2025-12-16 16:41:55.676 [Shell] The response is not numerical exit code
. 2025-12-16 16:41:55.678 [Shell] Trying "$?".
> 2025-12-16 16:41:55.678 [Shell] echo "$?" ; echo "WinSCP: this is end-of-file:0"
< 2025-12-16 16:41:55.685 [Shell] 0
< 2025-12-16 16:41:55.686 [Shell] WinSCP: this is end-of-file:0
. 2025-12-16 16:41:55.686 [Shell] Return code variable "$?" selected.
> 2025-12-16 16:41:55.686 [Shell] printenv LANG ; echo "WinSCP: this is end-of-file:$?"
< 2025-12-16 16:41:55.710 [Shell] en_US.UTF-8
< 2025-12-16 16:41:55.710 [Shell] WinSCP: this is end-of-file:0
. 2025-12-16 16:41:55.710 [Shell] We will use UTF-8
. 2025-12-16 16:41:55.710 [Shell] Changing directory to "/home/u972026836".
> 2025-12-16 16:41:55.710 [Shell] cd "/home/u972026836" ; echo "WinSCP: this is end-of-file:$?"
< 2025-12-16 16:41:55.717 [Shell] WinSCP: this is end-of-file:0
. 2025-12-16 16:41:55.717 [Shell] Getting current directory name.
> 2025-12-16 16:41:55.717 [Shell] pwd ; echo "WinSCP: this is end-of-file:$?"
< 2025-12-16 16:41:55.726 [Shell] /home/u972026836
< 2025-12-16 16:41:55.727 [Shell] WinSCP: this is end-of-file:0
. 2025-12-16 16:41:55.727 [Shell] Startup conversation with host finished.
< 2025-12-16 16:41:55.727 [Shell] Script: Sessie gestart.
. 2025-12-16 16:41:55.738 Executing user defined command.
. 2025-12-16 16:41:55.738 Performing operation on command session.
> 2025-12-16 16:41:55.738 [Shell] mkdir /public_html ; echo "WinSCP: this is end-of-file:$?"
< 2025-12-16 16:41:55.751 Script: mkdir: cannot create directory ‘/public_html’: Permission denied
! 2025-12-16 16:41:55.785 [Shell] mkdir: cannot create directory ‘/public_html’: Permission denied
< 2025-12-16 16:41:55.785 [Shell] WinSCP: this is end-of-file:1
* 2025-12-16 16:41:55.798 (ETerminal) **Opdracht 'mkdir /public_html'
* 2025-12-16 16:41:55.798 mislukt met retourneercode 1 en het volgende foutbericht.**
* 2025-12-16 16:41:55.798 mkdir: cannot create directory ‘/public_html’: Permission denied
< 2025-12-16 16:41:55.798 Script: Opdracht 'mkdir /public_html'
< 2025-12-16 16:41:55.798 mislukt met retourneercode 1 en het volgende foutbericht.
< 2025-12-16 16:41:55.798 mkdir: cannot create directory ‘/public_html’: Permission denied
. 2025-12-16 16:41:55.804 Script: Failed
. 2025-12-16 16:41:55.804 Script: Exit code: 1
. 2025-12-16 16:41:55.804 Closing connection.
. 2025-12-16 16:41:55.804 Sending special code: 1
. 2025-12-16 16:41:55.814 Session sent command exit status 0
. 2025-12-16 16:41:55.814 Main session channel closed
. 2025-12-16 16:41:55.814 All channels closed
. 2025-12-16 16:41:55.816 [Shell] Closing connection.
. 2025-12-16 16:41:55.816 [Shell] Sending special code: 1
. 2025-12-16 16:41:55.826 [Shell] Session sent command exit status 0
. 2025-12-16 16:41:55.827 [Shell] Main session channel closed
. 2025-12-16 16:41:55.827 [Shell] All channels closed
