. 2025-12-16 16:40:16.307 --------------------------------------------------------------------------
. 2025-12-16 16:40:16.316 WinSCP Versie 6.5.5 (Build 16453 2025-11-19) (OS 10.0.26100 – Windows 11 Pro)
. 2025-12-16 16:40:16.316 Configuration: HKCU\Software\Martin Prikryl\WinSCP 2\
. 2025-12-16 16:40:16.318 Log level: Normal
. 2025-12-16 16:40:16.318 Local account: DESKTOP-U2AII26\Gebruiker
. 2025-12-16 16:40:16.318 Working directory: D:\busineshuboffline CHATGTP\TOGETHERSYSTEMS- GITHUB\Nieuwe map (3)\docs\multi-industry-docs
. 2025-12-16 16:40:16.318 Process ID: 56940
. 2025-12-16 16:40:16.522 Ancestor processes: WinSCP, powershell, pwsh, Code, Code, ...
. 2025-12-16 16:40:16.523 Command-line: "D:\Program Files (x86)\WinSCP\WinSCP.exe" /console=6.5.5 /consoleinstance=_52024_874 "/script=D:\busineshuboffline CHATGTP\TOGETHERSYSTEMS- GITHUB\Nieuwe map (3)\winscp_deploy_session.txt" "/log=D:\busineshuboffline CHATGTP\TOGETHERSYSTEMS- GITHUB\Nieuwe map (3)\deployment.log" 
. 2025-12-16 16:40:16.523 Time zone: Current: GMT+1, Standard: GMT+1 (West-Europa (standaardtijd)), DST: GMT+2 (West-Europa (zomertijd)), DST Start: 30/03/2025, DST End: 26/10/2025
. 2025-12-16 16:40:16.523 Login time: Tuesday, 16 December 2025 16:40:16
. 2025-12-16 16:40:16.523 --------------------------------------------------------------------------
. 2025-12-16 16:40:16.523 Script: Retrospectively logging previous script records:
> 2025-12-16 16:40:16.523 Script: option batch abort
< 2025-12-16 16:40:16.523 Script: batch           abort     
> 2025-12-16 16:40:16.523 Script: option confirm off
< 2025-12-16 16:40:16.525 Script: confirm         off       
> 2025-12-16 16:40:16.525 Script: open sftp://u972026836:***@45.87.81.214:65002
. 2025-12-16 16:40:16.525 --------------------------------------------------------------------------
. 2025-12-16 16:40:16.525 Session name: u972026836@45.87.81.214 (Ad-Hoc site)
. 2025-12-16 16:40:16.525 Host name: 45.87.81.214 (Port: 65002)
. 2025-12-16 16:40:16.525 User name: u972026836 (Password: Yes, Key file: No, Passphrase: No)
. 2025-12-16 16:40:16.525 Tunnel: No
. 2025-12-16 16:40:16.525 Transfer Protocol: SFTP
. 2025-12-16 16:40:16.526 Ping type: Off, Ping interval: 30 sec; Timeout: 15 sec
. 2025-12-16 16:40:16.526 Disable Nagle: No
. 2025-12-16 16:40:16.526 Proxy: None
. 2025-12-16 16:40:16.526 Send buffer: 262144
. 2025-12-16 16:40:16.526 Compression: No
. 2025-12-16 16:40:16.526 Bypass authentication: No
. 2025-12-16 16:40:16.526 Try agent: Yes; Agent forwarding: No; KI: Yes; GSSAPI: Yes
. 2025-12-16 16:40:16.526 GSSAPI: KEX: No; Forwarding: No; Libs: gssapi32,sspi,custom; Custom: 
. 2025-12-16 16:40:16.526 Ciphers: aes,chacha20,aesgcm,3des,WARN,des,blowfish,arcfour; Ssh2DES: No
. 2025-12-16 16:40:16.526 KEX: ntru-curve25519,mlkem-curve25519,mlkem-nist,ecdh,dh-gex-sha1,dh-group18-sha512,dh-group17-sha512,dh-group16-sha512,dh-group15-sha512,dh-group14-sha1,rsa,WARN,dh-group1-sha1
. 2025-12-16 16:40:16.526 SSH Bugs: Auto,Auto,Auto,Auto,Auto,Auto,Auto,Auto,Auto,Auto
. 2025-12-16 16:40:16.526 Simple channel: Yes
. 2025-12-16 16:40:16.526 Return code variable: Autodetect; Lookup user groups: Auto
. 2025-12-16 16:40:16.526 Shell: default
. 2025-12-16 16:40:16.526 EOL: LF, UTF: Auto
. 2025-12-16 16:40:16.526 Clear aliases: Yes, Unset nat.vars: Yes, Resolve symlinks: Yes; Follow directory symlinks: No
. 2025-12-16 16:40:16.526 LS: ls -la, Ign LS warn: Yes, Scp1 Comp: No; Exit code 1 is error: No
. 2025-12-16 16:40:16.526 SFTP Bugs: Auto,Auto
. 2025-12-16 16:40:16.526 SFTP Server: default
. 2025-12-16 16:40:16.527 Local directory: default, Remote directory: home, Update: Yes, Cache: Yes
. 2025-12-16 16:40:16.527 Cache directory changes: Yes, Permanent: Yes
. 2025-12-16 16:40:16.527 Recycle bin: Delete to: No, Overwritten to: No, Bin path: 
. 2025-12-16 16:40:16.527 DST mode: Unix
. 2025-12-16 16:40:16.527 --------------------------------------------------------------------------
< 2025-12-16 16:40:16.527 Script: Bezig met zoeken naar doelcomputer...
. 2025-12-16 16:40:16.533 Looking up host "45.87.81.214" for SSH connection
. 2025-12-16 16:40:16.536 Connecting to 45.87.81.214 port 65002
. 2025-12-16 16:40:16.546 Connected to 45.87.81.214 (from 192.168.1.181:64405)
< 2025-12-16 16:40:16.547 Script: Bezig met verbinding maken met doelcomputer...
. 2025-12-16 16:40:16.548 We claim version: SSH-2.0-WinSCP_release_6.5.5
. 2025-12-16 16:40:16.548 Connected to 45.87.81.214 (from 192.168.1.181:64405)
. 2025-12-16 16:40:16.584 Remote version: SSH-2.0-OpenSSH_8.7
. 2025-12-16 16:40:16.584 Using SSH protocol version 2
. 2025-12-16 16:40:16.598 Enabling strict key exchange semantics
. 2025-12-16 16:40:16.600 Doing ECDH key exchange with curve Curve25519, using hash SHA-256
. 2025-12-16 16:40:16.777 Server also has ecdsa-sha2-nistp256/rsa-sha2-512/rsa-sha2-256/ssh-rsa host keys, but we don't know any of them
. 2025-12-16 16:40:16.777 Host key fingerprint is:
. 2025-12-16 16:40:16.778 ssh-ed25519 255 SHA256:4mfb2c67Lhi/idZu+pyYocKONELisV4IInwlFdR8t98
< 2025-12-16 16:40:16.778 Script: Bezig met authenticatie...
. 2025-12-16 16:40:16.816 Asking user:
. 2025-12-16 16:40:16.816 **Doorgaan met verbinden met een onbekende server en de serversleutel toevoegen aan een cache?**
. 2025-12-16 16:40:16.817 
. 2025-12-16 16:40:16.817 De hostsleutel is niet in de cache opgeslagen voor deze server:
. 2025-12-16 16:40:16.817 45.87.81.214 (poort 65002)
. 2025-12-16 16:40:16.817 
. 2025-12-16 16:40:16.817 U heeft geen garantie dat de server is welke u denkt dat het is.
. 2025-12-16 16:40:16.817 
. 2025-12-16 16:40:16.817     De ssh-ed25519 sleuteldetails zijn:
. 2025-12-16 16:40:16.817     ssh-ed25519 255 4mfb2c67Lhi/idZu+pyYocKONELisV4IInwlFdR8t98
. 2025-12-16 16:40:16.817 
. 2025-12-16 16:40:16.817 Als u deze server vertrouwt, kies Akkoord om de sleutel aan de WinSCP-cache toe te voegen en door te gaan met verbinden.
. 2025-12-16 16:40:16.817 Als u door wilt gaan eenmalig te verbinden, zonder de sleutel aan de cache toe te voegen, selecteer Verbind eenmalig.
. 2025-12-16 16:40:16.817 Als u de server niet vertrouwt, selecteer Annuleren om de verbinding te verbreken.
. 2025-12-16 16:40:16.817 
. 2025-12-16 16:40:16.817 Tijdens scripting moet je -hostkey parameter gebruiken om de verwachte server sleutel te configureren. ()
< 2025-12-16 16:40:16.817 Script: Doorgaan met verbinden met een onbekende server en de serversleutel toevoegen aan een cache?
< 2025-12-16 16:40:16.817 De hostsleutel is niet in de cache opgeslagen voor deze server:
< 2025-12-16 16:40:16.817 45.87.81.214 (poort 65002)
< 2025-12-16 16:40:16.817 U heeft geen garantie dat de server is welke u denkt dat het is.
< 2025-12-16 16:40:16.817     De ssh-ed25519 sleuteldetails zijn:
< 2025-12-16 16:40:16.817     ssh-ed25519 255 4mfb2c67Lhi/idZu+pyYocKONELisV4IInwlFdR8t98
< 2025-12-16 16:40:16.817 Als u deze server vertrouwt, kies Akkoord om de sleutel aan de WinSCP-cache toe te voegen en door te gaan met verbinden.
< 2025-12-16 16:40:16.817 Als u door wilt gaan eenmalig te verbinden, zonder de sleutel aan de cache toe te voegen, selecteer Verbind eenmalig.
< 2025-12-16 16:40:16.817 Als u de server niet vertrouwt, selecteer Annuleren om de verbinding te verbreken.
< 2025-12-16 16:40:16.817 Tijdens scripting moet je -hostkey parameter gebruiken om de verwachte server sleutel te configureren.
. 2025-12-16 16:40:25.570 Answer: Yes
. 2025-12-16 16:40:25.581 Initialised AES-256 SDCTR (AES-NI accelerated) [aes256-ctr] outbound encryption
. 2025-12-16 16:40:25.581 Initialised HMAC-SHA-256 outbound MAC algorithm
. 2025-12-16 16:40:25.581 Initialised AES-256 SDCTR (AES-NI accelerated) [aes256-ctr] inbound encryption
. 2025-12-16 16:40:25.581 Initialised HMAC-SHA-256 inbound MAC algorithm
! 2025-12-16 16:40:25.608 Using username "u972026836".
< 2025-12-16 16:40:25.608 Script: Met gebruikersnaam "u972026836".
. 2025-12-16 16:40:25.633 Server offered these authentication methods: publickey,password
. 2025-12-16 16:40:25.633 Prompt (password, "SSH password", <no instructions>, "&Wachtwoord: ")
. 2025-12-16 16:40:25.633 Using stored password.
< 2025-12-16 16:40:25.633 Script: Authenticatie met vooraf ingevoerd wachtwoord.
. 2025-12-16 16:40:25.644 Sent password
. 2025-12-16 16:40:25.677 Access granted
. 2025-12-16 16:40:25.679 Opening main session channel
. 2025-12-16 16:40:25.836 Opened main channel
. 2025-12-16 16:40:25.848 Started a shell/command
< 2025-12-16 16:40:25.848 Script: Authenticatie voltooid.
. 2025-12-16 16:40:25.851 --------------------------------------------------------------------------
. 2025-12-16 16:40:25.853 Using SFTP protocol.
. 2025-12-16 16:40:25.854 Doing startup conversation with host.
< 2025-12-16 16:40:25.854 Script: Bezig met starten van sessie...
. 2025-12-16 16:40:25.855 Well known server, allowing SFTP version 6.
> 2025-12-16 16:40:25.855 Type: SSH_FXP_INIT, Size: 5, Number: -1
< 2025-12-16 16:40:25.863 Type: SSH_FXP_VERSION, Size: 238, Number: -1
. 2025-12-16 16:40:25.863 SFTP version 3 negotiated.
. 2025-12-16 16:40:25.863 Supports extension posix-rename@openssh.com="1"
. 2025-12-16 16:40:25.863 Supports statvfs@openssh.com extension version 2
. 2025-12-16 16:40:25.863 Unknown server extension fstatvfs@openssh.com="2"
. 2025-12-16 16:40:25.863 Supports hardlink@openssh.com extension version 1
. 2025-12-16 16:40:25.863 Unknown server extension fsync@openssh.com="1"
. 2025-12-16 16:40:25.863 Unknown server extension lsetstat@openssh.com="1"
. 2025-12-16 16:40:25.863 Supports limits@openssh.com extension version 1
. 2025-12-16 16:40:25.863 Unknown server extension expand-path@openssh.com="1"
. 2025-12-16 16:40:25.863 We believe the server has signed timestamps bug
. 2025-12-16 16:40:25.863 We will use UTF-8 strings until server sends an invalid UTF-8 string as with SFTP version 3 and older UTF-8 strings are not mandatory
> 2025-12-16 16:40:25.863 Type: SSH_FXP_EXTENDED, Size: 27, Number: 200
< 2025-12-16 16:40:25.873 Type: SSH_FXP_EXTENDED_REPLY, Size: 37, Number: 200
. 2025-12-16 16:40:25.873 Limiting packet size to server's limit of 262144 + 4 bytes
. 2025-12-16 16:40:25.873 Getting current directory name.
. 2025-12-16 16:40:25.873 Getting real path for '.'
> 2025-12-16 16:40:25.876 Type: SSH_FXP_REALPATH, Size: 10, Number: 272
< 2025-12-16 16:40:25.882 Type: SSH_FXP_NAME, Size: 53, Number: 272
. 2025-12-16 16:40:25.882 Real path is '/home/u972026836'
. 2025-12-16 16:40:25.882 Startup conversation with host finished.
< 2025-12-16 16:40:25.882 Script: Sessie gestart.
< 2025-12-16 16:40:25.885 Script: Actieve sessie: [1] u972026836@45.87.81.214
> 2025-12-16 16:40:25.889 Script: option transfer binary
< 2025-12-16 16:40:25.889 Script: transfer        binary    
> 2025-12-16 16:40:25.938 Script: synchronize remote "D:\busineshuboffline CHATGTP\TOGETHERSYSTEMS- GITHUB\Nieuwe map (3)\docs\multi-industry-docs" "/public_html"
< 2025-12-16 16:40:25.938 Script: Bezig met vergelijken...
. 2025-12-16 16:40:25.946 Collecting synchronization list for local directory 'D:\busineshuboffline CHATGTP\TOGETHERSYSTEMS- GITHUB\Nieuwe map (3)\docs\multi-industry-docs' and remote directory '/public_html', mode = Remote, params = 0x2 (NoConfirmation), file mask = ''
. 2025-12-16 16:40:25.954 Local file 'D:\busineshuboffline CHATGTP\TOGETHERSYSTEMS- GITHUB\Nieuwe map (3)\docs\multi-industry-docs\.' [2025-12-16T14:55:21.051Z] [0] excluded from synchronization
. 2025-12-16 16:40:25.954 Local file 'D:\busineshuboffline CHATGTP\TOGETHERSYSTEMS- GITHUB\Nieuwe map (3)\docs\multi-industry-docs\..' [2025-12-16T10:28:22.968Z] [0] excluded from synchronization
. 2025-12-16 16:40:25.954 Local file 'D:\busineshuboffline CHATGTP\TOGETHERSYSTEMS- GITHUB\Nieuwe map (3)\docs\multi-industry-docs\build.js' [2025-12-16T08:01:05.876Z] [12228] included to synchronization
. 2025-12-16 16:40:25.954 Local file 'D:\busineshuboffline CHATGTP\TOGETHERSYSTEMS- GITHUB\Nieuwe map (3)\docs\multi-industry-docs\check_teaching.ps1' [2025-12-16T14:55:35.342Z] [834] included to synchronization
. 2025-12-16 16:40:25.954 Local file 'D:\busineshuboffline CHATGTP\TOGETHERSYSTEMS- GITHUB\Nieuwe map (3)\docs\multi-industry-docs\css' [2025-12-15T21:09:58.577Z] [0] included to synchronization
. 2025-12-16 16:40:25.954 Local file 'D:\busineshuboffline CHATGTP\TOGETHERSYSTEMS- GITHUB\Nieuwe map (3)\docs\multi-industry-docs\dist' [2025-12-16T08:01:33.882Z] [0] included to synchronization
. 2025-12-16 16:40:25.954 Local file 'D:\busineshuboffline CHATGTP\TOGETHERSYSTEMS- GITHUB\Nieuwe map (3)\docs\multi-industry-docs\index.html' [2025-12-15T20:45:05.353Z] [6523] included to synchronization
. 2025-12-16 16:40:25.954 Local file 'D:\busineshuboffline CHATGTP\TOGETHERSYSTEMS- GITHUB\Nieuwe map (3)\docs\multi-industry-docs\industries' [2025-12-15T20:58:12.343Z] [0] included to synchronization
. 2025-12-16 16:40:25.954 Local file 'D:\busineshuboffline CHATGTP\TOGETHERSYSTEMS- GITHUB\Nieuwe map (3)\docs\multi-industry-docs\js' [2025-12-15T20:50:51.433Z] [0] included to synchronization
. 2025-12-16 16:40:25.954 Local file 'D:\busineshuboffline CHATGTP\TOGETHERSYSTEMS- GITHUB\Nieuwe map (3)\docs\multi-industry-docs\node_modules' [2025-12-16T02:41:35.168Z] [0] included to synchronization
. 2025-12-16 16:40:25.954 Local file 'D:\busineshuboffline CHATGTP\TOGETHERSYSTEMS- GITHUB\Nieuwe map (3)\docs\multi-industry-docs\package-lock.json' [2025-12-16T07:50:50.149Z] [88361] included to synchronization
. 2025-12-16 16:40:25.954 Local file 'D:\busineshuboffline CHATGTP\TOGETHERSYSTEMS- GITHUB\Nieuwe map (3)\docs\multi-industry-docs\package.json' [2025-12-16T02:41:34.985Z] [892] included to synchronization
. 2025-12-16 16:40:25.954 Local file 'D:\busineshuboffline CHATGTP\TOGETHERSYSTEMS- GITHUB\Nieuwe map (3)\docs\multi-industry-docs\src' [2025-12-16T07:36:12.474Z] [0] included to synchronization
. 2025-12-16 16:40:25.954 Local file 'D:\busineshuboffline CHATGTP\TOGETHERSYSTEMS- GITHUB\Nieuwe map (3)\docs\multi-industry-docs\templates' [2025-12-15T20:50:40.252Z] [0] included to synchronization
. 2025-12-16 16:40:25.954 Listing directory "/public_html".
> 2025-12-16 16:40:25.954 Type: SSH_FXP_OPENDIR, Size: 21, Number: 523
< 2025-12-16 16:40:25.968 Type: SSH_FXP_STATUS, Size: 29, Number: 523
< 2025-12-16 16:40:25.969 Status code: 2, Message: 523, Server: No such file, Language:  
. 2025-12-16 16:40:25.984 Asking user:
. 2025-12-16 16:40:25.984 Fout tijdens weergeven van het overzicht van map '/public_html'. ("Bestand of map bestaat niet.
. 2025-12-16 16:40:25.984 Foutcode: 2
. 2025-12-16 16:40:25.984 Foutmelding van server: No such file")
< 2025-12-16 16:40:25.984 Script: Fout tijdens weergeven van het overzicht van map '/public_html'.
< 2025-12-16 16:40:25.985 Script: Bestand of map bestaat niet.
< 2025-12-16 16:40:25.985 Foutcode: 2
< 2025-12-16 16:40:25.985 Foutmelding van server: No such file
. 2025-12-16 16:40:25.988 Answer: Abort
. 2025-12-16 16:40:25.990 Script: Failed
. 2025-12-16 16:40:25.990 Script: Exit code: 1
. 2025-12-16 16:40:25.990 Closing connection.
. 2025-12-16 16:40:25.990 Sending special code: 1
. 2025-12-16 16:40:26.004 Session sent command exit status 0
. 2025-12-16 16:40:26.004 Main session channel closed
. 2025-12-16 16:40:26.005 All channels closed
