**********************
Windows PowerShell transcript start
Start time: 20251209135056
Username: DESKTOP-U2AII26\Gebruiker
RunAs User: DESKTOP-U2AII26\Gebruiker
Configuration Name: 
Machine: DESKTOP-U2AII26 (Microsoft Windows NT 10.0.26100.0)
Host Application: C:\WINDOWS\System32\WindowsPowerShell\v1.0\powershell.exe -ExecutionPolicy Bypass -File .\deploy-all.ps1
Process ID: 17296
PSVersion: 5.1.26100.7019
PSEdition: Desktop
PSCompatibleVersions: 1.0, 2.0, 3.0, 4.0, 5.0, 5.1.26100.7019
BuildVersion: 10.0.26100.7019
CLRVersion: 4.0.30319.42000
WSManStackVersion: 3.0
PSRemotingProtocolVersion: 2.3
SerializationVersion: 1.1.0.1
**********************
Transcript started, output file is d:\busineshuboffline CHATGTP\TOGETHERSYSTEMS- GITHUB\Nieuwe map (3)\deployment_20251209_135056.log
ðŸš€ Starting Deployment Process - 12/09/2025 13:50:56
[INFO] Step 1/6: Updating dependencies...
PS>TerminatingError(Add-Content): "The running command stopped because the preference variable "ErrorActionPreference" or common parameter is set to Stop: Kan geen toegang krijgen tot het bestand D:\busineshuboffline CHATGTP\TOGETHERSYSTEMS- GITHUB\Nieuwe map (3)\deployment_20251209_135056.log omdat het wordt gebruikt door een ander proces."
>> TerminatingError(Add-Content): "The running command stopped because the preference variable "ErrorActionPreference" or common parameter is set to Stop: Kan geen toegang krijgen tot het bestand D:\busineshuboffline CHATGTP\TOGETHERSYSTEMS- GITHUB\Nieuwe map (3)\deployment_20251209_135056.log omdat het wordt gebruikt door een ander proces."
[ERROR] Failed to update dependencies: Kan geen toegang krijgen tot het bestand D:\busineshuboffline CHATGTP\TOGETHERSYSTEMS- GITHUB\Nieuwe map (3)\deployment_20251209_135056.log omdat het wordt gebruikt door een ander proces.
PS>TerminatingError(Add-Content): "The running command stopped because the preference variable "ErrorActionPreference" or common parameter is set to Stop: Kan geen toegang krijgen tot het bestand D:\busineshuboffline CHATGTP\TOGETHERSYSTEMS- GITHUB\Nieuwe map (3)\deployment_20251209_135056.log omdat het wordt gebruikt door een ander proces."
>> TerminatingError(Add-Content): "The running command stopped because the preference variable "ErrorActionPreference" or common parameter is set to Stop: Kan geen toegang krijgen tot het bestand D:\busineshuboffline CHATGTP\TOGETHERSYSTEMS- GITHUB\Nieuwe map (3)\deployment_20251209_135056.log omdat het wordt gebruikt door een ander proces."
>> TerminatingError(Add-Content): "The running command stopped because the preference variable "ErrorActionPreference" or common parameter is set to Stop: Kan geen toegang krijgen tot het bestand D:\busineshuboffline CHATGTP\TOGETHERSYSTEMS- GITHUB\Nieuwe map (3)\deployment_20251209_135056.log omdat het wordt gebruikt door een ander proces."
The running command stopped because the preference variable "ErrorActionPreference" or common parameter is set to Stop: Kan geen toegang krijgen tot het bestand D:\busineshuboffline CHATGTP\TOGETHERSYSTEMS- GITHUB\Nieuwe map (3)\deployment_20251209_135056.log omdat het wordt gebruikt door een ander proces.
Add-Content : Kan geen
toegang krijgen tot het
bestand D:\busineshuboffline
CHATGTP\TOGETHERSYSTEMS-
GITHUB\Nieuwe map (3)\deploym
ent_20251209_135056.log
omdat het wordt gebruikt
door een ander proces.
At D:\busineshuboffline
CHATGTP\TOGETHERSYSTEMS-
GITHUB\Nieuwe map
(3)\deploy-all.ps1:30 char:5
+     Add-Content -Path
$deploymentLog -Value
"[$(Get-Date)] [ERROR] $m ...
+     ~~~~~~~~~~~~~~~~~~~~~~~
~~~~~~~~~~~~~~~~~~~~~~~~~~~~~
~~~~~~~~~~~~~
    + CategoryInfo
   : WriteError: (D:\busine
  shubof...1209_135056.log
 :String) [Add-Content],
IOException
    + FullyQualifiedErrorId
   : GetContentWriterIOErro
  r,Microsoft.PowerShell.C
 ommands.AddContentComman
d

**********************
Windows PowerShell transcript end
End time: 20251209135056
**********************
