. 2025-12-16 16:59:24.094 --------------------------------------------------------------------------
. 2025-12-16 16:59:24.100 WinSCP Versie 6.5.5 (Build 16453 2025-11-19) (OS 10.0.26100 – Windows 11 Pro)
. 2025-12-16 16:59:24.100 Configuration: HKCU\Software\Martin Prikryl\WinSCP 2\
. 2025-12-16 16:59:24.100 Log level: Normal
. 2025-12-16 16:59:24.100 Local account: DESKTOP-U2AII26\Gebruiker
. 2025-12-16 16:59:24.100 Working directory: D:\busineshuboffline CHATGTP\TOGETHERSYSTEMS- GITHUB\Nieuwe map (3)
. 2025-12-16 16:59:24.100 Process ID: 49092
. 2025-12-16 16:59:24.277 Ancestor processes: WinSCP, pwsh, Code, Code, ...
. 2025-12-16 16:59:24.278 Command-line: "D:\Program Files (x86)\WinSCP\WinSCP.exe" /console=6.5.5 /consoleinstance=_38476_850 "/script=winscp_discover_paths.txt" "/log=discover_paths.log" 
. 2025-12-16 16:59:24.280 Time zone: Current: GMT+1, Standard: GMT+1 (West-Europa (standaardtijd)), DST: GMT+2 (West-Europa (zomertijd)), DST Start: 30/03/2025, DST End: 26/10/2025
. 2025-12-16 16:59:24.281 Login time: Tuesday, 16 December 2025 16:59:24
. 2025-12-16 16:59:24.281 --------------------------------------------------------------------------
. 2025-12-16 16:59:24.281 Script: Retrospectively logging previous script records:
> 2025-12-16 16:59:24.281 Script: option batch abort
< 2025-12-16 16:59:24.281 Script: batch           abort     
> 2025-12-16 16:59:24.281 Script: option confirm off
< 2025-12-16 16:59:24.281 Script: confirm         off       
> 2025-12-16 16:59:24.281 Script: open sftp://u972026836:***@45.87.81.214:65002
. 2025-12-16 16:59:24.281 --------------------------------------------------------------------------
. 2025-12-16 16:59:24.281 Session name: u972026836@45.87.81.214 (Ad-Hoc site)
. 2025-12-16 16:59:24.281 Host name: 45.87.81.214 (Port: 65002)
. 2025-12-16 16:59:24.281 User name: u972026836 (Password: Yes, Key file: No, Passphrase: No)
. 2025-12-16 16:59:24.281 Tunnel: No
. 2025-12-16 16:59:24.281 Transfer Protocol: SFTP
. 2025-12-16 16:59:24.281 Ping type: Off, Ping interval: 30 sec; Timeout: 15 sec
. 2025-12-16 16:59:24.281 Disable Nagle: No
. 2025-12-16 16:59:24.281 Proxy: None
. 2025-12-16 16:59:24.281 Send buffer: 262144
. 2025-12-16 16:59:24.281 Compression: No
. 2025-12-16 16:59:24.281 Bypass authentication: No
. 2025-12-16 16:59:24.281 Try agent: Yes; Agent forwarding: No; KI: Yes; GSSAPI: Yes
. 2025-12-16 16:59:24.281 GSSAPI: KEX: No; Forwarding: No; Libs: gssapi32,sspi,custom; Custom: 
. 2025-12-16 16:59:24.281 Ciphers: aes,chacha20,aesgcm,3des,WARN,des,blowfish,arcfour; Ssh2DES: No
. 2025-12-16 16:59:24.281 KEX: ntru-curve25519,mlkem-curve25519,mlkem-nist,ecdh,dh-gex-sha1,dh-group18-sha512,dh-group17-sha512,dh-group16-sha512,dh-group15-sha512,dh-group14-sha1,rsa,WARN,dh-group1-sha1
. 2025-12-16 16:59:24.281 SSH Bugs: Auto,Auto,Auto,Auto,Auto,Auto,Auto,Auto,Auto,Auto
. 2025-12-16 16:59:24.281 Simple channel: Yes
. 2025-12-16 16:59:24.281 Return code variable: Autodetect; Lookup user groups: Auto
. 2025-12-16 16:59:24.281 Shell: default
. 2025-12-16 16:59:24.281 EOL: LF, UTF: Auto
. 2025-12-16 16:59:24.281 Clear aliases: Yes, Unset nat.vars: Yes, Resolve symlinks: Yes; Follow directory symlinks: No
. 2025-12-16 16:59:24.282 LS: ls -la, Ign LS warn: Yes, Scp1 Comp: No; Exit code 1 is error: No
. 2025-12-16 16:59:24.282 SFTP Bugs: Auto,Auto
. 2025-12-16 16:59:24.282 SFTP Server: default
. 2025-12-16 16:59:24.282 Local directory: default, Remote directory: home, Update: Yes, Cache: Yes
. 2025-12-16 16:59:24.282 Cache directory changes: Yes, Permanent: Yes
. 2025-12-16 16:59:24.282 Recycle bin: Delete to: No, Overwritten to: No, Bin path: 
. 2025-12-16 16:59:24.282 DST mode: Unix
. 2025-12-16 16:59:24.282 --------------------------------------------------------------------------
< 2025-12-16 16:59:24.282 Script: Bezig met zoeken naar doelcomputer...
. 2025-12-16 16:59:24.290 Looking up host "45.87.81.214" for SSH connection
. 2025-12-16 16:59:24.291 Connecting to 45.87.81.214 port 65002
. 2025-12-16 16:59:24.305 Connected to 45.87.81.214 (from 192.168.1.181:64148)
< 2025-12-16 16:59:24.305 Script: Bezig met verbinding maken met doelcomputer...
. 2025-12-16 16:59:24.324 We claim version: SSH-2.0-WinSCP_release_6.5.5
. 2025-12-16 16:59:24.324 Connected to 45.87.81.214 (from 192.168.1.181:64148)
. 2025-12-16 16:59:24.338 Remote version: SSH-2.0-OpenSSH_8.7
. 2025-12-16 16:59:24.338 Using SSH protocol version 2
. 2025-12-16 16:59:24.340 Have a known host key of type ssh-ed25519
. 2025-12-16 16:59:24.353 Enabling strict key exchange semantics
. 2025-12-16 16:59:24.358 Doing ECDH key exchange with curve Curve25519, using hash SHA-256
. 2025-12-16 16:59:24.527 Server also has ecdsa-sha2-nistp256/rsa-sha2-512/rsa-sha2-256/ssh-rsa host keys, but we don't know any of them
. 2025-12-16 16:59:24.528 Host key fingerprint is:
. 2025-12-16 16:59:24.528 ssh-ed25519 255 SHA256:4mfb2c67Lhi/idZu+pyYocKONELisV4IInwlFdR8t98
< 2025-12-16 16:59:24.528 Script: Bezig met authenticatie...
. 2025-12-16 16:59:24.576 Host key matches cached key
. 2025-12-16 16:59:24.576 Initialised AES-256 SDCTR (AES-NI accelerated) [aes256-ctr] outbound encryption
. 2025-12-16 16:59:24.576 Initialised HMAC-SHA-256 outbound MAC algorithm
. 2025-12-16 16:59:24.576 Initialised AES-256 SDCTR (AES-NI accelerated) [aes256-ctr] inbound encryption
. 2025-12-16 16:59:24.576 Initialised HMAC-SHA-256 inbound MAC algorithm
! 2025-12-16 16:59:24.590 Using username "u972026836".
< 2025-12-16 16:59:24.590 Script: Met gebruikersnaam "u972026836".
. 2025-12-16 16:59:24.609 Server offered these authentication methods: publickey,password
. 2025-12-16 16:59:24.609 Prompt (password, "SSH password", <no instructions>, "&Wachtwoord: ")
. 2025-12-16 16:59:24.609 Using stored password.
< 2025-12-16 16:59:24.609 Script: Authenticatie met vooraf ingevoerd wachtwoord.
. 2025-12-16 16:59:24.613 Sent password
. 2025-12-16 16:59:24.647 Access granted
. 2025-12-16 16:59:24.647 Opening main session channel
. 2025-12-16 16:59:24.727 Opened main channel
. 2025-12-16 16:59:24.739 Started a shell/command
< 2025-12-16 16:59:24.739 Script: Authenticatie voltooid.
. 2025-12-16 16:59:24.750 --------------------------------------------------------------------------
. 2025-12-16 16:59:24.750 Using SFTP protocol.
. 2025-12-16 16:59:24.750 Doing startup conversation with host.
< 2025-12-16 16:59:24.750 Script: Bezig met starten van sessie...
. 2025-12-16 16:59:24.784 Well known server, allowing SFTP version 6.
> 2025-12-16 16:59:24.784 Type: SSH_FXP_INIT, Size: 5, Number: -1
< 2025-12-16 16:59:24.796 Type: SSH_FXP_VERSION, Size: 238, Number: -1
. 2025-12-16 16:59:24.796 SFTP version 3 negotiated.
. 2025-12-16 16:59:24.796 Supports extension posix-rename@openssh.com="1"
. 2025-12-16 16:59:24.796 Supports statvfs@openssh.com extension version 2
. 2025-12-16 16:59:24.796 Unknown server extension fstatvfs@openssh.com="2"
. 2025-12-16 16:59:24.796 Supports hardlink@openssh.com extension version 1
. 2025-12-16 16:59:24.796 Unknown server extension fsync@openssh.com="1"
. 2025-12-16 16:59:24.796 Unknown server extension lsetstat@openssh.com="1"
. 2025-12-16 16:59:24.796 Supports limits@openssh.com extension version 1
. 2025-12-16 16:59:24.796 Unknown server extension expand-path@openssh.com="1"
. 2025-12-16 16:59:24.796 We believe the server has signed timestamps bug
. 2025-12-16 16:59:24.796 We will use UTF-8 strings until server sends an invalid UTF-8 string as with SFTP version 3 and older UTF-8 strings are not mandatory
> 2025-12-16 16:59:24.796 Type: SSH_FXP_EXTENDED, Size: 27, Number: 200
< 2025-12-16 16:59:24.806 Type: SSH_FXP_EXTENDED_REPLY, Size: 37, Number: 200
. 2025-12-16 16:59:24.806 Limiting packet size to server's limit of 262144 + 4 bytes
. 2025-12-16 16:59:24.806 Getting current directory name.
. 2025-12-16 16:59:24.806 Getting real path for '.'
> 2025-12-16 16:59:24.806 Type: SSH_FXP_REALPATH, Size: 10, Number: 272
< 2025-12-16 16:59:24.819 Type: SSH_FXP_NAME, Size: 53, Number: 272
. 2025-12-16 16:59:24.819 Real path is '/home/u972026836'
. 2025-12-16 16:59:24.820 Startup conversation with host finished.
< 2025-12-16 16:59:24.820 Script: Sessie gestart.
< 2025-12-16 16:59:24.928 Script: Actieve sessie: [1] u972026836@45.87.81.214
> 2025-12-16 16:59:25.366 Script: pwd
< 2025-12-16 16:59:25.366 Script: /home/u972026836
> 2025-12-16 16:59:25.473 Script: ls -la
< 2025-12-16 16:59:25.478 Script: Onbekende schakeloptie 'la'.
. 2025-12-16 16:59:25.484 Script: Failed
. 2025-12-16 16:59:25.484 Script: Exit code: 1
. 2025-12-16 16:59:25.484 Closing connection.
. 2025-12-16 16:59:25.484 Sending special code: 1
. 2025-12-16 16:59:25.492 Session sent command exit status 0
. 2025-12-16 16:59:25.492 Main session channel closed
. 2025-12-16 16:59:25.493 All channels closed
