. 2025-12-16 16:59:51.755 --------------------------------------------------------------------------
. 2025-12-16 16:59:51.760 WinSCP Versie 6.5.5 (Build 16453 2025-11-19) (OS 10.0.26100 – Windows 11 Pro)
. 2025-12-16 16:59:51.760 Configuration: HKCU\Software\Martin Prikryl\WinSCP 2\
. 2025-12-16 16:59:51.762 Log level: Normal
. 2025-12-16 16:59:51.762 Local account: DESKTOP-U2AII26\Gebruiker
. 2025-12-16 16:59:51.762 Working directory: D:\busineshuboffline CHATGTP\TOGETHERSYSTEMS- GITHUB\Nieuwe map (3)
. 2025-12-16 16:59:51.762 Process ID: 48304
. 2025-12-16 16:59:51.944 Ancestor processes: WinSCP, pwsh, Code, Code, ...
. 2025-12-16 16:59:51.945 Command-line: "D:\Program Files (x86)\WinSCP\WinSCP.exe" /console=6.5.5 /consoleinstance=_15984_820 "/script=winscp_explore_web.txt" "/log=explore_web.log" 
. 2025-12-16 16:59:51.945 Time zone: Current: GMT+1, Standard: GMT+1 (West-Europa (standaardtijd)), DST: GMT+2 (West-Europa (zomertijd)), DST Start: 30/03/2025, DST End: 26/10/2025
. 2025-12-16 16:59:51.945 Login time: Tuesday, 16 December 2025 16:59:51
. 2025-12-16 16:59:51.945 --------------------------------------------------------------------------
. 2025-12-16 16:59:51.945 Script: Retrospectively logging previous script records:
> 2025-12-16 16:59:51.945 Script: option batch abort
< 2025-12-16 16:59:51.945 Script: batch           abort     
> 2025-12-16 16:59:51.945 Script: option confirm off
< 2025-12-16 16:59:51.945 Script: confirm         off       
> 2025-12-16 16:59:51.945 Script: open sftp://u972026836:***@45.87.81.214:65002
. 2025-12-16 16:59:51.945 --------------------------------------------------------------------------
. 2025-12-16 16:59:51.947 Session name: u972026836@45.87.81.214 (Ad-Hoc site)
. 2025-12-16 16:59:51.947 Host name: 45.87.81.214 (Port: 65002)
. 2025-12-16 16:59:51.947 User name: u972026836 (Password: Yes, Key file: No, Passphrase: No)
. 2025-12-16 16:59:51.947 Tunnel: No
. 2025-12-16 16:59:51.947 Transfer Protocol: SFTP
. 2025-12-16 16:59:51.947 Ping type: Off, Ping interval: 30 sec; Timeout: 15 sec
. 2025-12-16 16:59:51.947 Disable Nagle: No
. 2025-12-16 16:59:51.947 Proxy: None
. 2025-12-16 16:59:51.947 Send buffer: 262144
. 2025-12-16 16:59:51.947 Compression: No
. 2025-12-16 16:59:51.947 Bypass authentication: No
. 2025-12-16 16:59:51.947 Try agent: Yes; Agent forwarding: No; KI: Yes; GSSAPI: Yes
. 2025-12-16 16:59:51.947 GSSAPI: KEX: No; Forwarding: No; Libs: gssapi32,sspi,custom; Custom: 
. 2025-12-16 16:59:51.947 Ciphers: aes,chacha20,aesgcm,3des,WARN,des,blowfish,arcfour; Ssh2DES: No
. 2025-12-16 16:59:51.947 KEX: ntru-curve25519,mlkem-curve25519,mlkem-nist,ecdh,dh-gex-sha1,dh-group18-sha512,dh-group17-sha512,dh-group16-sha512,dh-group15-sha512,dh-group14-sha1,rsa,WARN,dh-group1-sha1
. 2025-12-16 16:59:51.949 SSH Bugs: Auto,Auto,Auto,Auto,Auto,Auto,Auto,Auto,Auto,Auto
. 2025-12-16 16:59:51.949 Simple channel: Yes
. 2025-12-16 16:59:51.949 Return code variable: Autodetect; Lookup user groups: Auto
. 2025-12-16 16:59:51.949 Shell: default
. 2025-12-16 16:59:51.949 EOL: LF, UTF: Auto
. 2025-12-16 16:59:51.949 Clear aliases: Yes, Unset nat.vars: Yes, Resolve symlinks: Yes; Follow directory symlinks: No
. 2025-12-16 16:59:51.949 LS: ls -la, Ign LS warn: Yes, Scp1 Comp: No; Exit code 1 is error: No
. 2025-12-16 16:59:51.949 SFTP Bugs: Auto,Auto
. 2025-12-16 16:59:51.949 SFTP Server: default
. 2025-12-16 16:59:51.949 Local directory: default, Remote directory: home, Update: Yes, Cache: Yes
. 2025-12-16 16:59:51.949 Cache directory changes: Yes, Permanent: Yes
. 2025-12-16 16:59:51.949 Recycle bin: Delete to: No, Overwritten to: No, Bin path: 
. 2025-12-16 16:59:51.949 DST mode: Unix
. 2025-12-16 16:59:51.949 --------------------------------------------------------------------------
< 2025-12-16 16:59:51.949 Script: Bezig met zoeken naar doelcomputer...
. 2025-12-16 16:59:51.974 Looking up host "45.87.81.214" for SSH connection
. 2025-12-16 16:59:51.975 Connecting to 45.87.81.214 port 65002
. 2025-12-16 16:59:51.986 Connected to 45.87.81.214 (from 192.168.1.181:64256)
< 2025-12-16 16:59:51.987 Script: Bezig met verbinding maken met doelcomputer...
. 2025-12-16 16:59:51.994 We claim version: SSH-2.0-WinSCP_release_6.5.5
. 2025-12-16 16:59:51.994 Connected to 45.87.81.214 (from 192.168.1.181:64256)
. 2025-12-16 16:59:52.019 Remote version: SSH-2.0-OpenSSH_8.7
. 2025-12-16 16:59:52.019 Using SSH protocol version 2
. 2025-12-16 16:59:52.020 Have a known host key of type ssh-ed25519
. 2025-12-16 16:59:52.035 Enabling strict key exchange semantics
. 2025-12-16 16:59:52.039 Doing ECDH key exchange with curve Curve25519, using hash SHA-256
. 2025-12-16 16:59:52.208 Server also has ecdsa-sha2-nistp256/rsa-sha2-512/rsa-sha2-256/ssh-rsa host keys, but we don't know any of them
. 2025-12-16 16:59:52.210 Host key fingerprint is:
. 2025-12-16 16:59:52.210 ssh-ed25519 255 SHA256:4mfb2c67Lhi/idZu+pyYocKONELisV4IInwlFdR8t98
< 2025-12-16 16:59:52.212 Script: Bezig met authenticatie...
. 2025-12-16 16:59:52.241 Host key matches cached key
. 2025-12-16 16:59:52.241 Initialised AES-256 SDCTR (AES-NI accelerated) [aes256-ctr] outbound encryption
. 2025-12-16 16:59:52.241 Initialised HMAC-SHA-256 outbound MAC algorithm
. 2025-12-16 16:59:52.241 Initialised AES-256 SDCTR (AES-NI accelerated) [aes256-ctr] inbound encryption
. 2025-12-16 16:59:52.241 Initialised HMAC-SHA-256 inbound MAC algorithm
! 2025-12-16 16:59:52.256 Using username "u972026836".
< 2025-12-16 16:59:52.256 Script: Met gebruikersnaam "u972026836".
. 2025-12-16 16:59:52.298 Server offered these authentication methods: publickey,password
. 2025-12-16 16:59:52.298 Prompt (password, "SSH password", <no instructions>, "&Wachtwoord: ")
. 2025-12-16 16:59:52.298 Using stored password.
< 2025-12-16 16:59:52.298 Script: Authenticatie met vooraf ingevoerd wachtwoord.
. 2025-12-16 16:59:52.311 Sent password
. 2025-12-16 16:59:52.342 Access granted
. 2025-12-16 16:59:52.344 Opening main session channel
. 2025-12-16 16:59:52.451 Opened main channel
. 2025-12-16 16:59:52.460 Started a shell/command
< 2025-12-16 16:59:52.460 Script: Authenticatie voltooid.
. 2025-12-16 16:59:52.508 --------------------------------------------------------------------------
. 2025-12-16 16:59:52.508 Using SFTP protocol.
. 2025-12-16 16:59:52.508 Doing startup conversation with host.
< 2025-12-16 16:59:52.508 Script: Bezig met starten van sessie...
. 2025-12-16 16:59:52.511 Well known server, allowing SFTP version 6.
> 2025-12-16 16:59:52.511 Type: SSH_FXP_INIT, Size: 5, Number: -1
< 2025-12-16 16:59:52.524 Type: SSH_FXP_VERSION, Size: 238, Number: -1
. 2025-12-16 16:59:52.524 SFTP version 3 negotiated.
. 2025-12-16 16:59:52.524 Supports extension posix-rename@openssh.com="1"
. 2025-12-16 16:59:52.524 Supports statvfs@openssh.com extension version 2
. 2025-12-16 16:59:52.525 Unknown server extension fstatvfs@openssh.com="2"
. 2025-12-16 16:59:52.525 Supports hardlink@openssh.com extension version 1
. 2025-12-16 16:59:52.525 Unknown server extension fsync@openssh.com="1"
. 2025-12-16 16:59:52.525 Unknown server extension lsetstat@openssh.com="1"
. 2025-12-16 16:59:52.525 Supports limits@openssh.com extension version 1
. 2025-12-16 16:59:52.525 Unknown server extension expand-path@openssh.com="1"
. 2025-12-16 16:59:52.525 We believe the server has signed timestamps bug
. 2025-12-16 16:59:52.525 We will use UTF-8 strings until server sends an invalid UTF-8 string as with SFTP version 3 and older UTF-8 strings are not mandatory
> 2025-12-16 16:59:52.525 Type: SSH_FXP_EXTENDED, Size: 27, Number: 200
< 2025-12-16 16:59:52.536 Type: SSH_FXP_EXTENDED_REPLY, Size: 37, Number: 200
. 2025-12-16 16:59:52.536 Limiting packet size to server's limit of 262144 + 4 bytes
. 2025-12-16 16:59:52.536 Getting current directory name.
. 2025-12-16 16:59:52.536 Getting real path for '.'
> 2025-12-16 16:59:52.536 Type: SSH_FXP_REALPATH, Size: 10, Number: 272
< 2025-12-16 16:59:52.545 Type: SSH_FXP_NAME, Size: 53, Number: 272
. 2025-12-16 16:59:52.545 Real path is '/home/u972026836'
. 2025-12-16 16:59:52.545 Startup conversation with host finished.
< 2025-12-16 16:59:52.545 Script: Sessie gestart.
< 2025-12-16 16:59:52.626 Script: Actieve sessie: [1] u972026836@45.87.81.214
> 2025-12-16 16:59:53.002 Script: cd web
. 2025-12-16 16:59:53.002 Changing directory to "web".
. 2025-12-16 16:59:53.002 Getting real path for '/home/u972026836/web'
> 2025-12-16 16:59:53.002 Type: SSH_FXP_REALPATH, Size: 29, Number: 528
< 2025-12-16 16:59:53.013 Type: SSH_FXP_NAME, Size: 61, Number: 528
. 2025-12-16 16:59:53.013 Real path is '/home/u972026836/web'
. 2025-12-16 16:59:53.013 Trying to open directory "/home/u972026836/web".
> 2025-12-16 16:59:53.014 Type: SSH_FXP_LSTAT, Size: 29, Number: 775
< 2025-12-16 16:59:53.032 Type: SSH_FXP_ATTRS, Size: 37, Number: 775
. 2025-12-16 16:59:53.032 Getting current directory name.
< 2025-12-16 16:59:53.032 Script: /home/u972026836/web
> 2025-12-16 16:59:53.037 Script: pwd
< 2025-12-16 16:59:53.038 Script: /home/u972026836/web
> 2025-12-16 16:59:53.038 Script: ls
. 2025-12-16 16:59:53.039 Listing directory "/home/u972026836/web".
> 2025-12-16 16:59:53.039 Type: SSH_FXP_OPENDIR, Size: 29, Number: 1035
< 2025-12-16 16:59:53.046 Type: SSH_FXP_HANDLE, Size: 13, Number: 1035
> 2025-12-16 16:59:53.046 Type: SSH_FXP_READDIR, Size: 13, Number: 1292
< 2025-12-16 16:59:53.054 Type: SSH_FXP_NAME, Size: 440, Number: 1292
> 2025-12-16 16:59:53.054 Type: SSH_FXP_READDIR, Size: 13, Number: 1548
< 2025-12-16 16:59:53.062 Type: SSH_FXP_STATUS, Size: 28, Number: 1548
< 2025-12-16 16:59:53.062 Status code: 1
> 2025-12-16 16:59:53.062 Type: SSH_FXP_CLOSE, Size: 13, Number: 1796
. 2025-12-16 16:59:53.062 .;d;0;2025-09-18T07:23:40.000Z;4;"u972026836" [972026836];"o1007643223" [2007643223];rwxr-xr-x;0
. 2025-12-16 16:59:53.062 PRODUCER;d;0;2025-09-18T07:23:40.000Z;4;"u972026836" [972026836];"o1007643223" [2007643223];rwxr-xr-x;0
. 2025-12-16 16:59:53.062 apps;d;0;2025-09-18T07:23:40.000Z;4;"u972026836" [972026836];"o1007643223" [2007643223];rwxr-xr-x;0
. 2025-12-16 16:59:53.062 ..;d;0;2025-12-16T15:57:48.000Z;4;"u972026836" [972026836];"apache" [48];rwxr-xr-x;0
< 2025-12-16 16:59:53.062 Script: drwxr-xr-x   4 u972026836 o1007643223      4096 Sep 18  9:23:40 2025 .
< 2025-12-16 16:59:53.073 Script: drwxr-xr-x   2 u972026836 o1007643223      4096 Sep 18  9:23:40 2025 PRODUCER
< 2025-12-16 16:59:53.074 Script: drwxr-xr-x   2 u972026836 o1007643223      4096 Sep 18  9:23:40 2025 apps
< 2025-12-16 16:59:53.074 Script: drwxr-xr-x  13 u972026836 apache        4096 Dec 16 16:57:48 2025 ..
> 2025-12-16 16:59:53.077 Script: cd ..
. 2025-12-16 16:59:53.077 Changing directory to "..".
. 2025-12-16 16:59:53.077 Getting real path for '/home/u972026836/web/..'
> 2025-12-16 16:59:53.077 Type: SSH_FXP_REALPATH, Size: 32, Number: 2064
< 2025-12-16 16:59:53.085 Type: SSH_FXP_STATUS, Size: 24, Number: 1796
. 2025-12-16 16:59:53.085 Discarding reserved response
< 2025-12-16 16:59:53.093 Type: SSH_FXP_NAME, Size: 53, Number: 2064
. 2025-12-16 16:59:53.094 Real path is '/home/u972026836'
. 2025-12-16 16:59:53.094 Trying to open directory "/home/u972026836".
> 2025-12-16 16:59:53.094 Type: SSH_FXP_LSTAT, Size: 25, Number: 2311
< 2025-12-16 16:59:53.102 Type: SSH_FXP_ATTRS, Size: 37, Number: 2311
. 2025-12-16 16:59:53.102 Getting current directory name.
< 2025-12-16 16:59:53.102 Script: /home/u972026836
> 2025-12-16 16:59:53.103 Script: cd domains
. 2025-12-16 16:59:53.103 Changing directory to "domains".
. 2025-12-16 16:59:53.103 Getting real path for '/home/u972026836/domains'
> 2025-12-16 16:59:53.103 Type: SSH_FXP_REALPATH, Size: 33, Number: 2576
< 2025-12-16 16:59:53.111 Type: SSH_FXP_NAME, Size: 69, Number: 2576
. 2025-12-16 16:59:53.111 Real path is '/home/u972026836/domains'
. 2025-12-16 16:59:53.111 Trying to open directory "/home/u972026836/domains".
> 2025-12-16 16:59:53.111 Type: SSH_FXP_LSTAT, Size: 33, Number: 2823
< 2025-12-16 16:59:53.122 Type: SSH_FXP_ATTRS, Size: 37, Number: 2823
. 2025-12-16 16:59:53.122 Getting current directory name.
< 2025-12-16 16:59:53.122 Script: /home/u972026836/domains
> 2025-12-16 16:59:53.122 Script: pwd
< 2025-12-16 16:59:53.122 Script: /home/u972026836/domains
> 2025-12-16 16:59:53.123 Script: ls
. 2025-12-16 16:59:53.123 Listing directory "/home/u972026836/domains".
> 2025-12-16 16:59:53.123 Type: SSH_FXP_OPENDIR, Size: 33, Number: 3083
< 2025-12-16 16:59:53.133 Type: SSH_FXP_HANDLE, Size: 13, Number: 3083
> 2025-12-16 16:59:53.133 Type: SSH_FXP_READDIR, Size: 13, Number: 3340
< 2025-12-16 16:59:53.147 Type: SSH_FXP_NAME, Size: 530, Number: 3340
> 2025-12-16 16:59:53.150 Type: SSH_FXP_READDIR, Size: 13, Number: 3596
< 2025-12-16 16:59:53.159 Type: SSH_FXP_STATUS, Size: 28, Number: 3596
< 2025-12-16 16:59:53.159 Status code: 1
> 2025-12-16 16:59:53.159 Type: SSH_FXP_CLOSE, Size: 13, Number: 3844
. 2025-12-16 16:59:53.159 .;d;0;2025-08-02T11:42:58.000Z;4;"u972026836" [972026836];"o1007643223" [2007643223];rwxr-xr-x;0
. 2025-12-16 16:59:53.159 deepskyblue-raven-760016.hostingersite.com;d;0;2025-08-02T11:42:58.000Z;4;"u972026836" [972026836];"o1007643223" [2007643223];rwxr-xr-x;0
. 2025-12-16 16:59:53.159 digitalnotar.in;d;0;2025-12-15T20:52:43.000Z;4;"u972026836" [972026836];"o1007643223" [2007643223];rwxr-xr-x;0
. 2025-12-16 16:59:53.159 ..;d;0;2025-12-16T15:57:48.000Z;4;"u972026836" [972026836];"apache" [48];rwxr-xr-x;0
< 2025-12-16 16:59:53.159 Script: drwxr-xr-x   4 u972026836 o1007643223      4096 Aug  2 13:42:58 2025 .
< 2025-12-16 16:59:53.159 Script: drwxr-xr-x   3 u972026836 o1007643223      4096 Aug  2 13:42:58 2025 deepskyblue-raven-760016.hostingersite.com
< 2025-12-16 16:59:53.161 Script: drwxr-xr-x   4 u972026836 o1007643223      4096 Dec 15 21:52:43 2025 digitalnotar.in
< 2025-12-16 16:59:53.161 Script: drwxr-xr-x  13 u972026836 apache        4096 Dec 16 16:57:48 2025 ..
> 2025-12-16 16:59:53.166 Script: close
. 2025-12-16 16:59:53.166 Closing connection.
. 2025-12-16 16:59:53.166 Sending special code: 1
. 2025-12-16 16:59:53.195 Session sent command exit status 0
. 2025-12-16 16:59:53.195 Main session channel closed
. 2025-12-16 16:59:53.196 All channels closed
