**********************
Windows PowerShell transcript start
Start time: 20251213181935
Username: DESKTOP-U2AII26\Gebruiker
RunAs User: DESKTOP-U2AII26\Gebruiker
Configuration Name: 
Machine: DESKTOP-U2AII26 (Microsoft Windows NT 10.0.26100.0)
Host Application: C:\WINDOWS\System32\WindowsPowerShell\v1.0\powershell.exe
Process ID: 16104
PSVersion: 5.1.26100.7462
PSEdition: Desktop
PSCompatibleVersions: 1.0, 2.0, 3.0, 4.0, 5.0, 5.1.26100.7462
BuildVersion: 10.0.26100.7462
CLRVersion: 4.0.30319.42000
WSManStackVersion: 3.0
PSRemotingProtocolVersion: 2.3
SerializationVersion: 1.1.0.1
**********************
Transcript started, output file is D:\busineshuboffline CHATGTP\TOGETHERSYSTEMS- GITHUB\Nieuwe map (3)\FabricationIntegration_20251213_181934.log
=== Fabrication System Integration ===
Started at: 12/13/2025 18:19:35
Root path: D:\busineshuboffline CHATGTP\TOGETHERSYSTEMS- GITHUB\Nieuwe map (3)
[18:19:35] Processing: Fabrikage.ProvenanceLedger
[18:19:35]   No module files found
[18:19:35]   Found 1 configuration files
[18:19:35] ----------------------------------------
[18:19:35] Processing: FABRIKAGE_SYSTEM
[18:19:35]   No module files found
[18:19:35] ----------------------------------------
[18:19:35] Processing: FabrikageAIExtension
[18:19:35]   No module files found
[18:19:35]   Found 2 important files
[18:19:35]     - tsc.ps1 (.ps1)
[18:19:35]     - tsserver.ps1 (.ps1)
[18:19:35]   Found 19 configuration files
[18:19:35]   Found documentation: README.md, SECURITY.md, README.md
[18:19:36] ----------------------------------------
[18:19:36] Processing: FABRIQUE
[18:19:37]   No module files found
[18:19:44]   Found 66 important files
[18:19:44]     - acorn.ps1 (.ps1)
[18:19:44]     - apollo-pbjs.ps1 (.ps1)
[18:19:44]     - apollo-pbts.ps1 (.ps1)
[18:19:44]     - baseline-browser-mapping.ps1 (.ps1)
[18:19:44]     - browserslist.ps1 (.ps1)
[18:19:44]     - create-jest.ps1 (.ps1)
[18:19:44]     - eslint-config-prettier.ps1 (.ps1)
[18:19:44]     - eslint.ps1 (.ps1)
[18:19:44]     - esparse.ps1 (.ps1)
[18:19:44]     - esvalidate.ps1 (.ps1)
[18:19:44]     - flat.ps1 (.ps1)
[18:19:44]     - fxparser.ps1 (.ps1)
[18:19:44]     - handlebars.ps1 (.ps1)
[18:19:44]     - import-local-fixture.ps1 (.ps1)
[18:19:44]     - jest.ps1 (.ps1)
[18:19:44]     - jiti.ps1 (.ps1)
[18:19:44]     - js-yaml.ps1 (.ps1)
[18:19:44]     - jsesc.ps1 (.ps1)
[18:19:44]     - json5.ps1 (.ps1)
[18:19:44]     - mime.ps1 (.ps1)
[18:19:44]     - mkdirp.ps1 (.ps1)
[18:19:44]     - mustache.ps1 (.ps1)
[18:19:44]     - node-which.ps1 (.ps1)
[18:19:44]     - opencollective.ps1 (.ps1)
[18:19:44]     - parser.ps1 (.ps1)
[18:19:44]     - pino-pretty.ps1 (.ps1)
[18:19:44]     - prettier.ps1 (.ps1)
[18:19:44]     - resolve.ps1 (.ps1)
[18:19:44]     - rimraf.ps1 (.ps1)
[18:19:45]     - semver.ps1 (.ps1)
[18:19:45]     - sha.js.ps1 (.ps1)
[18:19:45]     - ts-jest.ps1 (.ps1)
[18:19:45]     - ts-node-cwd.ps1 (.ps1)
[18:19:45]     - ts-node-esm.ps1 (.ps1)
[18:19:45]     - ts-node-script.ps1 (.ps1)
[18:19:45]     - ts-node-transpile-only.ps1 (.ps1)
[18:19:45]     - ts-node.ps1 (.ps1)
[18:19:45]     - ts-script.ps1 (.ps1)
[18:19:45]     - tsc.ps1 (.ps1)
[18:19:45]     - tsserver.ps1 (.ps1)
[18:19:45]     - typeorm-extension-esm.ps1 (.ps1)
[18:19:45]     - typeorm-extension.ps1 (.ps1)
[18:19:45]     - typeorm-ts-node-commonjs.ps1 (.ps1)
[18:19:45]     - typeorm-ts-node-esm.ps1 (.ps1)
[18:19:45]     - typeorm.ps1 (.ps1)
[18:19:45]     - uglifyjs.ps1 (.ps1)
[18:19:45]     - update-browserslist-db.ps1 (.ps1)
[18:19:45]     - uuid.ps1 (.ps1)
[18:19:45]     - xss.ps1 (.ps1)
[18:19:45]     - yaml.ps1 (.ps1)
[18:19:45]     - semver.ps1 (.ps1)
[18:19:45]     - semver.ps1 (.ps1)
[18:19:45]     - js-yaml.ps1 (.ps1)
[18:19:45]     - uuid.ps1 (.ps1)
[18:19:45]     - mkdirp.ps1 (.ps1)
[18:19:45]     - apollo-pbjs.ps1 (.ps1)
[18:19:45]     - apollo-pbts.ps1 (.ps1)
[18:19:45]     - uuid.ps1 (.ps1)
[18:19:45]     - semver.ps1 (.ps1)
[18:19:45]     - semver.ps1 (.ps1)
[18:19:45]     - rimraf.ps1 (.ps1)
[18:19:45]     - glob.ps1 (.ps1)
[18:19:45]     - mime.ps1 (.ps1)
[18:19:45]     - glob.ps1 (.ps1)
[18:19:45]     - uuid.ps1 (.ps1)
[18:19:45]     - setup.ps1 (.ps1)
[18:19:51]   Found 1517 configuration files
[18:19:57]   Found documentation: README.md, README.md, README.md, README.md, README.md, README.md, README.md, README.md, CHANGELOG.md, README.md, README.md, README.md, README.md, README.md, README.md, README.md, README.md, README.md, README.md, README.md, README.md, CHANGELOG.md, README.md, CHANGELOG.md, README.md, CHANGELOG.md, README.md, README.md, README.md, README.md, CHANGELOG.md, README.md, README.md, README.md, README.md, README.md, README.md, README.md, README.md, README.md, README.md, README.md, README.md, README.md, README.md, README.md, README.md, README.md, README.md, README.md, README.md, README.md, README.md, README.md, README.md, README.md, README.md, README.md, README.md, README.md, README.md, README.md, README.md, README.md, README.md, README.md, README.md, README.md, README.md, README.md, README.md, README.md, README.md, README.md, README.md, README.md, CHANGELOG.md, README.md, README.md, README.md, README.md, README.md, README.md, README.md, README.md, README.md, README.md, README.md, README.md, README.md, README.md, README.md, README.md, README.md, README.md, README.md, README.md, README.md, CHANGELOG.md, LICENSE.md, README.md, CHANGELOG.md, LICENSE.md, README.md, README.md, README.md, README.md, LICENSE.md, README.md, CHANGELOG.md, README.md, README.md, README.md, README.md, README.md, CHANGELOG.md, README.md, README.md, README.md, README.md, CHANGELOG.md, README.md, README.md, README.md, LICENSE.md, README.md, LICENSE.md, README.md, README.md, CHANGELOG.md, README.md, CHANGELOG.md, README.md, readme.md, readme.md, README.md, readme.md, readme.md, readme.md, README.md, CHANGELOG.md, README.md, readme.md, readme.md, README.md, readme.md, readme.md, readme.md, readme.md, CHANGELOG.md, README.md, CHANGELOG.md, README.md, README.md, README.md, README.md, README.md, README.md, README.md, README.md, README.md, README.md, README.md, README.md, readme.md, README.md, README.md, README.md, README.md, README.md, CHANGELOG.md, README.md, README.md, PACKAGE.md, Readme.md, CHANGELOG.md, README-es.md, README.md, README.md, PACKAGE.md, Readme.md, PULL_REQUEST_TEMPLATE.md, README.md, README.md, CHANGELOG.md, readme.md, CONTRIBUTING.md, README.md, README.md, README.md, README.md, SECURITY.md, license.md, readme.md, CHANGELOG.md, README.md, History.md, Readme.md, HISTORY.md, README.md, SECURITY.md, Readme.md, HISTORY.md, README.md, HISTORY.md, README.md, SECURITY.md, HISTORY.md, README.md, Readme.md, README.md, README.md, README.md, CHANGELOG.md, README.md, Readme.md, README.md, CHANGELOG.md, CONTRIBUTING.md, LICENSE.md, README.md, README.md, README.md, README.md, README.md, README.md, CHANGELOG.md, README.md, README.md, CHANGELOG.md, README.md, README.md, README.md, README.md, README.md, README.md, README.md, README.md, README.md, README.md, README.md, README.md, README.md, README.md, README.md, README.md, README.md, README.md, README.md, README.md, README.md, README.md, README.md, README.md, README.md, README.md, LICENSE.md, README.md, LICENSE.md, README.md, LICENSE.md, README.md, readme.md, README.md, README.md, README.md, README.md, README.md, README.md, README.md, README.md, README.md, README.md, README.md, README.md, README.md, README.md, README.md, README.md, README.md, README.md, README.md, README.md, README.md, README.md, README.md, README.md, README.md, README.md, README.md, README.md, README.md, README.md, README.md, README.md, README.md, README.md, README.md, README.md, README.md, README.md, README.md, README.md, README.md, README.md, README.md, CHANGELOG.md, LICENSE.md, README.md, README.md, README.md, README.md, README.md, README.md, readme.md, README.md, README.md, README.md, README.md, README.md, README.md, README.md, README.md, README.md, README.md, README.md, README.md, README.md, README.md, README.md, README.md, README.md, README.md, README.md, README.md, README.md, README.md, README.md, README.md, README.md, README.md, README.md, README.md, README.md, README.md, README.md, README.md, README.md, README.md, README.md, README.md, README.md, README.md, README.md, README.md, README.md, README.md, README.md, README.md, README.md, README.md, README.md, README.md, README.md, adjacent-overload-signatures.md, array-type.md, await-thenable.md, ban-ts-comment.md, ban-tslint-comment.md, ban-types.md, block-spacing.md, brace-style.md, camelcase.md, class-literal-property-style.md, comma-dangle.md, comma-spacing.md, consistent-generic-constructors.md, consistent-indexed-object-style.md, consistent-type-assertions.md, consistent-type-definitions.md, consistent-type-exports.md, consistent-type-imports.md, default-param-last.md, dot-notation.md, explicit-function-return-type.md, explicit-member-accessibility.md, explicit-module-boundary-types.md, func-call-spacing.md, indent.md, init-declarations.md, key-spacing.md, keyword-spacing.md, lines-around-comment.md, lines-between-class-members.md, member-delimiter-style.md, member-ordering.md, method-signature-style.md, naming-convention.md, no-array-constructor.md, no-base-to-string.md, no-confusing-non-null-assertion.md, no-confusing-void-expression.md, no-dupe-class-members.md, no-duplicate-enum-values.md, no-duplicate-imports.md, no-duplicate-type-constituents.md, no-dynamic-delete.md, no-empty-function.md, no-empty-interface.md, no-explicit-any.md, no-extra-non-null-assertion.md, no-extra-parens.md, no-extra-semi.md, no-extraneous-class.md, no-floating-promises.md, no-for-in-array.md, no-implicit-any-catch.md, no-implied-eval.md, no-import-type-side-effects.md, no-inferrable-types.md, no-invalid-this.md, no-invalid-void-type.md, no-loop-func.md, no-loss-of-precision.md, no-magic-numbers.md, no-meaningless-void-operator.md, no-misused-new.md, no-misused-promises.md, no-mixed-enums.md, no-namespace.md, no-non-null-asserted-nullish-coalescing.md, no-non-null-asserted-optional-chain.md, no-non-null-assertion.md, no-parameter-properties.md, no-redeclare.md, no-redundant-type-constituents.md, no-require-imports.md, no-restricted-imports.md, no-shadow.md, no-this-alias.md, no-throw-literal.md, no-type-alias.md, no-unnecessary-boolean-literal-compare.md, no-unnecessary-condition.md, no-unnecessary-qualifier.md, no-unnecessary-type-arguments.md, no-unnecessary-type-assertion.md, no-unnecessary-type-constraint.md, no-unsafe-argument.md, no-unsafe-assignment.md, no-unsafe-call.md, no-unsafe-declaration-merging.md, no-unsafe-enum-comparison.md, no-unsafe-member-access.md, no-unsafe-return.md, no-unused-expressions.md, no-unused-vars.md, no-use-before-define.md, no-useless-constructor.md, no-useless-empty-export.md, no-var-requires.md, non-nullable-type-assertion-style.md, object-curly-spacing.md, padding-line-between-statements.md, parameter-properties.md, prefer-as-const.md, prefer-enum-initializers.md, prefer-for-of.md, prefer-function-type.md, prefer-includes.md, prefer-literal-enum-member.md, prefer-namespace-keyword.md, prefer-nullish-coalescing.md, prefer-optional-chain.md, prefer-readonly-parameter-types.md, prefer-readonly.md, prefer-reduce-type-parameter.md, prefer-regexp-exec.md, prefer-return-this-type.md, prefer-string-starts-ends-with.md, prefer-ts-expect-error.md, promise-function-async.md, quotes.md, README.md, require-array-sort-compare.md, require-await.md, restrict-plus-operands.md, restrict-template-expressions.md, return-await.md, semi.md, sort-type-constituents.md, sort-type-union-intersection-members.md, space-before-blocks.md, space-before-function-paren.md, space-infix-ops.md, strict-boolean-expressions.md, switch-exhaustiveness-check.md, TEMPLATE.md, triple-slash-reference.md, type-annotation-spacing.md, typedef.md, unbound-method.md, unified-signatures.md, README.md, README.md, README.md, README.md, README.md, README.md, README.md, README.md, README.md, README.md, HISTORY.md, README.md, CHANGELOG.md, README.md, README.md, CHANGELOG.md, README.md, README.md, README.md, CHANGELOG.md, README.md, readme.md, readme.md, readme.md, readme.md, README.md, README.md, README.md, README.md, README.md, README.md, README.md, README.md, README.md, README.md, CHANGELOG.md, README.md, README.md, README.md, CHANGELOG.md, CONTRIBUTING.md, LICENSE.md, README.md, README.md, README.md, README.md, README.md, README.md, README.md, README.md, README.md, README.md, README.md, LICENSE.md, README.md, CHANGELOG.md, README.md, README.md, readme.md, CHANGES.md, LICENSE.md, README.md, CHANGELOG.md, README.md, LICENSE.md, README.md, LICENSE.md, README.md, README.md, readme.md, CHANGELOG.md, README.md, README.md, README.md, README.md, README.md, CHANGELOG.md, MIGRATION_GUIDE.md, README.md, README.md, CHANGELOG.md, README.md, README.md, CHANGELOG.md, README.md, README.md, README.md, README.md, LICENSE.md, README.md, README.md, README.md, README.md, README.md, HISTORY.md, README.md, README.md, README.md, README.md, CHANGELOG.md, README.md, license.md, readme.md, HISTORY.md, README.md, SECURITY.md, CHANGELOG.md, README.md, readme.md, README.md, README.md, README.md, CHANGELOG.md, README.md, README.md, AUTHORS.md, README.md, README.md, readme.md, README.md, History.md, Readme.md, README.md, README.md, README.md, CHANGELOG.md, README.md, CHANGELOG.md, README.md, CHANGELOG.md, README.md, readme.md, readme.md, README.md, readme.md, README.md, README.md, CHANGELOG.md, README.md, README.md, README.md, README.md, readme.md, CHANGELOG.md, README.md, README.md, CHANGELOG.md, README.md, README.md, History.md, Readme.md, README.md, CHANGELOG.md, README.md, README.md, README.md, README.md, CHANGELOG.md, README.md, README.md, README.md, README.md, LICENSE.md, README.md, Readme.md, CHANGELOG.md, Readme.md, Readme.md, HISTORY.md, README.md, CHANGELOG.md, README.md, license.md, readme.md, HISTORY.md, README.md, HISTORY.md, README.md, readme.md, CHANGELOG.md, README.md, HISTORY.md, README.md, HISTORY.md, README.md, README.md, README.md, SECURITY.md, HISTORY.md, README.md, History.md, Readme.md, readme.md, CONTRIBUTING.md, HISTORY.md, README.md, README.md, CHANGELOG.md, README.md, CHANGELOG.md, README.md, README.md, HISTORY.md, README.md, README.md, HISTORY.md, README.md, History.md, Readme.md, HISTORY.md, README.md, README.md, HISTORY.md, README.md, README.md, HISTORY.md, README.md, Readme.md, CHANGELOG.md, README.md, README.md, LICENSE.md, README.md, changelog.md, readme.md, CHANGELOG.md, README.md, Readme.md, History.md, Readme.md, README.md, README.md, readme.md, README.md, CONTRIBUTING.md, README.md, release-notes.md, README.md, readme.md, CHANGELOG.md, README.md, CHANGELOG.md, README-es.md, README.md, SECURITY.md, CHANGELOG.md, README.md, CHANGELOG.md, README.md, README.md, README.md, README.md, README.md, README.md, README.md, readme.md, README.md, README.md, README.md, README.md, README.MD, README.md, CHANGELOG.md, README.md, CHANGELOG.md, README.md, CHANGELOG.md, README.md, CHANGELOG.md, README.md, readme.md, Readme.md, readme.md, README.md, README.md, README.md, README.md, LICENSE.md, README.md, CHANGELOG.md, README.md, README.md, README.md, README.md, README.md, README.md, README.md, README.md, README.md, README.md, HISTORY.md, README.md, README.md, README.md, History.md, Readme.md, security.md, readme.md, README.md, README.md, CHANGELOG.md, README.md, license.md, readme.md, Readme.md, CHANGELOG.md, LICENSE.md, README.md, History.md, Readme.md, changelog.md, license.md, readme.md, CHANGELOG.md, README.md, README.md, README.md, CHANGELOG.md, README.md, README.md, README.md, LICENSE.md, README.md, README.md, CHANGELOG.md, readme.md, CHANGELOG.md, README.md, README.md, SECURITY.md, README.md, README.md, CHANGELOG.md, README.md, changelog.md, README.md, README.md, readme.md, README.md, CHANGELOG.md, README.md, license.md, readme.md, HISTORY.md, README.md, SECURITY.md, readme.md, README.md, CHANGELOG.md, README.md, changelog.md, README.md, README.md, README.md, README.md, SECURITY.md, CHANGELOG.md, README.md, README.md, README.md, CHANGELOG.md, README.md, README.md, HISTORY.md, README.md, HISTORY.md, README.md, README.md, SECURITY.md, CHANGELOG.md, README.md, README.md, README.md, LICENSE.md, README.md, readme.md, CHANGELOG.md, README.md, CHANGELOG.md, README.md, CHANGELOG.md, README.md, readme.md, README.md, README.md, readme.md, readme.md, CHANGELOG.md, README.md, README.md, CHANGELOG.md, README.md, README.md, CHANGELOG.md, README.md, release-notes.md, readme.md, CHANGELOG.md, README.md, CHANGELOG.md, README.md, CHANGELOG.md, README.md, CHANGELOG.md, README.md, CHANGELOG.md, README.md, SECURITY.md, README.md, README.md, HISTORY.md, README.md, HISTORY.md, README.md, CHANGELOG.md, README.md, README.md, SECURITY.md, Changelog.md, README.md, README.md, README.md, README.md, readme.md, readme.md, README.md, README.md, README.md, README.md, README.md, CHANGELOG.md, README.md, CHANGELOG.md, README.md, README.md, readme.md, readme.md, README.md, README.md, readme.md, readme.md, CHANGELOG.md, README.md, README.md, README.md, CHANGELOG.md, README.md, CHANGELOG.md, README.md, CHANGELOG.md, README.md, CHANGELOG.md, README.md, CHANGELOG.md, README.md, README.md, LICENSE.md, README.md, README.md, README.md, README.md, README.md, README.md, README.md, README.md, README.md, README.md, README.md, README.md, Readme.md, README.md, readme.md, README.md, README.md, LICENSE.md, README.md, README.md, CHANGELOG.md, README.md, CHANGELOG.md, README.md, README.md, README.md, CHANGELOG.md, LICENSE.md, README.md, README.md, LICENSE.md, README.md, README.md, README.md, CHANGELOG.md, readme.md, README.md, readme.md, README.md, readme.md, README.md, CHANGELOG.md, CODE_OF_CONDUCT.md, METADATA.md, README.md, license.md, README.md, README.md, CHANGELOG.md, CONTRIBUTING.md, README.md, readme.md, README.MD, README.md, release.md, README.md, README.md, README.md, README.md, README.md, README.md, README.md, README.md, README.md, README.md, README.md, CHANGELOG.md, README.md, CONTRIBUTING.md, README.md, README.md, README.md, README.md, LICENSE.md, README.md, CHANGELOG.md, README.md, version.md, readme.md, README.md, README.md, readme.md, README.md, CHANGELOG.md, README.md, HISTORY.md, README.md, HISTORY.md, README.md, README.md, README.md, HISTORY.md, README.md, README.md, CHANGELOG.md, README.md, HISTORY.md, README.md, HISTORY.md, README.md, HISTORY.md, README.md, readme.md, README.md, CHANGELOG.md, README.md, README.md, CHANGELOG.md, README.md, changelog.md, README.md, README.md, CHANGELOG.md, README.md, license.md, readme.md, HISTORY.md, README.md, HISTORY.md, README.md, license.md, readme.md, README.md, CHANGELOG.md, README.md, README.md, README.md, HISTORY.md, README.md, README.md, README.md, CHANGELOG.md, README.md, LICENSE.md, README.md, README.md, README.md, CHANGELOG.md, CODE_OF_CONDUCT.md, README.md, README.md, readme.md, readme.md, CHANGELOG.md, README.md, HISTORY.md, README.md, HISTORY.md, README.md, README.md, README.md, readme.md, CHANGELOG.md, README.md, readme.md, readme.md, readme.md, LICENSE.md, README.md, readme.md, readme.md, HISTORY.md, README.md, README.md, CHANGELOG.md, README.md, migrating.md, README.md, README.md, README.md, CHANGELOG.md, README.md, security.md, readme.md, readme.md, readme.md, README.md, README.md, LICENSE.md, README.md, Readme.md, readme.md, History.md, Readme.md, README.md, README.md, README.md, README.md, README.md, README.md, README.md, README.md, README.md, README.md, CHANGELOG.md, README.md, README.md, README.md, help.md, README.md, Readme.md, README.md, readme.md, readme.md, readme.md, readme.md, readme.md, CHANGELOG.md, README.md, readme.md, readme.md, readme.md, readme.md, CHANGELOG.md, README.md, README.md, CONTRIBUTING.md, LICENSE.md, README.md, readme.md, README.md, README.md, README.md, readme.md, HISTORY.md, README.md, README.md, README.md, SECURITY.md, README.md, CHANGELOG.md, README.md, CHANGELOG.md, LICENSE.md, README.md, README.md, HISTORY.md, README.md, HISTORY.md, README.md, README.md, README.MD, HISTORY.md, README.md, SECURITY.md, README.md, CONTRIBUTING.md, GOVERNANCE.md, README.md, README.md, AUTHORS.md, README.md, INCIDENT_RESPONSE_PROCESS.md, THREAT_MODEL.md, SECURITY.md, readme.md, readme.md, readme.md, readme.md, README.md, README.md, SECURITY.md, README.md, README.md, README.md, README.md, README.md, README.md, CHANGELOG.md, CODE_OF_CONDUCT.md, README.md, README.md, README.md, readme.md, Porting-Buffer.md, Readme.md, LICENSE.md, README.md, README.md, license.md, readme.md, CHANGELOG.md, README.md, HISTORY.md, README.md, HISTORY.md, README.md, SECURITY.md, license.md, readme.md, CHANGELOG.md, README.md, HISTORY.md, README.md, HISTORY.md, README.md, SECURITY.md, HISTORY.md, README.md, HISTORY.md, README.md, CHANGELOG.md, README.md, README.md, CHANGELOG.md, README.md, readme.md, readme.md, README.md, CHANGELOG.md, README.md, CHANGELOG.md, README.md, CHANGELOG.md, README.md, CHANGELOG.md, README.md, README.md, readme.md, readme.md, README.MD, README.md, CHANGELOG.md, README.md, LICENSE.md, README.md, README.md, README.md, README.md, LICENSE.md, README.md, Readme.md, readme.md, LICENSE.md, readme.md, HISTORY.md, README.md, README.md, README.md, readme.md, readme.md, readme.md, README.md, readme.md, readme.md, readme.md, readme.md, readme.md, SECURITY.md, CHANGELOG.md, README.md, README.md, CHANGELOG.md, README.md, README.md, README.md, readme.md, CHANGELOG.md, README.md, README.md, README.md, CHANGELOG.md, README.md, README.md, readme.md, CHANGELOG.md, README.md, README.md, HISTORY.md, README.md, README.md, CHANGELOG.md, README.md, readme.md, CHANGELOG.md, CONTRIBUTING.md, LICENSE.md, README.md, TROUBLESHOOTING.md, readme.md, NODE-LICENSE.md, README.md, README.md, README.md, SECURITY.md, README.md, README.md, CHANGELOG.md, README.md, README.md, README.md, readme.md, HISTORY.md, README.md, CHANGELOG.md, README.md, README.md, README.md, README.md, AUTHORS.md, README.md, LICENSE.md, README.md, README.md, readme.md, readme.md, CHANGELOG.md, README.md, README.md, README.md, AUTHORS.md, README.md, readme.md, readme.md, readme.md, README.md, CHANGELOG.md, README.md, README.MD, CHANGELOG.md, README.md, README.md, SECURITY.md, README.md, readme.md, HISTORY.md, README.md, readme.md, README.md, README.md, HISTORY.md, README.md, README.md, README.md, CHANGELOG.md, README.md, History.md, README.md, README.md, CHANGELOG.md, CONTRIBUTING.md, LICENSE.md, README.md, CHANGELOG.md, README.md, CHANGELOG.md, README.md, README.md, CHANGELOG.md, README.md, HISTORY.md, README.md, readme.md, LICENSE.md, README.md, README.md, README.md, CHANGELOG.md, README.md, CHANGELOG.md, README.md, readme.md, README.md, README.md, CHANGELOG.md, README.md, README.md, readme.md, readme.md, README.md, LICENSE.md, README.md, README.md, README.zh.md, README.md, CHANGELOG.md, README.md, README.md, README.md, README.md, CHANGELOG.md, README.md, readme.md, readme.md, MONITORING-README.md, README.md
[18:19:57] ----------------------------------------
[18:19:57] Processing: fabrique-ai
[18:19:57]   No module files found
[18:19:57]   Found 4 configuration files
[18:19:57] ----------------------------------------
[18:19:57] Processing: Farbriqautions
[18:19:57]   No module files found
[18:19:57]   Found 13 configuration files
[18:19:57]   Found documentation: ANLEITUNG-FÜR-DUMMIES.md, FEHLER-ANALYSE-KOMPLETT.md, README.md, instructions.md, AI-KOLLEGE-INTEGRATION-GUIDE.md, AI-KOLLEGE-PRODUKTIONSFLUSS-INTEGRATION.md, INDUSTRIAL-FACTORY-GUIDE.md, INVENTOR-PROJEKT-VOLLANALYSE.md, MANIFEST-WERTE.md, PROMPT-FABRIK-GUIDE.md, ROUTINE-KOSTENLOSE-PRODUKTION.md, STABILER-PRODUKTIONSFLUSS-GUIDE.md, SYSTEM-ARCHITEKTUR-KOMPLETT.md, TERM-SHEET-VORLAGE.md
[18:19:57] ----------------------------------------
[18:19:57] Processing: FabricationSystem
[18:19:57]   Found 1 module files
[18:19:57]   Importing module: FabricationSystem.psm1
Fabrication System started in Active mode at 12/13/2025 18:19:58
[18:19:58]   Successfully tested: Start-FabricationSystem
[18:19:58]   Warning: Missing standard functions: Initialize, Start, Stop, Get-Status
[18:19:58]   Found 2 configuration files
[18:19:58]   Found documentation: GUIDE.md
[18:19:58] ----------------------------------------
[18:19:58] Processing: Fabrikage
[18:19:58]   No module files found
[18:19:58]   Found 62 important files
[18:19:58]     - acorn.ps1 (.ps1)
[18:19:58]     - arborist.ps1 (.ps1)
[18:19:58]     - baseline-browser-mapping.ps1 (.ps1)
[18:19:58]     - browserslist.ps1 (.ps1)
[18:19:58]     - color-support.ps1 (.ps1)
[18:19:58]     - conventional-changelog-writer.ps1 (.ps1)
[18:19:58]     - conventional-commits-parser.ps1 (.ps1)
[18:19:58]     - conventional-recommended-bump.ps1 (.ps1)
[18:19:58]     - create-jest.ps1 (.ps1)
[18:19:58]     - cssesc.ps1 (.ps1)
[18:19:58]     - ejs.ps1 (.ps1)
[18:19:58]     - envinfo.ps1 (.ps1)
[18:19:58]     - eslint-config-prettier.ps1 (.ps1)
[18:19:58]     - eslint.ps1 (.ps1)
[18:19:58]     - esparse.ps1 (.ps1)
[18:19:58]     - esvalidate.ps1 (.ps1)
[18:19:58]     - flat.ps1 (.ps1)
[18:19:58]     - get-pkg-repo.ps1 (.ps1)
[18:19:58]     - git-raw-commits.ps1 (.ps1)
[18:19:58]     - git-semver-tags.ps1 (.ps1)
[18:19:58]     - handlebars.ps1 (.ps1)
[18:19:58]     - husky.ps1 (.ps1)
[18:19:58]     - import-local-fixture.ps1 (.ps1)
[18:19:58]     - installed-package-contents.ps1 (.ps1)
[18:19:58]     - is-ci.ps1 (.ps1)
[18:19:58]     - is-docker.ps1 (.ps1)
[18:19:58]     - jake.ps1 (.ps1)
[18:19:58]     - jest.ps1 (.ps1)
[18:19:58]     - js-yaml.ps1 (.ps1)
[18:19:58]     - jsesc.ps1 (.ps1)
[18:19:58]     - json5.ps1 (.ps1)
[18:19:58]     - JSONStream.ps1 (.ps1)
[18:19:58]     - lerna.ps1 (.ps1)
[18:19:58]     - lint-staged.ps1 (.ps1)
[18:19:58]     - loose-envify.ps1 (.ps1)
[18:19:58]     - mkdirp.ps1 (.ps1)
[18:19:58]     - node-gyp-build-optional.ps1 (.ps1)
[18:19:58]     - node-gyp-build-test.ps1 (.ps1)
[18:19:58]     - node-gyp-build.ps1 (.ps1)
[18:19:58]     - node-gyp.ps1 (.ps1)
[18:19:58]     - node-which.ps1 (.ps1)
[18:19:58]     - nopt.ps1 (.ps1)
[18:19:58]     - npm-packlist.ps1 (.ps1)
[18:19:58]     - nx.ps1 (.ps1)
[18:19:58]     - pacote.ps1 (.ps1)
[18:19:58]     - parser.ps1 (.ps1)
[18:19:58]     - pidtree.ps1 (.ps1)
[18:19:58]     - prettier.ps1 (.ps1)
[18:19:58]     - resolve.ps1 (.ps1)
[18:19:58]     - rimraf.ps1 (.ps1)
[18:19:58]     - semver.ps1 (.ps1)
[18:19:58]     - sigstore.ps1 (.ps1)
[18:19:58]     - sl-log-transformer.ps1 (.ps1)
[18:19:58]     - tao.ps1 (.ps1)
[18:19:58]     - ts-jest.ps1 (.ps1)
[18:19:58]     - tsc.ps1 (.ps1)
[18:19:58]     - tsserver.ps1 (.ps1)
[18:19:58]     - uglifyjs.ps1 (.ps1)
[18:19:58]     - update-browserslist-db.ps1 (.ps1)
[18:19:58]     - uuid.ps1 (.ps1)
[18:19:58]     - bootstrap.ps1 (.ps1)
[18:19:58]     - install-deps.ps1 (.ps1)
[18:19:58]   Found 8 configuration files
[18:19:58]   Found documentation: README.md
[18:19:58] ----------------------------------------
[18:19:58] Processing: Fabrikage.AutoExecution
[18:19:58]   No module files found
[18:19:58]   Found 1 important files
[18:19:58]     - deploy-standardroutine.ps1 (.ps1)
[18:19:58]   Found 1 configuration files
[18:19:58]   Found documentation: deploy-philosophie.md
[18:19:58] ----------------------------------------
[18:19:58] Processing: Fabrikage.CoreProtocols
[18:19:58]   No module files found
[18:19:58]   Found 1 configuration files
[18:19:58] ----------------------------------------
[18:19:58] Processing: Fabrikage.IntelligenceMatrix
[18:19:58]   No module files found
[18:19:58]   Found 1 configuration files
[18:19:58] ----------------------------------------
[18:19:58] Processing: Fabrikage.ObservabilityAtlas
[18:19:58]   No module files found
[18:19:59]   Found 1 configuration files
[18:19:59] ----------------------------------------
[18:19:59] Processing: Fabrikage.PromptProcessing
[18:19:59]   No module files found
[18:19:59]   Found 7 configuration files
[18:19:59]   Found documentation: FABRIK-BEDIENUNGSANLEITUNG-OLDTIMER.md, FEHLER-PROTOKOLL-VERLETZUNG.md, PSYCHIATRISCHER-BERICHT-INVENTOR.md, ZUSAMMENFASSUNG-UEBERGABE.md, INTEGRATION.md, STANDARDROUTINE-ABGESCHLOSSEN.md, STANDARDROUTINE-PRE-RESPONSE.md, STANDARDROUTINE.md, SYSTEM-ABSCHLUSS-BERICHT.md
[18:19:59] ----------------------------------------

=== Integration Summary ===
Processed 13 Fabrication components
Log file: D:\busineshuboffline CHATGTP\TOGETHERSYSTEMS- GITHUB\Nieuwe map (3)\FabricationIntegration_20251213_181934.log

Next steps:
1. Review the log file for any issues
2. Test each component individually
3. Update any missing configurations
**********************
Windows PowerShell transcript end
End time: 20251213181959
**********************
