**********************
Windows PowerShell transcript start
Start time: 20251213180243
Username: DESKTOP-U2AII26\Gebruiker
RunAs User: DESKTOP-U2AII26\Gebruiker
Configuration Name: 
Machine: DESKTOP-U2AII26 (Microsoft Windows NT 10.0.26100.0)
Host Application: C:\WINDOWS\System32\WindowsPowerShell\v1.0\powershell.exe
Process ID: 1744
PSVersion: 5.1.26100.7462
PSEdition: Desktop
PSCompatibleVersions: 1.0, 2.0, 3.0, 4.0, 5.0, 5.1.26100.7462
BuildVersion: 10.0.26100.7462
CLRVersion: 4.0.30319.42000
WSManStackVersion: 3.0
PSRemotingProtocolVersion: 2.3
SerializationVersion: 1.1.0.1
**********************
Transcript started, output file is D:\busineshuboffline CHATGTP\TOGETHERSYSTEMS- GITHUB\Nieuwe map (3)\FabricationFixer_20251213_180243.log
Fabrication System Fixer started at 12/13/2025 18:02:43
Root path: D:\busineshuboffline CHATGTP\TOGETHERSYSTEMS- GITHUB\Nieuwe map (3)
2025-12-13 18:02:43 [INFO] Starting Fabrication System Multi-Instance Manager
2025-12-13 18:02:43 [INFO] Starting Fabrication System Multi-Instance Manager
2025-12-13 18:02:43 [INFO] Root directory: D:\busineshuboffline CHATGTP\TOGETHERSYSTEMS- GITHUB\Nieuwe map (3)
2025-12-13 18:02:43 [INFO] Root directory: D:\busineshuboffline CHATGTP\TOGETHERSYSTEMS- GITHUB\Nieuwe map (3)
2025-12-13 18:02:43 [WARN] No Fabrication System instances found. Initializing new instance in root directory.
2025-12-13 18:02:43 [WARN] No Fabrication System instances found. Initializing new instance in root directory.
2025-12-13 18:02:44 [OK] Successfully initialized new Fabrication System instance
2025-12-13 18:02:44 [OK] Successfully initialized new Fabrication System instance
2025-12-13 18:02:44 [INFO] 
Processing instance: D:\busineshuboffline CHATGTP\TOGETHERSYSTEMS- GITHUB\Nieuwe map (3)\FabricationSystem
2025-12-13 18:02:44 [INFO] 
Processing instance: D:\busineshuboffline CHATGTP\TOGETHERSYSTEMS- GITHUB\Nieuwe map (3)\FabricationSystem
2025-12-13 18:02:44 [OK] Instance is valid
2025-12-13 18:02:44 [OK] Instance is valid
2025-12-13 18:02:44 [OK] Successfully imported module
2025-12-13 18:02:44 [OK] Successfully imported module
2025-12-13 18:02:44 [WARN] Warning: Could not get system status: The term 'Get-SystemStatus' is not recognized as the name of a cmdlet, function, script file, or operable program. Check the spelling of the name, or if a path was included, verify that the path is correct and try again.
2025-12-13 18:02:44 [WARN] Warning: Could not get system status: The term 'Get-SystemStatus' is not recognized as the name of a cmdlet, function, script file, or operable program. Check the spelling of the name, or if a path was included, verify that the path is correct and try again.
2025-12-13 18:02:44 [OK] 
Processing complete. Found and processed 1 instance(s).
2025-12-13 18:02:44 [OK] 
Processing complete. Found and processed 1 instance(s).
2025-12-13 18:02:44 [INFO] Fabrication System Fixer completed at 12/13/2025 18:02:44
2025-12-13 18:02:44 [INFO] Fabrication System Fixer completed at 12/13/2025 18:02:44
**********************
Windows PowerShell transcript end
End time: 20251213180244
**********************
