**********************
Windows PowerShell transcript start
Start time: 20251213181319
Username: DESKTOP-U2AII26\Gebruiker
RunAs User: DESKTOP-U2AII26\Gebruiker
Configuration Name: 
Machine: DESKTOP-U2AII26 (Microsoft Windows NT 10.0.26100.0)
Host Application: C:\WINDOWS\System32\WindowsPowerShell\v1.0\powershell.exe
Process ID: 26104
PSVersion: 5.1.26100.7462
PSEdition: Desktop
PSCompatibleVersions: 1.0, 2.0, 3.0, 4.0, 5.0, 5.1.26100.7462
BuildVersion: 10.0.26100.7462
CLRVersion: 4.0.30319.42000
WSManStackVersion: 3.0
PSRemotingProtocolVersion: 2.3
SerializationVersion: 1.1.0.1
**********************
Transcript started, output file is D:\busineshuboffline CHATGTP\TOGETHERSYSTEMS- GITHUB\Nieuwe map (3)\FabricationFixer_20251213_181319.log
Fabrication System Fixer started at 12/13/2025 18:13:19
Root path: D:\busineshuboffline CHATGTP\TOGETHERSYSTEMS- GITHUB\Nieuwe map (3)
2025-12-13 18:13:19 [INFO] Starting Fabrication System Multi-Instance Manager
2025-12-13 18:13:19 [INFO] Starting Fabrication System Multi-Instance Manager
2025-12-13 18:13:19 [INFO] Root directory: D:\busineshuboffline CHATGTP\TOGETHERSYSTEMS- GITHUB\Nieuwe map (3)
2025-12-13 18:13:19 [INFO] Root directory: D:\busineshuboffline CHATGTP\TOGETHERSYSTEMS- GITHUB\Nieuwe map (3)
2025-12-13 18:13:19 [WARN] No Fabrication System instances found. Initializing new instance in root directory.
2025-12-13 18:13:19 [WARN] No Fabrication System instances found. Initializing new instance in root directory.
2025-12-13 18:13:19 [OK] Successfully initialized new Fabrication System instance
2025-12-13 18:13:19 [OK] Successfully initialized new Fabrication System instance
2025-12-13 18:13:19 [INFO] 
Processing instance: D:\busineshuboffline CHATGTP\TOGETHERSYSTEMS- GITHUB\Nieuwe map (3)\FabricationSystem
2025-12-13 18:13:19 [INFO] 
Processing instance: D:\busineshuboffline CHATGTP\TOGETHERSYSTEMS- GITHUB\Nieuwe map (3)\FabricationSystem
2025-12-13 18:13:19 [OK] Instance is valid
2025-12-13 18:13:19 [OK] Instance is valid
2025-12-13 18:13:20 [OK] Successfully imported module
2025-12-13 18:13:20 [OK] Successfully imported module
2025-12-13 18:13:21 [INFO] System status: Operational
2025-12-13 18:13:21 [INFO] System status: Operational
2025-12-13 18:13:21 [OK] 
Processing complete. Found and processed 1 instance(s).
2025-12-13 18:13:21 [OK] 
Processing complete. Found and processed 1 instance(s).
2025-12-13 18:13:21 [INFO] Fabrication System Fixer completed at 12/13/2025 18:13:21
2025-12-13 18:13:21 [INFO] Fabrication System Fixer completed at 12/13/2025 18:13:21
**********************
Windows PowerShell transcript end
End time: 20251213181321
**********************
