. 2025-12-16 16:59:37.863 --------------------------------------------------------------------------
. 2025-12-16 16:59:37.870 WinSCP Versie 6.5.5 (Build 16453 2025-11-19) (OS 10.0.26100 – Windows 11 Pro)
. 2025-12-16 16:59:37.870 Configuration: HKCU\Software\Martin Prikryl\WinSCP 2\
. 2025-12-16 16:59:37.872 Log level: Normal
. 2025-12-16 16:59:37.872 Local account: DESKTOP-U2AII26\Gebruiker
. 2025-12-16 16:59:37.872 Working directory: D:\busineshuboffline CHATGTP\TOGETHERSYSTEMS- GITHUB\Nieuwe map (3)
. 2025-12-16 16:59:37.872 Process ID: 53632
. 2025-12-16 16:59:38.163 Ancestor processes: WinSCP, pwsh, Code, Code, ...
. 2025-12-16 16:59:38.165 Command-line: "D:\Program Files (x86)\WinSCP\WinSCP.exe" /console=6.5.5 /consoleinstance=_46908_763 "/script=winscp_find_webroot.txt" "/log=find_webroot.log" 
. 2025-12-16 16:59:38.165 Time zone: Current: GMT+1, Standard: GMT+1 (West-Europa (standaardtijd)), DST: GMT+2 (West-Europa (zomertijd)), DST Start: 30/03/2025, DST End: 26/10/2025
. 2025-12-16 16:59:38.166 Login time: Tuesday, 16 December 2025 16:59:38
. 2025-12-16 16:59:38.166 --------------------------------------------------------------------------
. 2025-12-16 16:59:38.166 Script: Retrospectively logging previous script records:
> 2025-12-16 16:59:38.166 Script: option batch abort
< 2025-12-16 16:59:38.166 Script: batch           abort     
> 2025-12-16 16:59:38.166 Script: option confirm off
< 2025-12-16 16:59:38.166 Script: confirm         off       
> 2025-12-16 16:59:38.166 Script: open sftp://u972026836:***@45.87.81.214:65002
. 2025-12-16 16:59:38.166 --------------------------------------------------------------------------
. 2025-12-16 16:59:38.166 Session name: u972026836@45.87.81.214 (Ad-Hoc site)
. 2025-12-16 16:59:38.166 Host name: 45.87.81.214 (Port: 65002)
. 2025-12-16 16:59:38.166 User name: u972026836 (Password: Yes, Key file: No, Passphrase: No)
. 2025-12-16 16:59:38.166 Tunnel: No
. 2025-12-16 16:59:38.166 Transfer Protocol: SFTP
. 2025-12-16 16:59:38.166 Ping type: Off, Ping interval: 30 sec; Timeout: 15 sec
. 2025-12-16 16:59:38.166 Disable Nagle: No
. 2025-12-16 16:59:38.166 Proxy: None
. 2025-12-16 16:59:38.166 Send buffer: 262144
. 2025-12-16 16:59:38.166 Compression: No
. 2025-12-16 16:59:38.166 Bypass authentication: No
. 2025-12-16 16:59:38.166 Try agent: Yes; Agent forwarding: No; KI: Yes; GSSAPI: Yes
. 2025-12-16 16:59:38.166 GSSAPI: KEX: No; Forwarding: No; Libs: gssapi32,sspi,custom; Custom: 
. 2025-12-16 16:59:38.166 Ciphers: aes,chacha20,aesgcm,3des,WARN,des,blowfish,arcfour; Ssh2DES: No
. 2025-12-16 16:59:38.166 KEX: ntru-curve25519,mlkem-curve25519,mlkem-nist,ecdh,dh-gex-sha1,dh-group18-sha512,dh-group17-sha512,dh-group16-sha512,dh-group15-sha512,dh-group14-sha1,rsa,WARN,dh-group1-sha1
. 2025-12-16 16:59:38.166 SSH Bugs: Auto,Auto,Auto,Auto,Auto,Auto,Auto,Auto,Auto,Auto
. 2025-12-16 16:59:38.166 Simple channel: Yes
. 2025-12-16 16:59:38.166 Return code variable: Autodetect; Lookup user groups: Auto
. 2025-12-16 16:59:38.166 Shell: default
. 2025-12-16 16:59:38.166 EOL: LF, UTF: Auto
. 2025-12-16 16:59:38.166 Clear aliases: Yes, Unset nat.vars: Yes, Resolve symlinks: Yes; Follow directory symlinks: No
. 2025-12-16 16:59:38.166 LS: ls -la, Ign LS warn: Yes, Scp1 Comp: No; Exit code 1 is error: No
. 2025-12-16 16:59:38.166 SFTP Bugs: Auto,Auto
. 2025-12-16 16:59:38.166 SFTP Server: default
. 2025-12-16 16:59:38.166 Local directory: default, Remote directory: home, Update: Yes, Cache: Yes
. 2025-12-16 16:59:38.166 Cache directory changes: Yes, Permanent: Yes
. 2025-12-16 16:59:38.166 Recycle bin: Delete to: No, Overwritten to: No, Bin path: 
. 2025-12-16 16:59:38.166 DST mode: Unix
. 2025-12-16 16:59:38.166 --------------------------------------------------------------------------
< 2025-12-16 16:59:38.166 Script: Bezig met zoeken naar doelcomputer...
. 2025-12-16 16:59:38.180 Looking up host "45.87.81.214" for SSH connection
. 2025-12-16 16:59:38.181 Connecting to 45.87.81.214 port 65002
. 2025-12-16 16:59:38.189 Connected to 45.87.81.214 (from 192.168.1.181:64202)
< 2025-12-16 16:59:38.191 Script: Bezig met verbinding maken met doelcomputer...
. 2025-12-16 16:59:38.194 We claim version: SSH-2.0-WinSCP_release_6.5.5
. 2025-12-16 16:59:38.195 Connected to 45.87.81.214 (from 192.168.1.181:64202)
. 2025-12-16 16:59:38.220 Remote version: SSH-2.0-OpenSSH_8.7
. 2025-12-16 16:59:38.220 Using SSH protocol version 2
. 2025-12-16 16:59:38.222 Have a known host key of type ssh-ed25519
. 2025-12-16 16:59:38.234 Enabling strict key exchange semantics
. 2025-12-16 16:59:38.237 Doing ECDH key exchange with curve Curve25519, using hash SHA-256
. 2025-12-16 16:59:38.528 Server also has ecdsa-sha2-nistp256/rsa-sha2-512/rsa-sha2-256/ssh-rsa host keys, but we don't know any of them
. 2025-12-16 16:59:38.529 Host key fingerprint is:
. 2025-12-16 16:59:38.529 ssh-ed25519 255 SHA256:4mfb2c67Lhi/idZu+pyYocKONELisV4IInwlFdR8t98
< 2025-12-16 16:59:38.529 Script: Bezig met authenticatie...
. 2025-12-16 16:59:38.622 Host key matches cached key
. 2025-12-16 16:59:38.622 Initialised AES-256 SDCTR (AES-NI accelerated) [aes256-ctr] outbound encryption
. 2025-12-16 16:59:38.622 Initialised HMAC-SHA-256 outbound MAC algorithm
. 2025-12-16 16:59:38.622 Initialised AES-256 SDCTR (AES-NI accelerated) [aes256-ctr] inbound encryption
. 2025-12-16 16:59:38.622 Initialised HMAC-SHA-256 inbound MAC algorithm
! 2025-12-16 16:59:38.637 Using username "u972026836".
< 2025-12-16 16:59:38.637 Script: Met gebruikersnaam "u972026836".
. 2025-12-16 16:59:38.708 Server offered these authentication methods: publickey,password
. 2025-12-16 16:59:38.708 Prompt (password, "SSH password", <no instructions>, "&Wachtwoord: ")
. 2025-12-16 16:59:38.709 Using stored password.
< 2025-12-16 16:59:38.709 Script: Authenticatie met vooraf ingevoerd wachtwoord.
. 2025-12-16 16:59:38.743 Sent password
. 2025-12-16 16:59:38.778 Access granted
. 2025-12-16 16:59:38.779 Opening main session channel
. 2025-12-16 16:59:38.861 Opened main channel
. 2025-12-16 16:59:38.876 Started a shell/command
< 2025-12-16 16:59:38.876 Script: Authenticatie voltooid.
. 2025-12-16 16:59:38.946 --------------------------------------------------------------------------
. 2025-12-16 16:59:38.946 Using SFTP protocol.
. 2025-12-16 16:59:38.946 Doing startup conversation with host.
< 2025-12-16 16:59:38.946 Script: Bezig met starten van sessie...
. 2025-12-16 16:59:38.998 Well known server, allowing SFTP version 6.
> 2025-12-16 16:59:38.998 Type: SSH_FXP_INIT, Size: 5, Number: -1
< 2025-12-16 16:59:39.008 Type: SSH_FXP_VERSION, Size: 238, Number: -1
. 2025-12-16 16:59:39.008 SFTP version 3 negotiated.
. 2025-12-16 16:59:39.008 Supports extension posix-rename@openssh.com="1"
. 2025-12-16 16:59:39.008 Supports statvfs@openssh.com extension version 2
. 2025-12-16 16:59:39.008 Unknown server extension fstatvfs@openssh.com="2"
. 2025-12-16 16:59:39.008 Supports hardlink@openssh.com extension version 1
. 2025-12-16 16:59:39.008 Unknown server extension fsync@openssh.com="1"
. 2025-12-16 16:59:39.008 Unknown server extension lsetstat@openssh.com="1"
. 2025-12-16 16:59:39.008 Supports limits@openssh.com extension version 1
. 2025-12-16 16:59:39.008 Unknown server extension expand-path@openssh.com="1"
. 2025-12-16 16:59:39.008 We believe the server has signed timestamps bug
. 2025-12-16 16:59:39.008 We will use UTF-8 strings until server sends an invalid UTF-8 string as with SFTP version 3 and older UTF-8 strings are not mandatory
> 2025-12-16 16:59:39.008 Type: SSH_FXP_EXTENDED, Size: 27, Number: 200
< 2025-12-16 16:59:39.019 Type: SSH_FXP_EXTENDED_REPLY, Size: 37, Number: 200
. 2025-12-16 16:59:39.019 Limiting packet size to server's limit of 262144 + 4 bytes
. 2025-12-16 16:59:39.019 Getting current directory name.
. 2025-12-16 16:59:39.019 Getting real path for '.'
> 2025-12-16 16:59:39.019 Type: SSH_FXP_REALPATH, Size: 10, Number: 272
< 2025-12-16 16:59:39.028 Type: SSH_FXP_NAME, Size: 53, Number: 272
. 2025-12-16 16:59:39.028 Real path is '/home/u972026836'
. 2025-12-16 16:59:39.028 Startup conversation with host finished.
< 2025-12-16 16:59:39.030 Script: Sessie gestart.
< 2025-12-16 16:59:39.035 Script: Actieve sessie: [1] u972026836@45.87.81.214
> 2025-12-16 16:59:39.094 Script: pwd
< 2025-12-16 16:59:39.094 Script: /home/u972026836
> 2025-12-16 16:59:39.140 Script: ls
. 2025-12-16 16:59:39.140 Listing directory "/home/u972026836".
> 2025-12-16 16:59:39.140 Type: SSH_FXP_OPENDIR, Size: 25, Number: 523
< 2025-12-16 16:59:39.149 Type: SSH_FXP_HANDLE, Size: 13, Number: 523
> 2025-12-16 16:59:39.149 Type: SSH_FXP_READDIR, Size: 13, Number: 780
< 2025-12-16 16:59:39.155 Type: SSH_FXP_NAME, Size: 2111, Number: 780
> 2025-12-16 16:59:39.157 Type: SSH_FXP_READDIR, Size: 13, Number: 1036
< 2025-12-16 16:59:39.164 Type: SSH_FXP_STATUS, Size: 28, Number: 1036
< 2025-12-16 16:59:39.165 Status code: 1
> 2025-12-16 16:59:39.165 Type: SSH_FXP_CLOSE, Size: 13, Number: 1284
. 2025-12-16 16:59:39.165 .;d;0;2025-12-16T15:57:48.000Z;4;"u972026836" [972026836];"apache" [48];rwxr-xr-x;0
. 2025-12-16 16:59:39.165 .local;d;0;2025-12-16T15:57:48.000Z;4;"u972026836" [972026836];"o1007643223" [2007643223];rwxr-xr-x;2
. 2025-12-16 16:59:39.165 serverfarm;d;0;2025-09-18T20:17:28.000Z;4;"u972026836" [972026836];"o1007643223" [2007643223];rwxr-xr-x;0
. 2025-12-16 16:59:39.165 web;d;0;2025-09-18T07:23:40.000Z;4;"u972026836" [972026836];"o1007643223" [2007643223];rwxr-xr-x;0
. 2025-12-16 16:59:39.165 ..;d;0;2025-08-02T07:12:51.000Z;4;"root" [0];"root" [0];rwxr-xr-x;0
. 2025-12-16 16:59:39.165 server.log;-;88;2025-09-17T18:20:45.000Z;4;"u972026836" [972026836];"o1007643223" [2007643223];rwxr-xr-x;0
. 2025-12-16 16:59:39.165 sync-to-server.sh;-;4718;2025-08-02T18:23:45.000Z;4;"u972026836" [972026836];"o1007643223" [2007643223];rwxr-xr-x;0
. 2025-12-16 16:59:39.165 index.html;-;397;2025-09-20T09:03:22.000Z;4;"u972026836" [972026836];"o1007643223" [2007643223];rw-r--r--;0
. 2025-12-16 16:59:39.165 .cagefs;d;0;2025-08-02T07:12:51.000Z;4;"u972026836" [972026836];"o1007643223" [2007643223];rwxrwx--x;2
. 2025-12-16 16:59:39.165 mime-fix-automatic.sh;-;1593;2025-08-03T21:49:48.000Z;4;"u972026836" [972026836];"o1007643223" [2007643223];rwxr-xr-x;0
. 2025-12-16 16:59:39.166 .filebrowser;d;0;2025-12-16T15:33:46.000Z;4;"u972026836" [972026836];"o1007643223" [2007643223];rwxr-xr-x;2
. 2025-12-16 16:59:39.166 domains;d;0;2025-08-02T11:42:58.000Z;4;"u972026836" [972026836];"o1007643223" [2007643223];rwxr-xr-x;0
. 2025-12-16 16:59:39.166 .api_token;-;40;2025-08-02T07:13:02.000Z;4;"u972026836" [972026836];"o1007643223" [2007643223];rwxr-xr-x;2
. 2025-12-16 16:59:39.166 .trash;d;0;2025-08-02T10:55:29.000Z;4;"u972026836" [972026836];"o1007643223" [2007643223];rwxr-xr-x;2
. 2025-12-16 16:59:39.166 .npm;d;0;2025-08-02T21:16:12.000Z;4;"u972026836" [972026836];"o1007643223" [2007643223];rwxr-xr-x;2
. 2025-12-16 16:59:39.166 .cl.selector;d;0;2025-12-10T08:26:40.000Z;4;"u972026836" [972026836];"o1007643223" [2007643223];rwxr-xr-x;2
. 2025-12-16 16:59:39.166 .ssh;d;0;2025-08-03T21:45:37.000Z;4;"u972026836" [972026836];"o1007643223" [2007643223];rwx------;2
. 2025-12-16 16:59:39.166 .nvm;d;0;2025-09-21T14:37:51.000Z;4;"u972026836" [972026836];"o1007643223" [2007643223];rwxr-xr-x;2
< 2025-12-16 16:59:39.166 Script: drwxr-xr-x  13 u972026836 apache        4096 Dec 16 16:57:48 2025 .
< 2025-12-16 16:59:39.175 Script: drwxr-xr-x   3 u972026836 o1007643223      4096 Dec 16 16:57:48 2025 .local
< 2025-12-16 16:59:39.179 Script: drwxr-xr-x   7 u972026836 o1007643223      4096 Sep 18 22:17:28 2025 serverfarm
< 2025-12-16 16:59:39.194 Script: drwxr-xr-x   4 u972026836 o1007643223      4096 Sep 18  9:23:40 2025 web
< 2025-12-16 16:59:39.261 Script: drwxr-xr-x   3 root     root          4096 Aug  2  9:12:51 2025 ..
< 2025-12-16 16:59:39.291 Script: -rwxr-xr-x   1 u972026836 o1007643223        88 Sep 17 20:20:45 2025 server.log
< 2025-12-16 16:59:39.314 Script: -rwxr-xr-x   1 u972026836 o1007643223      4718 Aug  2 20:23:45 2025 sync-to-server.sh
< 2025-12-16 16:59:39.347 Script: -rw-r--r--   1 u972026836 o1007643223       397 Sep 20 11:03:22 2025 index.html
< 2025-12-16 16:59:39.395 Script: drwxrwx--x   5 u972026836 o1007643223      4096 Aug  2  9:12:51 2025 .cagefs
< 2025-12-16 16:59:39.409 Script: -rwxr-xr-x   1 u972026836 o1007643223      1593 Aug  3 23:49:48 2025 mime-fix-automatic.sh
< 2025-12-16 16:59:39.414 Script: drwxr-xr-x   3 u972026836 o1007643223      4096 Dec 16 16:33:46 2025 .filebrowser
< 2025-12-16 16:59:39.427 Script: drwxr-xr-x   4 u972026836 o1007643223      4096 Aug  2 13:42:58 2025 domains
< 2025-12-16 16:59:39.432 Script: -rwxr-xr-x   1 u972026836 o1007643223        40 Aug  2  9:13:02 2025 .api_token
< 2025-12-16 16:59:39.442 Script: drwxr-xr-x   2 u972026836 o1007643223      4096 Aug  2 12:55:29 2025 .trash
< 2025-12-16 16:59:39.445 Script: drwxr-xr-x   5 u972026836 o1007643223      4096 Aug  2 23:16:12 2025 .npm
< 2025-12-16 16:59:39.445 Script: drwxr-xr-x   2 u972026836 o1007643223      4096 Dec 10  9:26:40 2025 .cl.selector
< 2025-12-16 16:59:39.447 Script: drwx------   2 u972026836 o1007643223      4096 Aug  3 23:45:37 2025 .ssh
< 2025-12-16 16:59:39.448 Script: drwxr-xr-x   8 u972026836 o1007643223      4096 Sep 21 16:37:51 2025 .nvm
> 2025-12-16 16:59:39.489 Script: cd public_html
. 2025-12-16 16:59:39.489 Changing directory to "public_html".
. 2025-12-16 16:59:39.489 Getting real path for '/home/u972026836/public_html'
> 2025-12-16 16:59:39.490 Type: SSH_FXP_REALPATH, Size: 37, Number: 1552
< 2025-12-16 16:59:39.502 Type: SSH_FXP_STATUS, Size: 24, Number: 1284
. 2025-12-16 16:59:39.502 Discarding reserved response
< 2025-12-16 16:59:39.511 Type: SSH_FXP_NAME, Size: 77, Number: 1552
. 2025-12-16 16:59:39.511 Real path is '/home/u972026836/public_html'
. 2025-12-16 16:59:39.511 Trying to open directory "/home/u972026836/public_html".
> 2025-12-16 16:59:39.511 Type: SSH_FXP_LSTAT, Size: 37, Number: 1799
< 2025-12-16 16:59:39.525 Type: SSH_FXP_STATUS, Size: 29, Number: 1799
< 2025-12-16 16:59:39.525 Status code: 2, Message: 1799, Server: No such file, Language:  
* 2025-12-16 16:59:39.531 (ECommand) Fout tijdens wisselen van map naar 'public_html'.
* 2025-12-16 16:59:39.531 Bestand of map bestaat niet.
* 2025-12-16 16:59:39.531 Foutcode: 2
* 2025-12-16 16:59:39.531 Foutmelding van server: No such file
< 2025-12-16 16:59:39.531 Script: Fout tijdens wisselen van map naar 'public_html'.
< 2025-12-16 16:59:39.531 Bestand of map bestaat niet.
< 2025-12-16 16:59:39.531 Foutcode: 2
< 2025-12-16 16:59:39.531 Foutmelding van server: No such file
< 2025-12-16 16:59:39.542 Script: /home/u972026836
. 2025-12-16 16:59:39.544 Script: Failed
. 2025-12-16 16:59:39.544 Script: Exit code: 1
. 2025-12-16 16:59:39.544 Closing connection.
. 2025-12-16 16:59:39.544 Sending special code: 1
. 2025-12-16 16:59:39.556 Session sent command exit status 0
. 2025-12-16 16:59:39.556 Main session channel closed
. 2025-12-16 16:59:39.557 All channels closed
