[2025-12-15 19:15:29] === Starting HTML Reorganization ===
[2025-12-15 19:15:29] Source Directory: D:\busineshuboffline CHATGTP\TOGETHERSYSTEMS- GITHUB\Nieuwe map (3)
[2025-12-15 19:15:29] Backup Directory: D:\busineshuboffline CHATGTP\TOGETHERSYSTEMS- GITHUB\Nieuwe map (3)\html_backup_20251215_191529
[2025-12-15 19:15:29] Log File: D:\busineshuboffline CHATGTP\TOGETHERSYSTEMS- GITHUB\Nieuwe map (3)\reorganization-report-20251215_191529.log
[2025-12-15 19:15:29] Creating backup at D:\busineshuboffline CHATGTP\TOGETHERSYSTEMS- GITHUB\Nieuwe map (3)\html_backup_20251215_191529
[2025-12-15 19:16:09] ERROR during initialization: Kan een gedeelte van het pad D:\busineshuboffline CHATGTP\TOGETHERSYSTEMS- GITHUB\Nieuwe map (3)\html_backup_20251215_191529\Anweisungen\together-systems-fixed-patch-v1.0.0\v1.0.0-PRODUCTION-20251124-222131\businessconnecthub-playwright-tests-full\playwright-report\data\cacc3d8689e58b835e73221fa3d3462e9a6519ba.md niet vinden.
[2025-12-15 19:17:21] [MOVE] app\admin\admin-monitoring.html -> app\admin\admin-monitoring.html
[2025-12-15 19:17:21] [MOVE] app\admin\admin.html -> app\admin\admin.html
[2025-12-15 19:17:21] [MOVE] app\admin\business-admin.html -> app\admin\business-admin.html
[2025-12-15 19:17:21] [MOVE] app\admin\transfer-admin.html -> app\admin\transfer-admin.html
[2025-12-15 19:17:21] [MOVE] app\api\api-einbindung-status.html -> app\api\api-einbindung-status.html
[2025-12-15 19:17:21] [MOVE] app\api\api-routen-overview.html -> app\api\api-routen-overview.html
[2025-12-15 19:17:21] [MOVE] app\api\bankapigobddokumentation.html -> app\api\bankapigobddokumentation.html
[2025-12-15 19:17:21] [MOVE] app\api\github-pages-api-fix.html -> app\api\github-pages-api-fix.html
[2025-12-15 19:17:21] [MOVE] app\api\tpga-kapitalberechnung.html -> app\api\tpga-kapitalberechnung.html
[2025-12-15 19:17:21] [MOVE] app\api\vollstndige-cms-apis-implementierung.html -> app\api\vollstndige-cms-apis-implementierung.html
[2025-12-15 19:17:21] [MOVE] app\dashboard\aquarium-dashboard.html -> app\dashboard\aquarium-dashboard.html
[2025-12-15 19:17:21] [MOVE] app\dashboard\fabrikage-scripts-dashboard.html -> app\dashboard\fabrikage-scripts-dashboard.html
[2025-12-15 19:17:21] [MOVE] app\dashboard\investor-dashboard-tpga.html -> app\dashboard\investor-dashboard-tpga.html
[2025-12-15 19:17:21] [MOVE] app\dashboard\production-dashboard-implementation.html -> app\dashboard\production-dashboard-implementation.html
[2025-12-15 19:17:21] [MOVE] app\dashboard\production-dashboard.html -> app\dashboard\production-dashboard.html
[2025-12-15 19:17:21] [MOVE] app\dashboard\produktionsordner-dashboard.html -> app\dashboard\produktionsordner-dashboard.html
[2025-12-15 19:17:21] [MOVE] app\dashboard\produktionsprozess-dateien-dashboard.html -> app\dashboard\produktionsprozess-dateien-dashboard.html
[2025-12-15 19:17:21] [MOVE] app\dashboard\settings-master-dashboard.html -> app\dashboard\settings-master-dashboard.html
[2025-12-15 19:17:21] [MOVE] app\dashboard\togethersystems-statistical-production-dashboard.html -> app\dashboard\togethersystems-statistical-production-dashboard.html
[2025-12-15 19:17:21] [MOVE] app\dashboard\unimplemented-actions-dashboard.html -> app\dashboard\unimplemented-actions-dashboard.html
[2025-12-15 19:17:21] [MOVE] docs\manuals\manual-config-import.html -> docs\manuals\manual-config-import.html
[2025-12-15 19:17:21] [MOVE] docs\reports\branding-check-report.html -> docs\reports\branding-check-report.html
[2025-12-15 19:17:21] [MOVE] docs\reports\cleanup-report.html -> docs\reports\cleanup-report.html
[2025-12-15 19:17:21] [MOVE] docs\reports\complete-implementation-report.html -> docs\reports\complete-implementation-report.html
[2025-12-15 19:17:21] [MOVE] docs\reports\final-complete-system-status-report.html -> docs\reports\final-complete-system-status-report.html
[2025-12-15 19:17:21] [MOVE] docs\reports\final-deployment-report.html -> docs\reports\final-deployment-report.html
[2025-12-15 19:17:21] [MOVE] docs\reports\final-root-organization-report.html -> docs\reports\final-root-organization-report.html
[2025-12-15 19:17:21] [MOVE] docs\reports\final-status-report.html -> docs\reports\final-status-report.html
[2025-12-15 19:17:21] [MOVE] docs\reports\final-test-and-documentation-report.html -> docs\reports\final-test-and-documentation-report.html
[2025-12-15 19:17:21] [MOVE] docs\reports\finaler-implementierungs-report.html -> docs\reports\finaler-implementierungs-report.html
[2025-12-15 19:17:21] [MOVE] docs\reports\fixed-patch-bundle-final-report.html -> docs\reports\fixed-patch-bundle-final-report.html
[2025-12-15 19:17:21] [MOVE] docs\reports\ibm-production-report.html -> docs\reports\ibm-production-report.html
[2025-12-15 19:17:21] [MOVE] docs\reports\oberster-stein-report-20251203-091441.html -> docs\reports\oberster-stein-report-20251203-091441.html
[2025-12-15 19:17:21] [MOVE] docs\reports\oberster-stein-report-20251203-095418.html -> docs\reports\oberster-stein-report-20251203-095418.html
[2025-12-15 19:17:21] [MOVE] docs\reports\oberster-stein-report-20251203-095828.html -> docs\reports\oberster-stein-report-20251203-095828.html
[2025-12-15 19:17:21] [MOVE] docs\reports\oberster-stein-report-20251203-110205.html -> docs\reports\oberster-stein-report-20251203-110205.html
[2025-12-15 19:17:21] [MOVE] docs\reports\oberster-stein-report-20251203-112556.html -> docs\reports\oberster-stein-report-20251203-112556.html
[2025-12-15 19:17:21] [MOVE] docs\reports\oberster-stein-report-20251203-163741.html -> docs\reports\oberster-stein-report-20251203-163741.html
[2025-12-15 19:17:21] [MOVE] docs\reports\oberster-stein-report-20251203-164104.html -> docs\reports\oberster-stein-report-20251203-164104.html
[2025-12-15 19:17:21] [MOVE] docs\reports\oberster-stein-report-20251203-164350.html -> docs\reports\oberster-stein-report-20251203-164350.html
[2025-12-15 19:17:21] [MOVE] docs\reports\oberster-stein-report-20251203-165110.html -> docs\reports\oberster-stein-report-20251203-165110.html
[2025-12-15 19:17:21] [MOVE] docs\reports\oberster-stein-report-20251203-165358.html -> docs\reports\oberster-stein-report-20251203-165358.html
[2025-12-15 19:17:21] [MOVE] docs\reports\oberster-stein-report-20251203-165647.html -> docs\reports\oberster-stein-report-20251203-165647.html
[2025-12-15 19:17:21] [MOVE] docs\reports\oberster-stein-report-20251203-182844.html -> docs\reports\oberster-stein-report-20251203-182844.html
[2025-12-15 19:17:21] [MOVE] docs\reports\oberster-stein-report-20251203-183145.html -> docs\reports\oberster-stein-report-20251203-183145.html
[2025-12-15 19:17:21] [MOVE] docs\reports\oberster-stein-report-20251203-183447.html -> docs\reports\oberster-stein-report-20251203-183447.html
[2025-12-15 19:17:21] [MOVE] docs\reports\oberster-stein-report-20251203-183751.html -> docs\reports\oberster-stein-report-20251203-183751.html
[2025-12-15 19:17:21] [MOVE] docs\reports\oberster-stein-report-20251203-184056.html -> docs\reports\oberster-stein-report-20251203-184056.html
[2025-12-15 19:17:21] [MOVE] docs\reports\oberster-stein-report-20251203-184405.html -> docs\reports\oberster-stein-report-20251203-184405.html
[2025-12-15 19:17:21] [MOVE] docs\reports\oberster-stein-report-20251203-184722.html -> docs\reports\oberster-stein-report-20251203-184722.html
[2025-12-15 19:17:21] [MOVE] docs\reports\oberster-stein-report-20251203-185029.html -> docs\reports\oberster-stein-report-20251203-185029.html
[2025-12-15 19:17:21] [MOVE] docs\reports\oberster-stein-report-20251203-185728.html -> docs\reports\oberster-stein-report-20251203-185728.html
[2025-12-15 19:17:21] [MOVE] docs\reports\oberster-stein-report-20251203-190029.html -> docs\reports\oberster-stein-report-20251203-190029.html
[2025-12-15 19:17:21] [MOVE] docs\reports\oberster-stein-report-20251203-190337.html -> docs\reports\oberster-stein-report-20251203-190337.html
[2025-12-15 19:17:21] [MOVE] docs\reports\oberster-stein-report-20251203-190643.html -> docs\reports\oberster-stein-report-20251203-190643.html
[2025-12-15 19:17:21] [MOVE] docs\reports\oberster-stein-report-20251203-190959.html -> docs\reports\oberster-stein-report-20251203-190959.html
[2025-12-15 19:17:21] [MOVE] docs\reports\oberster-stein-report-20251203-191311.html -> docs\reports\oberster-stein-report-20251203-191311.html
[2025-12-15 19:17:21] [MOVE] docs\reports\oberster-stein-report-20251203-191615.html -> docs\reports\oberster-stein-report-20251203-191615.html
[2025-12-15 19:17:21] [MOVE] docs\reports\oberster-stein-report-20251203-191924.html -> docs\reports\oberster-stein-report-20251203-191924.html
[2025-12-15 19:17:21] [MOVE] docs\reports\oberster-stein-report-20251203-192237.html -> docs\reports\oberster-stein-report-20251203-192237.html
[2025-12-15 19:17:21] [MOVE] docs\reports\oberster-stein-report-20251203-233912.html -> docs\reports\oberster-stein-report-20251203-233912.html
[2025-12-15 19:17:21] [MOVE] docs\reports\oberster-stein-report-20251203-234538.html -> docs\reports\oberster-stein-report-20251203-234538.html
[2025-12-15 19:17:21] [MOVE] docs\reports\oberster-stein-report-20251203-234918.html -> docs\reports\oberster-stein-report-20251203-234918.html
[2025-12-15 19:17:21] [MOVE] docs\reports\oberster-stein-report-20251203-235233.html -> docs\reports\oberster-stein-report-20251203-235233.html
[2025-12-15 19:17:21] [MOVE] docs\reports\oberster-stein-report-20251203-235614.html -> docs\reports\oberster-stein-report-20251203-235614.html
[2025-12-15 19:17:21] [MOVE] docs\reports\oberster-stein-report-20251203-235933.html -> docs\reports\oberster-stein-report-20251203-235933.html
[2025-12-15 19:17:21] [MOVE] docs\reports\oberster-stein-report-20251204-000253.html -> docs\reports\oberster-stein-report-20251204-000253.html
[2025-12-15 19:17:21] [MOVE] docs\reports\oberster-stein-report-20251204-000613.html -> docs\reports\oberster-stein-report-20251204-000613.html
[2025-12-15 19:17:21] [MOVE] docs\reports\oberster-stein-report-20251204-001018.html -> docs\reports\oberster-stein-report-20251204-001018.html
[2025-12-15 19:17:21] [MOVE] docs\reports\oberster-stein-report-20251210-205221.html -> docs\reports\oberster-stein-report-20251210-205221.html
[2025-12-15 19:17:21] [MOVE] docs\reports\oberster-stein-report-20251210-205402.html -> docs\reports\oberster-stein-report-20251210-205402.html
[2025-12-15 19:17:21] [MOVE] docs\reports\oberster-stein-report-20251210-205404.html -> docs\reports\oberster-stein-report-20251210-205404.html
[2025-12-15 19:17:21] [MOVE] docs\reports\oberster-stein-report-20251210-205407.html -> docs\reports\oberster-stein-report-20251210-205407.html
[2025-12-15 19:17:21] [MOVE] docs\reports\online-status-report.html -> docs\reports\online-status-report.html
[2025-12-15 19:17:21] [MOVE] docs\reports\portal-redesign-complete-report.html -> docs\reports\portal-redesign-complete-report.html
[2025-12-15 19:17:21] [MOVE] docs\reports\production-package-complete-report.html -> docs\reports\production-package-complete-report.html
[2025-12-15 19:17:21] [MOVE] docs\reports\size-analysis-report.html -> docs\reports\size-analysis-report.html
[2025-12-15 19:17:21] [MOVE] docs\reports\system-overhaul-complete-report.html -> docs\reports\system-overhaul-complete-report.html
[2025-12-15 19:17:21] [MOVE] docs\reports\system-status-report.html -> docs\reports\system-status-report.html
[2025-12-15 19:17:21] [MOVE] docs\reports\test-ergebnis-report.html -> docs\reports\test-ergebnis-report.html
[2025-12-15 19:17:21] [MOVE] docs\reports\test-ergebnisse-report.html -> docs\reports\test-ergebnisse-report.html
[2025-12-15 19:17:21] [MOVE] docs\reports\test-report-final.html -> docs\reports\test-report-final.html
[2025-12-15 19:17:21] [MOVE] docs\reports\test-status-report.html -> docs\reports\test-status-report.html
[2025-12-15 19:17:21] [MOVE] docs\reports\test-und-usb-boot-report.html -> docs\reports\test-und-usb-boot-report.html
[2025-12-15 19:17:21] [MOVE] docs\reports\testreport.html -> docs\reports\testreport.html
[2025-12-15 19:17:21] [MOVE] docs\reports\together-systems-meta-transaktionsportal-report.html -> docs\reports\together-systems-meta-transaktionsportal-report.html
[2025-12-15 19:17:21] [MOVE] docs\reports\vollstaendiger-test-und-build-report.html -> docs\reports\vollstaendiger-test-und-build-report.html
[2025-12-15 19:17:21] [MOVE] Fixpatch\repo\togethersystems-main\gentlyoverdone\Cms System Htm.htm -> system\cms\cms-system-htm.htm
[2025-12-15 19:17:21] [LEGACY] Fixpatch\repo\togethersystems-main\YORDY\downloaden.htm -> legacy\downloaden.htm
[2025-12-15 19:17:21] [LEGACY] Fixpatch\repo\togethersystems-main\[.FREUNDSCHAFTSGESCHENK.T,.&T,,.&T,,,.]\FORMELSAMMLUNG-TOGETHERSYSTEMS.html -> legacy\formelsammlung-togethersystems.html
[2025-12-15 19:17:21] [LEGACY] Fixpatch\repo\togethersystems-main\[.FREUNDSCHAFTSGESCHENK.T,.&T,,.&T,,,.]\README.html -> legacy\readme.html
[2025-12-15 19:17:21] [MOVE] gentlyoverdone\Cms System Htm.htm -> system\cms\cms-system-htm.htm
[2025-12-15 19:17:21] [MOVE] html_backup_20251215_182151\Fixpatch\repo\togethersystems-main\gentlyoverdone\Cms System Htm.htm -> system\cms\cms-system-htm.htm
[2025-12-15 19:17:21] [LEGACY] html_backup_20251215_182151\Fixpatch\repo\togethersystems-main\YORDY\downloaden.htm -> legacy\downloaden.htm
[2025-12-15 19:17:21] [LEGACY] html_backup_20251215_182151\Fixpatch\repo\togethersystems-main\[.FREUNDSCHAFTSGESCHENK.T,.&T,,.&T,,,.]\FORMELSAMMLUNG-TOGETHERSYSTEMS.html -> legacy\formelsammlung-togethersystems.html
[2025-12-15 19:17:21] [LEGACY] html_backup_20251215_182151\Fixpatch\repo\togethersystems-main\[.FREUNDSCHAFTSGESCHENK.T,.&T,,.&T,,,.]\README.html -> legacy\readme.html
[2025-12-15 19:17:21] [MOVE] html_backup_20251215_182151\gentlyoverdone\Cms System Htm.htm -> system\cms\cms-system-htm.htm
[2025-12-15 19:17:22] [LEGACY] html_backup_20251215_182151\YORDY\downloaden.htm -> legacy\downloaden.htm
[2025-12-15 19:17:22] [LEGACY] html_backup_20251215_182151\[.FREUNDSCHAFTSGESCHENK.T,.&T,,.&T,,,.]\FORMELSAMMLUNG-TOGETHERSYSTEMS.html -> legacy\formelsammlung-togethersystems.html
[2025-12-15 19:17:22] [LEGACY] html_backup_20251215_182151\[.FREUNDSCHAFTSGESCHENK.T,.&T,,.&T,,,.]\README.html -> legacy\readme.html
[2025-12-15 19:17:22] [MOVE] system\cms\cms-dashboard.html -> system\cms\cms-dashboard.html
[2025-12-15 19:17:22] [MOVE] system\cms\cms-fehler-analyse.html -> system\cms\cms-fehler-analyse.html
[2025-12-15 19:17:22] [MOVE] system\cms\cms-implementierungs-plan.html -> system\cms\cms-implementierungs-plan.html
[2025-12-15 19:17:22] [MOVE] system\cms\cms-system-jouwweb.html -> system\cms\cms-system-jouwweb.html
[2025-12-15 19:17:22] [MOVE] system\cms\verhalten-cms-jouwweb.html -> system\cms\verhalten-cms-jouwweb.html
[2025-12-15 19:17:22] [MOVE] system\encryption\encryption-dashboard.html -> system\encryption\encryption-dashboard.html
[2025-12-15 19:17:22] [MOVE] system\encryption\encryption-laboratory.html -> system\encryption\encryption-laboratory.html
[2025-12-15 19:17:22] [MOVE] system\neural-network\ai-neural-system.html -> system\neural-network\ai-neural-system.html
[2025-12-15 19:17:22] [MOVE] system\neural-network\ki-neural-network-implementation.html -> system\neural-network\ki-neural-network-implementation.html
[2025-12-15 19:17:22] [MOVE] system\neural-network\neural-network-console.html -> system\neural-network\neural-network-console.html
[2025-12-15 19:17:22] [MOVE] system\portal\benutzerhandbuch-portal-manifest-os.html -> system\portal\benutzerhandbuch-portal-manifest-os.html
[2025-12-15 19:17:22] [MOVE] system\portal\dating-portal.html -> system\portal\dating-portal.html
[2025-12-15 19:17:22] [MOVE] system\portal\developer-portal-together-systems.html -> system\portal\developer-portal-together-systems.html
[2025-12-15 19:17:22] [MOVE] system\portal\developer-portal.html -> system\portal\developer-portal.html
[2025-12-15 19:17:22] [MOVE] system\portal\development-guide-tel-portal.html -> system\portal\development-guide-tel-portal.html
[2025-12-15 19:17:22] [MOVE] system\portal\documentation-portal.html -> system\portal\documentation-portal.html
[2025-12-15 19:17:22] [MOVE] system\portal\doku-portal-animation.html -> system\portal\doku-portal-animation.html
[2025-12-15 19:17:22] [MOVE] system\portal\doku-portal-vollstaendig.html -> system\portal\doku-portal-vollstaendig.html
[2025-12-15 19:17:22] [MOVE] system\portal\global-healing-portal-wisdom-traditions.html -> system\portal\global-healing-portal-wisdom-traditions.html
[2025-12-15 19:17:22] [MOVE] system\portal\help-online-portal.html -> system\portal\help-online-portal.html
[2025-12-15 19:17:22] [MOVE] system\portal\help-portal.html -> system\portal\help-portal.html
[2025-12-15 19:17:22] [MOVE] system\portal\manifest-portal.html -> system\portal\manifest-portal.html
[2025-12-15 19:17:22] [MOVE] system\portal\portal.html -> system\portal\portal.html
[2025-12-15 19:17:22] [MOVE] system\portal\raymond-demitrio-tel-info-portal-html.html -> system\portal\raymond-demitrio-tel-info-portal-html.html
[2025-12-15 19:17:22] [MOVE] system\portal\setup-handbuch-portal.html -> system\portal\setup-handbuch-portal.html
[2025-12-15 19:17:22] [MOVE] system\portal\teladia-portal-redesign.html -> system\portal\teladia-portal-redesign.html
[2025-12-15 19:17:22] [MOVE] system\portal\teladia-portal.html -> system\portal\teladia-portal.html
[2025-12-15 19:17:22] [MOVE] system\portal\telbank-portal-negative-assets.html -> system\portal\telbank-portal-negative-assets.html
[2025-12-15 19:17:22] [MOVE] system\portal\togethersystems-enterprise-universe-licensed-space-t.t.-upload-portal.html -> system\portal\togethersystems-enterprise-universe-licensed-space-t.t.-upload-portal.html
[2025-12-15 19:17:22] [MOVE] system\portal\voucher-portal-funktionalitaetsbericht-de.html -> system\portal\voucher-portal-funktionalitaetsbericht-de.html
[2025-12-15 19:17:22] [MOVE] system\portal\voucher-portal-funktionalitaetsbericht-en.html -> system\portal\voucher-portal-funktionalitaetsbericht-en.html
[2025-12-15 19:17:22] [MOVE] system\portal\voucher-portal-funktionalitaetsbericht-nl.html -> system\portal\voucher-portal-funktionalitaetsbericht-nl.html
[2025-12-15 19:17:22] [LEGACY] YORDY\downloaden.htm -> legacy\downloaden.htm
[2025-12-15 19:17:22] [LEGACY] [.FREUNDSCHAFTSGESCHENK.T,.&T,,.&T,,,.]\FORMELSAMMLUNG-TOGETHERSYSTEMS.html -> legacy\formelsammlung-togethersystems.html
[2025-12-15 19:17:22] [LEGACY] [.FREUNDSCHAFTSGESCHENK.T,.&T,,.&T,,,.]\README.html -> legacy\readme.html
[2025-12-15 19:18:28] [UPDATED] app\admin\admin-monitoring.html
[2025-12-15 19:18:28] [UPDATED] app\admin\admin.html
[2025-12-15 19:18:28] [UPDATED] app\admin\business-admin.html
[2025-12-15 19:18:28] [UPDATED] app\dashboard\fabrikage-scripts-dashboard.html
[2025-12-15 19:18:28] [UPDATED] app\dashboard\production-dashboard.html
[2025-12-15 19:18:28] [UPDATED] app\dashboard\settings-master-dashboard.html
[2025-12-15 19:18:28] [UPDATED] legacy\asm.html
[2025-12-15 19:18:29] [UPDATED] legacy\checkpackage.util.ts.html
[2025-12-15 19:18:29] [UPDATED] legacy\complete-help-system.html
[2025-12-15 19:18:29] [UPDATED] legacy\da-vinci-enterprise-standard-integration.html
[2025-12-15 19:18:29] [UPDATED] legacy\deployment-anleitung.html
[2025-12-15 19:18:29] [UPDATED] legacy\developer-opportunity.html
[2025-12-15 19:18:29] [UPDATED] legacy\duurzaam-bouwen-nederland.html
[2025-12-15 19:18:29] [UPDATED] legacy\extended-fabrikation-ttt-standalone.html
[2025-12-15 19:18:29] [UPDATED] legacy\g0xbu-websdr-jodrell-1.html
[2025-12-15 19:18:29] [UPDATED] legacy\gitarrenakkordtransposer-ohne-build.html
[2025-12-15 19:18:29] [UPDATED] legacy\github-pages-links-fix.html
[2025-12-15 19:18:30] [UPDATED] legacy\help-getting-started.html
[2025-12-15 19:18:30] [UPDATED] legacy\help-honeycomb.html
[2025-12-15 19:18:30] [UPDATED] legacy\help-index.html
[2025-12-15 19:18:30] [UPDATED] legacy\honeycomb.html
[2025-12-15 19:18:30] [UPDATED] legacy\http.health.ts.html
[2025-12-15 19:18:30] [UPDATED] legacy\index.js.html
[2025-12-15 19:18:30] [UPDATED] legacy\integration-anleitung.html
[2025-12-15 19:18:30] [UPDATED] legacy\job-angebot-entwickler.html
[2025-12-15 19:18:30] [UPDATED] legacy\job-angebot-together-systems-developer.html
[2025-12-15 19:18:30] [UPDATED] legacy\legal-hub.html
[2025-12-15 19:18:30] [UPDATED] legacy\logger.provider.ts.html
[2025-12-15 19:18:30] [UPDATED] legacy\manifest-forum.html
[2025-12-15 19:18:30] [UPDATED] legacy\onairmultimedia-start-verteiler.html
[2025-12-15 19:18:30] [UPDATED] legacy\onairmultimedia-start.html
[2025-12-15 19:18:30] [UPDATED] legacy\os-geraete-und-plattformen.html
[2025-12-15 19:18:30] [UPDATED] legacy\ososos-complete-offline-os.html
[2025-12-15 19:18:30] [UPDATED] legacy\ostosos-ankuendigung.html
[2025-12-15 19:18:30] [UPDATED] legacy\ostosos-os-complete-system.html
[2025-12-15 19:18:31] [UPDATED] legacy\source-code-fach.html
[2025-12-15 19:18:31] [UPDATED] legacy\suos-braintext-system.html
[2025-12-15 19:18:31] [UPDATED] legacy\suppliers-story.html
[2025-12-15 19:18:31] [UPDATED] legacy\tel1.nl-parteiprogramm-interaktive-datenbank.html
[2025-12-15 19:18:31] [UPDATED] legacy\togethersystems-hub.html
[2025-12-15 19:18:31] [UPDATED] legacy\tsysytemst.html
[2025-12-15 19:18:31] [UPDATED] legacy\tt.ttt.software-freedom-conservancy.html
[2025-12-15 19:18:31] [UPDATED] legacy\visual-studio-code-tips-and-tricks.html
[2025-12-15 19:18:32] [UPDATED] legacy\whd-applikation-komplettes-single-file-system-ttt.html
[2025-12-15 19:18:32] [UPDATED] system\cms\cms-dashboard.html
[2025-12-15 19:18:32] [UPDATED] system\encryption\encryption-laboratory.html
[2025-12-15 19:18:32] [UPDATED] system\neural-network\neural-network-console.html
[2025-12-15 19:18:34] [UPDATED] system\portal\documentation-portal.html
[2025-12-15 19:18:34] [UPDATED] system\portal\help-online-portal.html
[2025-12-15 19:18:34] [UPDATED] system\portal\help-portal.html
[2025-12-15 19:18:34] [UPDATED] system\portal\manifest-portal.html
[2025-12-15 19:18:34] [UPDATED] system\portal\portal-start-nebula.html
[2025-12-15 19:18:34] [UPDATED] system\portal\portal-start.html
[2025-12-15 19:18:34] [UPDATED] system\portal\setup-handbuch-portal.html
[2025-12-15 19:18:34] [UPDATED] system\portal\teladia-portal-redesign.html
[2025-12-15 19:18:34] [UPDATED] system\portal\teladia-portal.html
[2025-12-15 19:18:34] [UPDATED] system\portal\togethersystems-enterprise-universe-licensed-space-t.t.-upload-portal.html
[2025-12-15 19:18:59] 
=== Reorganization Complete ===
[2025-12-15 19:18:59] Backup: D:\busineshuboffline CHATGTP\TOGETHERSYSTEMS- GITHUB\Nieuwe map (3)\html_backup_20251215_191529
[2025-12-15 19:18:59] Log: D:\busineshuboffline CHATGTP\TOGETHERSYSTEMS- GITHUB\Nieuwe map (3)\reorganization-report-20251215_191529.log
