[ 1:00:25,12] "=== FABRIKAGE ZERO-TOUCH INITIALIZATION ===" 
[ 1:00:25,20] "Starting at: 16/12/2025  1:00:25,19" 
[ 1:00:25,24] "Verifying system requirements..." 
[ 1:00:25,44] "System requirements verified successfully" 
[ 1:00:25,45] "Starting main execution sequence..." 
[ 1:00:25,47] "Creating system backup..." 
[ 1:00:27,76] "WARNING: Backup creation failed" 
[ 1:00:27,77] "Deploying core services..." 
[ 1:00:27,79] "Deploying service: processor" 
[ 1:00:28,05] "Service deployed: processor" 
[ 1:00:28,06] "Deploying service: validator" 
[ 1:00:28,28] "Service deployed: validator" 
[ 1:00:28,29] "Deploying service: deployer" 
[ 1:00:28,57] "Service deployed: deployer" 
[ 1:00:28,59] "Deploying service: monitor" 
[ 1:00:28,84] "Service deployed: monitor" 
[ 1:00:28,86] "Starting monitoring system..." 
[ 1:00:28,90] "Monitoring system started" 
[ 1:00:28,97] "Running self-healing routine..." 
[ 1:45:21,10] "Checking for updates..." 
[ 1:45:22,33] "Updates available, applying..." 
[ 1:45:22,35] "Applying system updates..." 
[ 1:45:22,83] "Updates applied successfully" 
[ 1:45:22,86] "=== EXECUTION COMPLETED SUCCESSFULLY ===" 
