**********************
Windows PowerShell transcript start
Start time: 20251213182251
Username: DESKTOP-U2AII26\Gebruiker
RunAs User: DESKTOP-U2AII26\Gebruiker
Configuration Name: 
Machine: DESKTOP-U2AII26 (Microsoft Windows NT 10.0.26100.0)
Host Application: C:\WINDOWS\System32\WindowsPowerShell\v1.0\powershell.exe
Process ID: 47324
PSVersion: 5.1.26100.7462
PSEdition: Desktop
PSCompatibleVersions: 1.0, 2.0, 3.0, 4.0, 5.0, 5.1.26100.7462
BuildVersion: 10.0.26100.7462
CLRVersion: 4.0.30319.42000
WSManStackVersion: 3.0
PSRemotingProtocolVersion: 2.3
SerializationVersion: 1.1.0.1
**********************
Transcript started, output file is D:\busineshuboffline CHATGTP\TOGETHERSYSTEMS- GITHUB\Nieuwe map (3)\FabricationSystem\FabricationFix_20251213_182251.log
=== Fabrication System Quick Fix ===
Started at: 12/13/2025 18:22:51
Root path: D:\busineshuboffline CHATGTP\TOGETHERSYSTEMS- GITHUB\Nieuwe map (3)\FabricationSystem
[18:22:52] Successfully imported FabricationSystem module
[18:22:52] Checking system status...


Name  : Memory
Key   : Memory
Value : {FreeGB, TotalGB, UsedPercent}

Name  : Timestamp
Key   : Timestamp
Value : 12/13/2025 6:22:54 PM

Name  : Disk
Key   : Disk
Value : {FreeGB, TotalGB, UsedPercent}

Name  : Mode
Key   : Mode
Value : Active

Name  : System
Key   : System
Value : {OS, Uptime}

Name  : Status
Key   : Status
Value : Operational

Name  : CPU
Key   : CPU
Value : {Load, Status}



[18:22:55] Starting Fabrication System in Active mode...
Fabrication System started in Active mode at 12/13/2025 18:22:55

=== Fix Complete ===
Log file: D:\busineshuboffline CHATGTP\TOGETHERSYSTEMS- GITHUB\Nieuwe map (3)\FabricationSystem\FabricationFix_20251213_182251.log
The system should now be running in Active mode.
**********************
Windows PowerShell transcript end
End time: 20251213182255
**********************
